>sq1;size=6648;
CTCGTGTCGTGAGATGTTGGGTTAAGTCCCGCAACGAGCGCAACCCTTGTCCTTAGTAGCCAGCAGTCAGATGGGCACTCTAGGGAGACTGCCAGGGATAACCTGGAGGAAGGTGGGGATGACGTCAAATCATCATGCCCCTTATGATTTGGGCTACACACGTGCTACAATGGCGTAAACAAAGTGAAGCGAAACCGCGAGGTCAAGCCAATCACAAAAATAACGTCTCAGTT
>sq2;size=16519;
CTCGTGTCGTGAGATGTTGGGTTAAGTCCCGCAACGAGCGCAACCCTTGTTCACTGTTGCCAGCACGTTATGGTGGGGACTCAGTGGAGACCGCCGGGGTCAACTCGGAGGAAGGTGGGGATGACGTCAAGTCATCATGCCCCTTATGTCCAGGGCTTCACGCATGCTACAATGGCTGGTACAGAGAGTGGCGAGCCTGTGAGGGTGAGCGAATCTCGGAAAGCCGGTCTCAG
>sq3;size=4901;
CTCGTGTCGTGAGATGTTGGGTTAAGTCCCGCAACGAGCGCAACCCTCGTCCAATGTTGCCAGCGGGTTATGCCGGGGACTCATTGGAGACCGCCGGGGTCAACTCGGAGGAAGGTGGGGATGACGTCAAGTCATCATGCCCCTTATGTCCAGGGCTTCACGCATGCTACAATGGCCGGTACAGTGAGCTGCGAGCCTGTGAGGGTGAGCGAATCTCTAAAAGCCGGTCTCAG
>sq4;size=3547;
CTCGTGTCGTGAGATGTTGGGTTAAGTCCCGCAACGAGCGCAACCCTCGTCCAATGTTGCCAGCGGGTTATGCCGGGGACTCATTGGAGACCGCCGGGGTCAACTCGGAGGAAGGTGGGGATGACGTCAAGTCATCATGCCCCTTATGTCCAGGGCTTCACGCATGCTACAATGGCCGGTACAAAGAGCTGCGAGCCTGTGAGGGTGAGCGAATCTCGGAAAGCCGGTCTCAG
>sq5;size=3172;
CTCGTGTCGTGAGATGTTGGGTTAAGTCCCGCAACGAGCGCAACCCTTGTCTTATGTTGCCAGCACTTTGGGTGGGGACTCATGAGAGACTGCCGGGGTTAACTCGGAGGAAGGTGGGGATGACGTCAAATCATCATGCCCTTTATGCCCAGGGCTTCACACATGCTACAATGGTTAGTACAACGCGCTGCGAACCTGTGAGGGTGAGCGAATCGCTGAAAGCTAATCTCAGT
>sq6;size=2949;
CTCGTGTCGTGAGATGTTGGGTTAAGTCCCGCAACGAGCGCAACCCTTGTCTTATGTTGCCAGCACGTTTTCAGGTGGGGACTCATGAGAGACTGCCGGGGTTAACTCGGAGGAAGGTGGGGATGACGTCAAATCATCATGCCCTTTATGCCCAGGGCTTCACACATGCTACAATGGTTAGTACAACGCGCTGCAAGCCTGTGAGGGTGAGCGAATCGCTGAAAGCTAATCTC
>sq7;size=2536;
CTCGTGTCGTGAGATGTTGGGTTAAGTCCCGCAACGAGCGCAACCCCTTTCGTATGTTACCATCATTAAGTTGGGGACTCATGCGATACTGCCTGCGATGAGCAGGAGGAAGGTGGGGATGACGTCAAGTCATCATGCCCCTTATACGCTGGGCTACACACGTGCTACAATGGGTAGTACAGAGAGTCGCAAAGCCGTGAGGTGGAGCTAATCTCAGAAAACTATTCTTAGTT
>sq8;size=2526;
CTCGTGTCGTGAGATGTTGGGTTAAGTCCCGCAACGAGCGCAACCCTTATCCTTACTTGCCAGCACTTTGGGTGGGAACTGTAAGGAGACTGCCGGTGACAAACCGGAGGAAGGTGGGGATGACGTCAAGTCATCATGGCCCTTACGGCCTGGGCTACACACGTGCTACAATGGTCGGTACAGACGGTAGCGAAGCCGCGAGGTGGAGCCAATCTGAGAAAGCCGATCGTAGT
>sq9;size=2366;
CTCGTGTCGTGAGATGTTGGGTTAAGTCCCGCAACGAGCGCAACCCTTGTCCTTAGTAGCCAGCAGTAAGATGGGGACTCTAAGGAGACAGACGGAGATAATCCGGAGGAAGATGGGGATGACGTCAAATCATCATGCCCCTTATGATTTGGGCTACACACGTGCTACAATGGCGTAAACAAAGAGAAGCAAGAGTGCGAGCTTAAGCAAATCTCAAAAATAACGTCTCAGTT
>sq10;size=1881;
CTCGTGTCGTGAGATGTTGGGTTAAGTCCCGCAACGAGCGCAACCCTTGTCCTTAGTAGCCAGCAGTTAGATGGGCACTCTAGGGAGACTGCCAGGGATAACCTGGAGGAAGGTGGGGATGACGTCAAATCATCATGCCCCTTATGATTTGGGCTACACACGTGCTACAATGGCGTAAACAAAGTGAAGCGAAACCGCGAGGTCAAGCGAATCACAAAAATAACGTCTCAGTT
>sq11;size=1491;
CTCGTGCCGTGAGGTGTCAGGTTAAGTCCTATAACGAGCGCAACCCCTGCCATTAGTTGCTAGCGAGTCGAGTCGAGCACTCTAGTGGGACTGCCGGTGCAAACCGTGAGGAAGGTGGGGATGACGTCAAATCATCACGGCCCTTACATCTTGGGCTACACACGTGCTACAATGGTCGTTACAGAGAGCAGCCACTGCGTGAGCAGGCGCGAATCTATAAAGACGATCACAGT
>sq12;size=1197;
CTCGTGTCGTGAGATGTTGGGTTAAGTCCCGCAACGAGCGCAACCCTTGTCTTATGTTGCCAGCACGTTTGGGTGGGGACTCATGAGAGACTGCCGGGGTTAACTCGGAGGAAGGTGGGGATGACGTCAAATCATCATGCCCTTTATGCCCAGGGCTTCACACATGCTACAATGGTTAGTACAACGCGCGGCAAACCTGTGAGGGTGAGCGAATCGCTGAAAGCTAATCTCAG
>sq13;size=1189;
CTCGTGTCGTGAGATGTTGGGTTAAGTCCCGCAACGAGCGCAACCCCTGTTCTTTGTTGCCATCACGTAAAGGTGGGCACTCAAAGGAGACTGCCGCGGAGAACGCGGAGGAAGGCGGGGATGACGTCAAGTCATCATGCCCCTTATGGTCTGGGCTACACACGTACTACAATGGAACGGACAGAGAGCAGCGAACCCGCGAGGGCAAGCGAACCTCAAAAACCGTTTCCCAG
>sq14;size=1081;
CTCGTGCCGTGAGGTGTCGGCTTAAGTGCCATAACGAGCGCAACCCTTGCCAATAGTTACCAGCATTTAGATGGGGACTCTATTGGGACTGCCACCGTAAGGTGTGAGGAAGGTGGGGATGACGTCAAATCAGCACGGCCCTTACGTCCGGGGCGACACACGTGTTACAATGGGGAGTACAGAGGGTTGCTACACCGCGAGGTGATGCTAATCCCTTAAAACTTTTCTCAGTT
>sq15;size=3116;
CTCGTGTCGTGAGATGTTGGGTTAAGTCCCGCAACGAGCGCAACCCCTGTCCCGTGTTGCCAGCGCGTGGTGGCGGGGACTCTCGGGAGACTGCCGGGGTCAACTCGGAGGAGGGTGGGGACGACGTCAAATCATCATGCCCCTGACGTCCTGGGCTTCACGCATGCTACAATGGCCGGTACAGAGGGTTGCGATGCCGTGAGGCGGGGCGAATCCCTTAAAGCCGGTCTCAG
>sq16;size=1136;
CTCGTGTCGTGAGATGTTTGGTTAAGTCCATCAACGAGCGCAACCCTTGCAACTAGTTGGATTTTTCTAGTTGGACTGCTTCGGTAACGGAGAGGAAGGAGGGGATGATGTCAGGTCAGTATTTCCCTTACGTCCTGGGCTAGAAACACGATACAATGGCTAGTACAATGCGCAGCAAAGCCGCGAGGTGGAGCAAATCGCATCAAAGCTAGTCCCAGTTCGGATTGGAGGCT
>sq17;size=1052;
CTCGTGTCGTGAGATGTTGGGTTAAGTCCCGCAACGAGCGCAACCCCTGTCCCGTGTTGCCAGCACGTCGTGGTGGGGACTCGCGGGAGACTGCCGGGGTCAACTCGGAGGAGGGTGGGGACGACGTCAAATCATCATGCCCCTTATGTCCTGGGCTTCACGCATGCTACAATGGCCGGTACAGAGGGTTGCGATGCCGTGAGGCGGGGCGAATCCCTTAAAGCCGGTCTCAG
>sq18;size=1166;
CTCGTGTCGTGAGATGTTGGGTTAAGTCCCGCAACGAGCGCAACCCTTGCCCTATGTTGCCAGCACGTGATGGTGGGGACTCGTGGGGGACTGCCGGGGTTAACTCGGAGGAAGGTGGGGATGACGTCAAATCATCATGCCCCTTATGTCTTGGGCTTCACGCATGCTACAATGGTTGGTACAGAGGGTTGCGATATCGTGAGGTGGAGCGAATCCCTTAAAGCCAGTCTCAG
>sq19;size=810;
CTCGTGTCGTGAGATGTTTGGTTAAGTCCATCAACGAGCGCAACCCTTGTGAATAGTTGAATTTTTCTATTCAGACTGCCCCGGCAACGGGGAGGAAGGAGGGGATGATGTCAGGTCAGTATTTCTCTTACATCCTGGGCTAGAAACGTGATACAATGGCAAGTACAATGCGCAGCGAAGCCGCGAGGTGAAGCAAATCGCACCAAAGCTTGTCCCAGTTCGGATTGGAGGCT
>sq20;size=812;
CTCGTGCCGTGAGGTGTCGGCTTAAGTGCCATAACGAGCGCAACCCTGACTGTCAGTTGCTAACAGGTTAAGCTGAGGACTCTGGCGGGACTGCCGGCGTAAGCTGTGAGGAAGGTTGGGATGACGTCAAATCAGCACGGCCCTTACATCCGGGGCGACACACGTGTTACAATGGCAGGGACAAAGGGCAGCTACCGAGCGATCGGATGCAAATCTCTAAACCCTGTCTCAGT
>sq21;size=724;
CTCGTGTCGTGAGATGTTGGGTTAAGTCCCGCAACGAGCGCAACCCCTTTCGTATGTTACCATCATTAAGTTGGGGACTCATGCGATACTGCCTGCGATGAGCAGGAGGAAGGTGGGGATGACGTCAAGTCATCATGCCCCTTATACGCTGGGCTACACACGTGCTACAATGGGTAGAACAGAGAGTTGCAAAGCCGTGAGGTGGAGCTAATCTCAGAAAACTATTCTTAGTT
>sq22;size=653;
CTCGTGTCGTGAGATGTTGGGTTAAGTCCCGCAACGAGCGCAACCCCTATCTTATGTTGCCAGCACTTTGGGTGGGAACTCATGAGAGACTGCTGCAGACAATGCGGAGGAAGGCGGGGATGACGTCAAATCATCATGCCCCTTATGACCTGGGCTACACACGTACTACAATGGGAGTTAATAGACGGAAGCGAGATCGCGAGATGGAGCAAACCCGAGAAACACTCTCTCAG
>sq23;size=703;
CTCGTGCCGTGAGGTGTCGGCTTAAGTGCCATAACGAGCGCAACCCCCGTCTTCAGTTGCCATCGGGTAATGCCGGGCACTCTGGAGATACTGCCACCGCAAGGTGTGAGGAAGGTGGGGATGACGTCAAATCAGCACGGCCCTTACGTCCGGGGCTACACACGTGTTACAATGGCGCATACAGAGAGTAGGTGGCATGCGAATGCCATCCAATCCTTAAAGTGCGTCTCAGT
>sq24;size=722;
CTCGTGTCGTGAGATGTTGGGTTAAGTCCCGCAACGAGCGCAACCCTTGTCCCGTGTTGCCAGCGCGTGGTGGCGGGGACTCGCGGGAGACTGCCGGGGTTAACTCGGAGGAGGGTGGGGACGACGTCAAATCATCATGCCCCTTATGTCTTGGGCTTCACGCATGCTACAATGGCCGGTACAGTGGGTTGCGATGTCGTGAGGCGGAGCGGATCCCTTAAAGCCGGTCTCAG
>sq25;size=585;
CTCGTGTCGTGAGATGTTGGGTTAAGTCCCGCAACGAGCGCAACCCTTGTCTTATGTTGCCAGCACGTTGAGGGTGGGGACTCATGAGAGACTGCCGGGGTTAACTCGGAGGAAGGTGGGGATGACGTCAAATCATCATGCCCTTTATGCCCAGGGCTTCACACATGCTACAATGGTTAGTACAACGCGCTGCAAGCCTGTGAGGGTGAGCGAATCGCTGAAAGCTAATCTCA
>sq26;size=624;
CTCGTGTCGTGAGATGTTGGGTTAAGTCCCGCAACGAGCGCAACCCTTATCCTTACTTGCCAGCACTTAGGGTGGGAACTGTAAGGAGACTGCCGGTGACAAGCCGGAGGAAGGTGGGGATGACGTCAAGTCATCATGGCCCTTACGGCCTGGGCTACACACGTGCTACAATGGTCGGTACAGACGGTAGCGAAGCCGCGAGGTGGAGCCAATCTGAGAAAGCCGGTCGTAGT
>sq27;size=599;
CTCGTGTCGTGAGATGTTGGGTTAAGTCCCGCAACGAGCGCAACCCTTGTCTCGTGTTGCCAGCACGTTGTGGTGGGGACTCGCGGGAGACTGCCGGGGTCAACTCGGAGGAAGGTGGGGATGACGTCAAATCATCATGCCCCTTATGTCTTGGGCTTCACGCATGCTACAATGGCCGGTACAGAGGGCTGCGATACCGTGAGGTGGAGCGAATCCCTTAAAGCCGGTCTCAG
>sq28;size=620;
CTCGTGTCGTGAGATGTTGGGTTAAGTCCCGCAACGAGCGCAACCCTTGTCGTCAGTAGCCAGCAGTAAGATGGGCACTCTGACGAGACAGCCGGAGATAATCCGGAGGAAGGTGGGGATGACGTCAAATCATCATGCCCCTTATGATTTGGGCTACACACGTGCTACAATGGCGTAAACAAAGTGAAGCAAAGCTGCGAAGCCAAGCAAATCACAAAAATAACGTCTCAGTT
>sq29;size=562;
CTCGTGTCGTGAGATGTTGGGTTAAGTCCCGCAACGAGCGCAACCCCTGTTCTTTGTTGCCAGCATGTAAGGATGGGCACTCAAAGGAGACTGCCGCGGAGAACGCGGAGGAAGGCGGGGATGACGTCAAGTCATCATGCCCCTTATGGTCTGGGCTACACACGTACTACAATGGGACGGACAGAGGGCAGCGAGAGAGTGATCTTAAGCGAATCTCAAAAACCGTTTCTCAG
>sq30;size=524;
CTCGTGTCGTGAGATGTTGGGTTAAGTCCCGCAACGAGCGCAACCCTTGTCTTATGTTGCCAGCACGTTGAGGGTGGGGACTCATGAGAGACTGCCGGGGTTAACTCGGAGGAAGGTGGGGATGACGTCAAATCATCATGCCCTTTATGCCCAGGGCTTCACACATGCTACAATGGTTAGTACAACGCGCTGCGAGCCTGTGAGGGTGAGCGAATCGCTGAAAGCTAATCTCA
>sq31;size=522;
CTCGTGTCGTGAGATGTTGGGTTAAGTCCCGCAACGAGCGCAACCCCTGTTCTTTGTTGCCAGCATGTAAAGATGGGCACTCAAAGGAGACTGCCGCGGAGAACGCGGAGGAAGGCGGGGATGACGTCAAGTCATCATGCCCCTTATGGTCTGGGCTACACACGTACTACAATGGGACGGACAGAGGGCAGCGAGAGAGTGATCTTAAGCGAATCTCAAAAACCGTTTCTCAG
>sq32;size=563;
CTCGTGTCGTGAGATGTTGGGTTAAGTCCCGCAACGAGCGCAACCCCTATCTTATGTTGCCAGCACATAATGGTGGGAACTCATGAGAGACTGCCGCAGACAATGCGGAGGAAGGCGGGGATGACGTCAAATCATCATGCCCCTTATGACCTGGGCTACACACGTACTACAATGGGAGTTAATAGACGGAAGCGAGATCGCGAGATGGAGCAAACCCGAGAAACACTCTCTCA
>sq33;size=594;
CTCGTGTCGTGAGATGTTGGGTTAAGTCCCGCAACGAGCGCAACCCTTGTCATTAGTTGCCATCATTAAGTTGGGCACTCTAGTGAGACTGCCGGGGACAACTCGGAGGAAGGTGGGGATGACGTCAAATCATCATGCCCCTTATGTTCTGGGCTACACACGTGCTACAATGGCTGGTACAAAGAGAAGCAAGACCGCAAGGTGGAGCAAAGCTCAAAAACCAGCCCCAGTTC
>sq34;size=517;
CTCGTGTCGTGAGATGTTGGGTTAAGTCCCGCAACGAGCGCAACCCCTTTCGTATGTTACCATCATTAAGTTGGGGACTCATGCGATACTGCCTACGATGAGTAGGAGGAAGGTGGGGATGACGTCAAGTCATCATGCCCCTTATACGCTGGGCTACACACGTGCTACAATGGGTAGAACAGAGAGTTGCAAAGCCGTGAGGTGAAGCTAATCTCAGAAAACTATTCTTAGTT
>sq35;size=490;
CTCGTGTCGTGAGATGTTGGGTTAAGTCCCGCAACGAGCGCAACCCTTGCCCTATGTTGCCAGCACGTGATGGTGGGGACTCGTGGGGGACTGCCGGGGTTAACTCGGAGGAAGGTGGGGATGACGTCAAATCATCATGCCCCTTATGTCTTGGGCTTCACGCATGCTACAATGGTTGGTACAGAGGGTTGCGATACTGTGAGGTGGAGCGAATCCCTTAAAGCCAGTCTCAG
>sq36;size=465;
CTCGTGTCGTGAGATGTTGGGTTAAGTCCCGCAACGAGCGCAACCCCTGTTCTTTGTTGCCATCAGGTGAAGCTGGGCACTCAAAGGAGACTGCCGCGGAGAACGCGGAGGAAGGCGGGGATGACGTCAAGTCATCATGCCCCTTATGGTCTGGGCTACACACGTACTACAATGGAGTGGACAGAGAGCAGCAAGAGAGCGATCTTAAGCGAACCTCAAAAACCACTTCCCAG
>sq37;size=435;
CTCGTGTCGTGAGATGTTGGGTTAAGTCCCGCAACGAGCGCAACCCTTGTCTTATGTTGCCAGCACGTTTTGGTGGGGACTCATGAGAGACTGCCGGGGTTAACTCGGAGGAAGGTGGGGATGACGTCAAATCATCATGCCCTTTATGCCCAGGGCTTCACACATGCTACAATGGTTAGTACAACGCGCTGCGAGCCTGTGAGGGTGAGCGAATCGCTGAAAGCTAATCTCAG
>sq38;size=517;
CTCGTGCCGTGAGGTGTCGGCTTAAGTGCCATAACGAGCGCAACCCCCGTCTTCAGTTGCCATCGGATGATGCCGGGCACTCTGGAGATACTGCCACCGCAAGGTGTGAGGAAGGTGGGGATGACGTCAAATCAGCACGGCCCTTACGTCCGGGGCTACACACGTGTTACAATGGCGCATACAGAGAGTCGGTGGCATGCGAGTGCCATCCAATCCTTAAAGTGCGTCTCAGT
>sq39;size=431;
CTCGTGTCGTGAGATGTTGGGTTAAGTCCCGCAACGAGCGCAACCCCTGTCCCGTGTTGCCAGCACGTTGTGGTGGGGACTCGCGGGAGACTGCCGGGGTCAACTCGGAGGAGGGTGGGGATGACGTCAAATCATCATGCCCCTTATGTCTTGGGCTTCACGCATGCTACAATGGCCGGTACAGAGGGCTGCGATGCCGTGAGGTGGAGCGAATCCCTTAAAGCCGGTCTCAG
>sq40;size=480;
CTCGTGTCGTGAGATGTTGGGTTAAGTCCCGCAACGAGCGCAACCCTTATTGTTAGTTGCCATCATTCAGTTGGGCACTCTAGCGAGACTGCCGGTAATAAACCGGAGGAAGGTGGGGATGACGTCAAATCATCATGCCCCTTATGACCTGGGCTACACACGTGCTACAATGGCTGGTACAACGAGTCGCAAGTCGGTGACGGCAAGCTAATCTCTTAAAGCCAGTCTCAGTT
>sq41;size=420;
CTCGTGCCGTGAGGTGTCAGGTTAAGTCCTATAACGAGCGCAACCCCTGCCATTAGTTGCTAGCGAGTCAAGTCGAGCACTCTAGTGGGACTGCCGGTGCAAACCGTGAGGAAGGTGGGGATGACGTCAAATCATCACGGCCCTTACATCTTGGGCTACACACGTGCTACAATGGTCGTTACAGAGAGCAGCCACTGCGTGAGCAGGCGCGAATCTATAAAGACGATCACAGT
>sq42;size=446;
CTCGTGTCGTGAGATGTTGGGTTAAGTCCCGCAACGAGCGCAACCCCTGTTCTTTGTTGCCATCAGGTAGAGCTGGGCACTCAAAGGAGACTGCCGCGGAGAACGCGGAGGAAGGCGGGGATGACGTCAAGTCATCATGCCCCTTATGGTCTGGGCTACACACGTACTACAATGGAACGGACAGAGAGCAGCGAACCCGCGAGGGCAAGCGAACCTCAAAAACCGTTTCCCAG
>sq43;size=382;
CTCGTGCCGTGAGGTGTCGGCTTAAGTGCCATAACGAGCGCAACCCCTTTTTTCAGTTGCCATCGGGTGATGCCGGGCACTCTGAAGATACTGCCACCGTAAGGTGTGAGGAAGGTGGGGATGACGTCAAATCAGCACGGCCCTTACGTCCGGGGCTACACACGTGTTACAATGGCGCATACAGATTGTTGGTTGTATGTAAATACGATCTAATCTTGAAAGTGCGTCTCAGT
>sq44;size=446;
CTCGTGTCGTGAGATGTTGGGTTAAGTCCCGCAACGAGCGCAACCCTTGTCATTAGTTGCTACGAAAGGGCACTCTAATGAGACTGCCGGTGACAAACCGGAGGAAGGTGGGGATGACGTCAGGTCATCATGGCCCTTATGGGTAGGGCTACACACGTCATACAATGGCCGGGACAGAGGGCTGCCAACCCGCGAGGGGGAGCTAATCCCAGAAACCCGGTCGTAGTCCGGAT
>sq45;size=359;
CTCGTGCCGTGAGGTGTCGGCTTAAGTGCCATAACGAGCGCAACCCTTGCCAATAGTTACCAGCATTCAGATGGGGACTCTATTGGGACTGCCACCGTAAGGTGCGAGGAAGGTGGGGATGACGTCAAATCAGCACGGCCCTTACGTCCGGGGCGACACACGTGTTACAATGGGGAGTACAGAGGGTTGCTACACCGCGAGGTGATGCTAATCCCTTAAAACTTTTCTCAGTT
>sq46;size=337;
CTCGTGTCGTGAGATGTTGGGTTAAGTCCCGCAACGAGCGCAACCCCTATCTTATGTTGCCAGCACTTCGGGTGGGAACTCATGAGAGACTGCCGCAGACAATGCGGAGGAAGGCGGGGATGACGTCAAATCATCATGCCCCTTATGACCTGGGCTACACACGTACTACAATGGGAGTTAATAGACGGAAGCGAAACCGCGAGGTGGAGCAAACCCGAGAAACACTCTCTCAG
>sq47;size=319;
CTCGTGTCGTGAGATGTTGGGTTAAGTCCCGCAACGAGCGCAACCCCTGTTCTTTGTTGCCATCACGTTATGGTGGGCACTCAAAGGAGACTGCCGCGGAGAACGCGGAGGAAGGCGGGGATGACGTCAAGTCATCATGCCCCTTATGGTCTGGGCTACACACGTACTACAATGGAACGGACAGAGAGCAGCGAACCCGCGAGGGCAAGCGAACCTCAAAAACCGTTTCCCAG
>sq48;size=313;
CTCGTGTCGTGAGATGTTGGGTTAAGTCCCGCAACGAGCGCAACCCTTGTCTCTAGTTGCTACGAAAGGGCACTCTAGAGAGACTGCCGGTGACAAACCGGAGGAAGGTGGGGATGACGTCAAGTCCTCATGGCCCTTATGGGTAGGGCTTCACACGTCATACAATGGTGCATACAGAGGGTTGCCAAGCCGCGAGGTGGAGCTAATCCCAGAAAATGCATCGTAGTCCGGAT
>sq49;size=297;
CTCGTGCCGTGAGGTGTCGGCTTAAGTGCCATAACGAGCGCAACCCCCTTTCCCAGTTGCCATCGGGTTATGCCGGGCACTCTGGGGACACTGCCACCGCAAGGTGCGAGGAAGGTGGGGATGACGTCAAATCAGCACGGCCCTTACGTCCGGGGCTACACACGTGTTACAATGGCCGGTACAGAGGGACGGTGTAACGCAAGTTGCATCCAATCTTGAAATCCGGTCCCAGT
>sq50;size=332;
CTCGTGTCGTGAGATGTTGGGTTAAGTCCCGCAACGAGCGCAACCCTTTTCCTTATTTGCCAGCGGGTTAAGCCGGGAACTTTAAGGATACTGCCAGTGACAAACTGGAGGAAGGCGGGGACGACGTCAAGTCATCATGGCCCTTACGACCAGGGCTACACACGTGCTACAATGGTCGGTACAAAGGGTTGCTACCTAGCGATAGGATGCTAATCTCAAAAAGCCGATCGTAG
>sq51;size=289;
CTCGTGTCGTGAGATGTTGGGTTAAGTCCCGCAACGAGCGCAACCCTTGTCATTAGTTGCCATCATTTAGTTGGGCACTCTAATGAGACTGCCGGTGACAAGCCGGAGGAAGGTGGGGATGACGTCAAGTCCTCATGGCCCTTATGACCAGGGCTTCACACGTCATACAATGGTCGGTACAGAGGGTAGCCAAGCCGCGAGGTGGAGCCAATCTCACAAAACCGATCGTAGTC
>sq52;size=381;
CTCGTGTCGTGAGATGTTGGGTTAAGTCCCGCAACGAGCGCAACCCCTATTGTTAGTTGCCATCATTTAGTTGGGCACTCTAGCGAGACTGCCGGTAATAAACCGGAGGAAGGTGGGGATGACGTCAAATCATCATGCCCCTTATGACCTGGGCTACACACGTGCTACAATGGCTGGTACAACGAGTCGCAAGCCGGTGACGGCAAGCTAATCTCTTAAAGCCAGTCTCAGTT
>sq53;size=279;
CTCGTGTCGTGAGATGTTGGGTTAAGTCCCGTAACGAGCGCAACCCCTATGGCTAGTTGCTAACATTAAGTTGAGGACTCTAGCAAGACTGCCGTTGTTAAAACGGAGGAAGGTGGGGACGACGTCAAATCATCATGCCCTTTATGTCCTGGGCTACACACGTACTACAATGGGTAAGACAGAGGGAAGCGAAAGTGCGAATTGGAGCAAAACCCTAAACTTATTCTCAGTTC
>sq54;size=302;
CTCGTGCCGTGAGGTGTTGGGTTAAGTCCCGCAACGAGCGCAACCCCTACTGCCGGTTACTAACAGGTAGCGCTGAGGACTCAGGCGGAACTGCCTGCGACAAGCAGGAGGAAGGCGGGGACGACGTCAAGTCATCATGGCCCTTATGTCCAGGGCTACACACGTGCTACAATGGCCGCCACAGAGCGGAGCGAAGCCGAGAGGCGGAGCAGAACGCAGAAAAGCGGTCGTAG
>sq55;size=254;
CTCGTGTCGTGAGATGTTGGGTTAAGTCCCGCAACGAGCGCAACCCTTATTGTTAGTTGCCATCATTCAGTTGGGCACTCTAGCGAGACTGCCGGTAATAAACCGGAGGAAGGTGGGGATGACGTCAAATCATCATGCCCCTTATGACCTGGGCTACACACGTGCTACAATGGCTGGTACAACGAGTCGCAAGCCGGTGACGGCAAGCTAATCTCTGAAAGCCAGTCTCAGTT
>sq56;size=274;
CTCGTGTTGTGAAATGTTGGGTTAAGTCCCGCAACGAGCGCAACCCTTATCCTTTGTTGCCAGCGATTCGGTCGGGAACTCAAAGGAGACTGCCGGTGATAAACCGGAGGAAGGTGGGGATGACGTCAAGTCATCATGGCCCTTACGAGTAGGGCTACACACGTGCTACAATGGCGTATACAGAGGGCGACGAAGCCGCGAGGTGGAGTGAATCTCACAAAGTACGTCTAAGT
>sq57;size=220;
CTCGTGTCGTGAGATGTTGGGTTAAGTCCCGTAACGAGCGCAACCCCTATGGCTAGTTGCTAACATTAAGTTGAGGACTCTAGCAAAACTGCCGTTGTTAAAACGGAGGAAGGTGGGGACGACGTCAAATCATCATGCCCTTTATGTCCTGGGCTACACACGTACTACAATGGGTAAGACAGAGGGAAGCGAAAGTGCGAATTGGAGCAAAACCCTAAACTTATTCTCAGTTC
>sq58;size=193;
CTCGTGTCGTGAGATGTTGGGTTAAGTCCCGCAACGAGCGCAACCCCTTTCGTATGTTACCATCATTAAGTTGGGGACTCATGCGATACTGCCTACGATGAGTAGGAGGAAGGTGGGGATGACGTCAAGTCATCATGCCCCTTATACGCTGGGCTACACACGTGCTACAATGGGTAGAACAGAGAGTTGCAAAGCTGTGAAGTGGAGCTAATCTCAGAAAACTATTCTTAGTT
>sq59;size=201;
CTCGTGTCGTGAGATGTTGGGTTAAGTCCCGCAACGAGCGCAACCCTTGTCTCGTGTTGCCAGCAGGTTGGGCTGGGGACTCACGGGAGACTGCCGGGGTTAACTCGGAGGAAGGTGGGGATGACGTCAAATCATCATGCCCCTTATGTCTTGGGCTTCACGCATGCTACAATGGCCGGTACAGAGGGTTGCGATATCGTGAGGTGGAGCGAATCCCTTAAAGTCGGTCTCAG
>sq60;size=195;
CTCGTGTCGTGAGATGTTGGGTTAAGTCCCGCAACGAGCGCAACCCTTGTCTTTAGTTGCCAGCATTTAGTTGGGCACTCTAGAGAGACTGCCAGGGATAACCTGGAGGAAGGTGGGGATGACGTCAAATCATCATGCCCCTTATGCTTAGGGCTACACACGTGCTACAATGGGTGGTACAGAGGGTTGCCAAACCGTGAGGTGGAGCCAATCCCTTAAAGCCATTCTCAGTT
>sq61;size=183;
CTCGTGTCGTGAGATGTTGGGTTAAGTCCCGCAACGAGCGCAACCCTTATCATTAGTTGCTACGCAAGGGCACTCTAATGAGACTGCCGGTGACAAACCGGAGGAAGGTGGGGATGACGTCAAGTCCTCATGGCCCTTATGTGTAGGGCTTCACACGTCATACAATGGTCGGTACAGAGGGTTGCGAAGCCGTGAGGTGGAGCCAATCCCAGAAAACCGATCGTAGTCCGGAT
>sq62;size=221;
CTCGTGTCGTGAGATGTTTGGTTAAGTCCATCAACGAGCGCAACCCTTGCAACCAGTTGTATTTTTCTGGTAGGACTGCCCCGGTAACGGGGAGGAAGGAGGGGATGATGTCAGGTCAGTATTTCCCTTACGCCTTGGGCTAGAATCGCGCTACAATGGCTGGTACAATGCGAAGCGAAGCAGTGATGTGAAGCAAATCGCACCAAAGCCAGTCCCAGTTCGGATAGAAGGCT
>sq63;size=180;
CTCGTGTCGTGAGATGTTGGGTTAAGTCCCGCAACGAGCGCAACCCTTGTCGTCAGTAGCCAGCAGTAAGATGGGCACTCTGACGAGACAGCCGGAGATAATCCGGAGGAAGGTGGGGATGACGTCAAATCATCATGCCCCTTATGATTTGGGCTACACACGTGCTACAATGGCGTAAACAAAGTGAAGCAAGACCGCGAGGTTAAGCAAATCACAGAAATAACGTCTCAGTT
>sq64;size=169;
CTCGTGTCGTGAGATGTTAGGTTAAGTCCTTCAACGAGCGCAACCCTTGTGAATAGTTGTATTTTTCTATTCAGACTGCCCCGGTAACGGGGAGGAAGGAGGGAATGATGTCAGGTCAGTATTTCCCTTACGTCCTGGGCTAGAAACGTAATACAATGGCTAGTACAATGCGCAGCGAAGCCGCGAGGTGAAGCAAATCGCATCAAAGCTAGTCCCAGTTCGGATTGCAGGCT
>sq65;size=149;
CTCGTGTCGTGAGATGTTGGGTTAAGTCCCGCAACGAGCGCAACCCCTTTCGTATGTTACCATCATTAAGTTGGGGACTCATGCGATACTGCCTACGATGAGTAGGAGGAAGGTGGGGATGACGTCAAGTCATCATGCCCCTTATACGCTGGGCTACACACGTGCTACAATGGGTAGTACAGAGAGTCGCAAAGCCGCGAGGTGGAGCTAATCTCAGAAAACTATTCTTAGTT
>sq66;size=134;
CTCGTGTCGTGAGATGTTGGGTTAAGTCCCGCAACGAGCGCAACCCCTATTCTCTGTTGCCAGCACGCGAAGGTGGGAACTCAGAGGAGACTGCCGCGGACAACGCGGAGGAAGGCGGGGATGACGTCAAGTCATCATGCCCCTTATGTCCTGGGCTACACACGTACTACAATGGGATGGACAGAGAGCAGCGAAGCCGCGAGGCCGAGCGAACCCCAAAAACCATTTCCCAG
>sq67;size=157;
CTCGTGCCGTGAGGTGTCAGGTTAAGTCCTATAACGAGCGCAACCCCTGCCATTAGTTGCTAACGAGTAAGGTCGAGCCCTCTAATGGGACTGCCGGTGCAAACCGTGAGGAAGGTGGGGATGACGTCAAATCATCACGGCCCTTACATCTTGGGCTACACACGTGCTACAATGGTCGTTACAGAGAGCAGCCACTGCGTGAGCAGGCGCGAATCTATAAAGACGGTCACAGT
>sq68;size=206;
CTCGTGTTGTGAAATGTTGGGTTAAGTCCCGCAACGAGCGCAACCCTTATCCTTTGTTGCCAGCACGTAATGGTGGGAACTCAAAGGAGACTGCCGGTGACAAACCGGAGGAAGGTGGGGATGACGTCAAGTCATCATGGCCCTTACGAGTAGGGCTACACACGTGCTACAATGGCGTATACAGAGGGTAACGAAGCTGCGAGGTGGAGTGAATCTCATAAAGTACGTCTAAG
>sq69;size=169;
CTCGTGCCGTGAGGTGTTGGGTTAAGTCCCGCAACGAGCGCAACCCCTACTGCCAGTTACTAACAGGTAAAGCTGAGGACTCTGGCGGAACTGCCGGTGACAAACCGGAGGAAGGTGGGGATGACGTCAAGTCATCATGGCCCTTATGTCCAGGGCTACACACGTGCTACAATGGTAGGAACAAAGTGAGGCGAAGCTGCAAAGCGGAGCAAAACGCAAAAAAACTATCGTAG
>sq70;size=150;
CTCGTGTCGTGAGATGTTGGGTTAAGTCCCGCAACGAGCGCAACCCTTATATCTAGTTGCCAGCAGTAAGATGGGGACTCTAGATAGACTGCCAGTGATAAACTGGAGGAAGGTGGGGATGACGTCAAATCATCATGCCCCTTATGACTTGGGCTACACACGTGCTACAATGGATAGGAACAAAGAGAAGCGAGCTCGCGAGAGTAAGCAAACCTCACAAAACTATTCTCAGT
>sq71;size=142;
CTCGTGTCGTGAGATGTTGGGTTAAGTCCCGCAACGAGCGCAACCCCTATCTTATGTTGCCAGCACTTCGGGTGGGAACTCATGAGAGACTGCCGCAGACAATGCGGAGGAAGGCGGGGATGACGTCAAATCATCATGCCCCTTATGACCTGGGCTACACACGTACTACAATGGGAGTTAATAGACGGAAGCGAGATCGCGAGATGGAGCAAACCCGAGAAACACTCTCTCAG
>sq72;size=152;
CTCGTGTCGTGAGATGTTGGGTTAAGTCCCGCAACGAGCGCAACCCTCGTTCTATGTTGCCAGCACGTCATGGTGGGAACTCATGGAATACTGCCGGGGTCAACTCGGAGGAAGGTGAGGATGACGTCAAATCATCATGCCCCTTATGTCTTGGGCTTCACGCATGCTACAATGGCCGGTACAATGGGCTGCAATACCGCAAGGTGGAGCGAATCCCAAAAAGCCGGTCCCAG
>sq73;size=132;
CTCGTGCCGTGAGGTGTCGGCTTAAGTGCCATAACGAGCGCAACCCCTTTCTTCAGTTGCCATCAGGTGATGCTGGGCACTCTGTAGATACTGCCACCGCAAGGTGTGAGGAAGGTGGGGATGACGTCAAATCAGCACGGCCCTTACGTCCGGGGCTACACACGTGTTACAATGGCCGGTACAGAGAGTTGATTTTGTGCAAACACGATCCAATCCTTAAATCCGGTCCCAGT
>sq74;size=146;
CTCGTGCCGTGAGGTGTCGGCTTAAGTGCCATAACGAGCGCAACCCCTGTCTACGGTTGCCATCAGGTAATGCTGGGAACTCCGTAGAGACTGCCGTCGTAAGGCGTGAGGAAGGTGGGGATGACGTCAAATCAGCACGGCCCTTACATCCGGGGCGACACACGTGTTACAATGGTGGGGACAAAGGGCAGCTACCTGGCGACAGGATGCGAATCTCCAAACCCCATCACAGT
>sq75;size=118;
CTCGTGCCGTGAGGTGTCAGGTTAAGTCCTATAACGAGCGCAACCCCTGCCATTAGTTGCTAACGAGTGAGGTCGAGCCCTCTAGTGGGACTGCCGGTGCAAACCGTGAGGAAGGTGGGGATGACGTCAAATCATCACGGCCCTTACATCTTGGGCTACACACGTGCTACAATGGCCGTTACAGAGAGCAGCCACTGCGTGAGCAGGCGCGAATCTATAAAGACGGTCACAGT
>sq76;size=88;
CTCGTGTCGTGAGATGTTGGGTTAAGTCCCGCAACGAGCGCAACCCCTGTTCTTTGTTGCCATCACGTAAAGGTGGGCACTCAAAGGAGACTGCCGCGGAGAACGCGGAGGAAGGCGGGGATGACGTCAAGTCATCATGCCCCTTATGGTCTGGGCTACACACGTACTACAATGGAGTGGACAGAGAGCAGCAAGAGAGCGATCTGGAGCGAACCTCAAAAACCACTTCCCAG
>sq77;size=101;
CTCGTGCCGTGAGGTGTCGGCTTAAGTGCCATAACGAGCGCAACCCCTTTTCTTAGTTGCCATCGGGTAATGCCGGGCACTCTGGGAATACTGCCACCGTAAGGTGTGAGGAAGGTGGGGATGACGTCAAATCAGCACGGCCCTTACGTCCGGGGCTACACACGTGTTACAATGGCGCATACAGATTGTTGGTTGTGTGTAAATACGATCTAATCTTTAAAGTGCGTCTCAGT
>sq78;size=82;
CTCGTGTCGTGAGATGTTGGGTTAAGTCCCGCAACGAGCGCAACCCTCGCCATTAGTTGCCATCATTTAGTTGGGAACTCTAATGGGACTGCCGATGCTAAGCCGGAGGAAGGTAGGGATGACGTCAAGTCCTCATGGCCCTTACAGGGTGGGCTACACACGTGCTACAATGGCGACTACAGAGGGTTAATCCTTAAAAGTCGTCTCAGTTCGGATTGTCCTCTGCAACTCGA
>sq79;size=80;
CTCGTGCCGTGAGGTGTTGGGTTAAGTCCCGCAACGAGCGCAACCCCTACTGCCGGTTACTAACAGGTAGAGCTGAGGACTCAGGCGGAACTGCCTGCGACAAGCAGGAGGAAGGCGGGGACGACGTCAAGTCATCATGGCCCTTATGTCCAGGGCTACACACGTGCTACAATGGCCGCCACAGAGCGAGGCGAAGCCGAGAGGCGGAGCAGAACGCAGAAAAGCGGTCGTAG
>sq80;size=55;
CTCGTGTCGTGAGATGTTGGGTTAAGTCCCGCAACGAGCGCAACCCTTGTCATTAGTTGCCATCATTCAGTTGGGCACTCTAATGAGACTGCCGGTGACAAACCGGAGGAAGGTGGGGATGACGTCAAGTCCTCATGGCCCTTATGACCAGGGCTTCACACGTCATACAATGGTCGGTACAAAGGGTAGCCAAGCCGCGAGGCGGAGCCAATCTCATAAAACCGATCGTAGTC
>sq81;size=56;
CTCGTGTCGTGAGATGTTGGGTTAAGTCCCGCAACGAGCGCAACCCTTGTTGTTAGTTGCCATCATTAAGTTGGGCACTCTAACAAGACTGCCGGTGACAAACCGGAGGAAGGTGGGGATGACGTCAAATCATCATGCCCCTTATGTCTTGGGCTACACACGTGCTACAATGGTCGGTACAGAGGGCAGCAAGAGAGTGATCTTGAGCGAATCTCAAAAAGCCGATCCCAGTT
>sq82;size=50;
CTCGTGCCGTGAGGTGTCGGCTTAAGTGCCATAACGAGCGCAACCCCTGTCTTCAGTTGCCATCAGGTAATGCTGGGCACTCTGTAGATACTGCCACCGTAAGGTGTGAGGAAGGTGGGGATGACGTCAAATCAGCACGGCCCTTACGTCCGGGGCTACACACGTGTTACAATGGGGGGTACAGCGAGTTGGATGCCCGCAAGGTCATTCTAATCAATAAAGCCTCCCTCAGT
>sq83;size=60;
CTCGTGTCGTGAGATGTTGGGTTAAGTCCCGCAACGAGCGCAACCCCTGTTCTTTGTTGCCATCACGTAATGGTGGGCACTCAAAGGAGACTGCCGCGGAGAACGCGGAGGAAGGCGGGGATGACGTCAAGTCATCATGCCCCTTATGGTCTGGGCTACACACGTACTACAATGGAGTGGACAGAGAGCAGCAAGAGAGCGATCTTAAGCGAACCTCAAAAACCGTTTCCCAG
>sq84;size=53;
CTCGTGTCGTGAGATGTTGGGTTAAGTCCCGCAACGAGCGCAACCCTCGTTCCATGTTGCCAGCACGTAGTGGTGGGGACTCATGGGAGACTGCCGGGGTCAACTCGGAGGAAGGTGGGGACGACGTCAAATCATCATGCCCCTTATGTCTTGGGCTTCACGCATGCTACAATGGCCGGTACAATGGGTTGCGATACTGTGAGGTGGAGCTAATCCCAAAAAGCCGGTCTCAG
>sq85;size=64;
CTCGTGTCGTGAGATGTTGGGTTAAGTCCCGCAACGAGCGCAACCCTTAAGCTTAGTTGCCATCATTAAGTTGGGCACTCTAAGTTGACTGCCGGTGACAAACCGGAGGAAGGTGGGGATGACGTCAAATCATCATGCCCCTTATGATTTGGGCTACACACGTGCTACAATGGACAATACAAAGGGCAGCGAAACCGCGAGGTCAAGCAAATCCCATAAAGTTGTTCTCAGTT
>sq86;size=57;
CTCGTGTCGTGAGATGTTGGGTTAAGTCCCGTAACGAGCGCAACCCTTGTCCTTAGTTACCAGCACGTAATGGTGGGCACTCTAAGGAGACTGCCGGTGACAAACCGGAGGAAGGTGGGGATGACGTCAAGTCATCATGGCCCTTACGGCCAGGGCTACACACGTGCTACAATGGTCGGTACAAAGGGTTGCCAAGCCGCGAGGTGGAGCTAATCCCATAAAACCGATCGTAG
>sq87;size=49;
CTCGTGTCGTGAGATGTTGGGTTAAGTCCCGCAACGAGCGCAACCCTTGTCTCGTGTTGCCAGCACGTTGTGGTGGGGACTCGCGGGAGACTGCCGGGGTTAACTCGGAGGAAGGTGGGGATGACGTCAAATCATCATGCCCCTTATGTCTTGGGCTTCACGCATGCTACAATGGCCGGTACAGTGGGTTGCGATGCTGTGAGGCGGAGCGAATCCCTGAAAGCCGGTCTCAG
>sq88;size=40;
CTCGTGTCGTGAGATGTTGGGTTAAGTCCCGCAACGAGCGCAACCCTTGTCCTTAGTTGCTACGCAAGAGCACTCTAAGGAGACTGCCGGTGACAAACCGGAGGAAGGTGGGGATGACGTCAAGTCCTCATGGCCCTTATGGGTAGGGCTTCACACGTCATACAATGGTCGGAACAGAGGGTTGCCAACCCGCGAGGGGGAGCTAATCCCAGAAAACCGATCGTAGTCCGGAT
>sq89;size=44;
CTCGTGCCGTGAGGTGTCGGCTTAAGTGCCATAACGAGCGCAACCCCTCTCTTCAGTTGCCATCAGGTTAAGCTGGGCACTCTGGAGACACTGCCACCGTAAGGTGTGAGGAAGGTGGGGATGACGTCAAATCAGCACGGCCCTTACGTCCGGGGCTACACACGTGTTACAATGGCCGGTACAGAGGGATGGTGTAATGCAAATTGCATCAAATCTTGAAAGCCGGTCCCAGT
>sq90;size=46;
CTCGTGTCGTGAGATGTTGGGTTAAGTCCCGCAACGAGCGCAACCCTCGTTCTATGTTGCCAGCACGTGATGGTGGGGACTCATAGGAGACTGCCGGGGTCAACTCGGAGGAAGGTGGGGATGACGTCAAATCATCATGCCCCTTATGTCTTGGGCTTCACGCATGCTACAATGGCCGGTACAGAGGGTTGCGATACTGTGAGGTGGAGCTAATCCCTAAAAGCCGGTCTCAG
>sq91;size=32;
CTCGTGCCGTGAGGTGTTGGGTTAAGTCCCGCAACGAGCGCAACCCCTACTGCCAGTTACTAACAGGTAAAGCTTGAGGACTCTGGCGGAACTGCCGATGACAAATCGGAGGAAGGTGGGGATGACGTCAAGTCATCATGGCCCTTATGTCCAGGGCTACACACGTGCTACAATGGTTGCTACAAAGCGAAGCGAGGCCGTAAGGCGGAGCAAACCGCAAAAAAGCAATCGTA
>sq92;size=29;
CTCGTGTCGTGAGATGTTGGGTTAAGTCCCGCAACGAGCGCAACCCTTGCCACTAATTGCCATCATTTAGTTGGGCACTTTAGTGGGACTGCCGGTGACAAACCGGAGGAAGGTGGGGATGACGTCAAGTCCTCATGGCCCTTATGACCAGGGCTTCACACGTCATACAATGGTCGGTTCAGAGGGTAGCCAAGTCGCGAGGCGGAGCCAATCCCAGAAAGCCGATCGTAGTC
>sq93;size=40;
CTCGTGTCGTGAGATGTTGGGTTAAGTCCCGCAACGAGCGCAACCCCTATCGCTAGTTGCCATCATTAAGTTGGGGACTCTAGCGAGACTGCCTGCGAAGAGCAGGAGGAAGGTGGGGATGACGTCAAGTCATCATGCCCCTTATGATCTGGGCTACACACGTGCTACAATGGCCGGTACAAAGAGCTGCAAAACGGTAACGTTTAGCCAATCTTTAAAGCCGGTCCAAGTTC
>sq94;size=140;
CTCAGTTCTGCGGTTTCTGCGGCGGCTGGAGAGGTGGTCGGAGAAGTAGGAACCTCCTGCCGGGCTCGTGGCGGCTTCTGTCCGCTCCGCGGAGGGAAGCGCCTTCCCCACAGGTAGTGGGTTAGGGAGGGCAGGGTTAGGGAGGGAAGCAGGGCCGCGCTCCCTGCCGCCCCCCCGGAGTCGGAGTGCGTTGGTGGGGTAGTCTCTGAGGGCCCTTCGCTCCTGGGATCTGC
>sq95;size=26;
CTCGTGTCGTGAGATGTTGGGTTAAGTCCCGCAACGAGCGCAACCCTCGTTCTATGTTGCCAGCACGTAATGGTGGGGACTCATAGGAGACTGCCGGGGTCAACTCGGAGGAAGGTGGGGATGACGTCAAGTCATCATGCCCCTTATGTCCAGGGCTTCACGCATGCTACAATGGCCGGTACAAAGGGCTGCGATCCCGTAAGGGGGAGCGAATCCCAAAAAGCCGGTCTCAG
>sq96;size=25;
CTCGTGTCGTGAGATGTTGGGTTAAGTCCCGCAACGAGCGCAACCCCCGTCGCATGTTGCCAGCGGTTAGGCCGGGCACCCATGCGAGACCGCCGGCGTCAAGCCGGAGGAAGGTGGGGACGACGTCAAGTCATCATGCCCCTTATGTCCTGGGCTGCACACGTGCTACAATGGCCGGCACAGCGGGCCGCCACCGCGCGAGCGGGAGCGAATCCCCAAAGCCGGCCCCAGTT
>sq97;size=19;
CTCGTGCCGTGAGGTGTCGGCTTAAGTGCCATAACGAGCGCAACCCCTTTTTATAGTTGCCATCGGGTCATGCCGGGCACTCTGTAGATACTGCCGCCGCAAGGTGTGAGGAAGGCGGGGATGACGTCAAATCAGCACGGCCCTTACGTCCGGGGCTACACACGTGTTACAATGGCGCGTACAGCGAGTTGGTGTTATGTGAGTAGCATCTAATCCTGAAAGCGCGCCTCAGT
>sq98;size=15;
CTCGTGTCGTGAGATGTTCGGTTAAGTCCGGCAACGAGCGCAACCCACGTCCCCAGTTGCCAGCATTCAGTTGGGCACTCTGTGGAAACTGCCGGTGATAAGCCGGAGGAAGGTGTGGATGACGTCAAGTCCTCATGGCCCTTACGGGTTGGGCTACACACGTGCTACAATGGTGGTGACAGTGGGTTAATCCCCAAAAGCCATCTCAGTTCGGATTGGGGTCTGCAACTCGA
>sq99;size=20;
CTCGTGTCGTGAGATGTTGGGTTAAGTCCCGCAACGAGCGCAACCCCTATTGCTAGTTGCCATCATTAGGTTGGGAACTCTAGCAAGACTGCCTGCGAAGAGCAGGAGGAAGGTGGGGATGACGTCAAGTCATCATGCCCCTTATGATCTGGGCTACACACGTGCTACAATGGCCGGTACAGAGAGCCGCAAGGCGGCAACGCCAAGCCAATCTTTAAAGCCGGTCCAAGTTC
>sq100;size=24;
CTCGTGCCGTGAGGTGTCGGCTCAAGTGCCATAACGAGCGCAACCCCTCTCCCCAGTTGCCATCGGGTTATGCCGGGCACTCCGGGGACACTGCCGCCGCAAGGTGCGAGGAAGGTGGGGACGACGTCAAATCAGCACGGCCCTTACGTCCGGGGCTACACACGTGTTACAATGGCCGGTACAGAGGGCTGGCGCTCCGCGAGGCGCGCCGAATCTATAAAGCCGGTCTCAGT
>sq101;size=15;
CTCGTGTCGTGAGATGTTGGGTTCAGTCCCGCAACGAGCGCAACCCTTATCGTTAGTTGCCAGCACTTTTGGTGGGCACTCTAACGAGACAGCCGGTGAAAGCCGGAGGAAGGTGGGGATGACGTCAAATCATCATGCCCCTTATGTCCTGGGCTACACACGTGCTACAATGGCCGGTACAAAGGGTCGCAAACCCGCGAGGGGGAGCCAATCCCGGAAAGCCGGTCTCAGTT
>sq102;size=17;
CTCGTGCCGTGAGGTGTTAGGTTAAGTCCTGCAACGAGCGCAACCCCTGTCACTAGTTGCTAACATTTAGTTGAGGACTCTAGTGAGACTGCCTACGCAAGTAGAGAGGAAGGTGGGGATGACGTCAAATCATCACGGCCCTTACGTCTTGGGCCACACACGTAATACAATGGCCGGTACAGAGGGCAGCTACCAGGTGACTGGATGCAAATCTCGAAAGCCGGTCTCAGTTC
>sq103;size=15;
CTCGTGTCGTGAGATGTTGGGTTAAGTCCCGCAACGAGCGCAACCCTTGTCTTATGTTGCCAGCATTTGGTTGGGGACTCATGAGAGACTGCCGGGGTTAACTCGGAGGAAGGTGGGGATGACGTCAAATCATCATGCCCCTTATGTCCAGGGCTTCACACATGCTACAATGGTCGGTACAATGCGCTGCGACACTGTGAGGTGGAGCGAATCGCTGAAAGCCGGTCTTAGTT
>sq104;size=16;
CTCGTGCCGTGAGGTGTCAGGTTAAGTCCTATAACGAGCGCAACCCCTATTGTTAGTTACCAGCACGTAATGGTGGGGACTCTAGCAAGACTGCCGGTGTAAACCGCGAGGAAGGTGGGGATGACGTCAAATCATCACGGCCCTTACATCTTGGGCTACACACGTGCTACAATGGTCGTTACAGAGAGCAGCCACTGCGCGAGCAGGAGCGAATCTATAAAGACGGTCACAGT
>sq105;size=15;
CTCGTGCCGTGAGGTGTCGGCTTAAGTGCCATAACGAGCGCAACCCTTTTCCTTGGTTGCCATCAGGTAATGCTGGGCACTCCATGGATACTGCCATCGTAAGATGTGAGGAAGGTGGGGATGACGTCAAATCAGCACGGCCCTTACGTCCGGGGCTACACACGTGTTACAATGGGAGGTACAGAAGGTCGCTACCTAGTGATAGGATGCTAATCTTAAAAACCTCTCTCAGT
>sq106;size=153;
CTCGTGTCGTGAGATGTTGGGTTAAGTCCCGCAACGAGCGCAACCCCTGTCCTTTGTTGCCAGCGCGTAATGGTGGGAACTCAAAGGAGACTGCCGCGGAGAACGCGGAGGAAGGCGGGGATGACGTCAAGTCATCATGCCCCTTATGTCCTGGGCTACACACGTACTACAATGGGATGGACAGAGGGAAGCGAAGGCGCGAGCCGGAGCGGACCCCACAAACCATCCCCCAG
>sq107;size=12;
CTCGTGTCGTGAGATGTTTGGTCAAGTCCTGCAACGAGCGCAACCCCTATCTTTAGTTACTAACGAGTCATGTCGAGGACTCTAGAGATACTGCCTGGGTAACTGGGAGGAAGGTGGGGATGACGTCAAATCATCATGCCTCTTACGAGTGGGGCAACACACGTGCTACAATGGTCGGTACAAAGAGACGCAATACGGTGACGTGGAGCAAATCTCAAAAAGCCGATCTCAGT
>sq108;size=244;
CTCGTGTCGTGAGATGTTGGGTTAAGTCCCGCAACGAGCGCAACCCCTGTTCTTTGTTGCCAGCATGTAAAGGTGGGCACTCAAAGGAGACTGCCGCGGAGAACGCGGAGGAAGGCGGGGATGACGTCAAGTCATCATGCCCCTTATGGTCTGGGCTACACACGTACTACAATGGGACGGACAGAGGGCAGCGAGAGAGTGATCTTAAGCGAATCTCAAAAACCGTTTCTCAG
>sq109;size=44;
CTCGTGCCGTGAGGTGTCAGGTTAAGTCCTATAACGAGCGCAACCCCTGCCATTAGTTGCTAACGAGTCAAGTCGAGCCCTCTAGTGGGACTGCCGGTGCAAACCGTGAGGAAGGTGGGGATGACGTCAAATCATCACGGCCCTTACATCTTGGGCTACACACGTGCTACAATGGCCGTTACAGAGAGCAGCCACTGCGCGAGCAGGAGCGAATCTATAAAGACGGTCACAGT
>sq110;size=248;
CTCGTGTCGTGAGATGTTGGGTTAAGTCCCGCAACGAGCGCAACCCCTTTCGTATGTTACCATCATTAAGTTGGGGACTCATGCGATACTGCCTGCGATGAGCAGGAGGAAGGTGGGGATGACGTCAAGTCATCATGCCCCTTATATGCTGGGCTACACACGTGCTACAATGGGTAGTACAGAGAGTCGCAAAGCCGTGAGGTGGAGCTAATCTCAGAAAACTATTCTTAGTT
>sq111;size=23;
CTCGTGTCGTGAGATGTTAGGTTAAGTCCTTCAACGAGCGCAACCCTTGCAAGTAGTTGTATTTTTCTACTTGGACTGCCCCGGTAACGGGGAGGAAGGAGGGGATGATGTCAGGTCAGTATTTCCCTTACGTCCTGGGCTAGAAACGTAATACAATGGCTAGTACAATGCGCAGCGAAGCCGCGAGGTGAAGCAAATCGCATCAAAGCTAGTCCCAGTTCGGATTGGAGGCT
>sq112;size=87;
CTCGTGTCGTGAGATGTTGGGTTAAGTCCCGCAACGAGCGCAACCCCTTTCGTATGTTACCATCATTAAGTTGGGGACTCATGCGATACTGCCTGCGATGAGCAGGAGGAAGGTGGGGATGACGTCAAGTCATCATGCCCCTTATACGCTGGGCTACACACGTGCTACAATGGGTAGTACAGAGAGTCGCAAAGCTGTGAAGTGGAGCTAATCTCAGAAAACTATTCTTAGTT
>sq113;size=57;
CTCGTGCCGTGAGGTGTCGGCTTAAGTGCCATAACGAGCGCAACCCCCGTCTTCAGTTGCCATCGGGTTATGCCGGGCACTCTGGAGATACTGCCACCGCAAGGTGCGAGGAAGGTGGGGATGACGTCAAATCAGCACGGCCCTTACGTCCGGGGCTACACACGTGTTACAATGGCGCATACAGAGAGTCGGTGGCATGCGAATGCCATCCAATCCTCAAAGTGCGTCTCAGT
>sq114;size=222;
CTCGTGTCGTGAGATGTTGGGTTAAGTCCCGCAACGAGCGCAACCCTTGTCCTTAGTAGCCAGCAGTAAGATGGGGACTCTAAGGAGACAGACGGAGATAATCTGGAGGAAGATGGGGATGACGTCAAATCATCATGCCCCTTATGATTTGGGCTACACACGTGCTACAATGGCGTAAACAAAGAGAAGCAAGAGTGCGAGCTTAAGCAAATCTCAAAAATAACGTCTCAGTT
>sq115;size=143;
CTCGTGTCGTGAGATGTTGGGTTAAGTCCCGCAACGAGCGCAACCCTTGTCGTCAGTAGCCAGCATTAAGATGGGCACTCTGACGAGACAGCCGGAGATAATCCGGAGGAAGGTGGGGATGACGTCAAATCATCATGCCCCTTATGATTTGGGCTACACACGTGCTACAATGGCGTAAACAAAGTGAAGCAAAGCTGCGAAGCCAAGCAAATCACAAAAATAACGTCTCAGTT
>sq116;size=9;
CTCGTGTCGTGAGATGTTGGGTTAAGTCCCGCAACGAGCGCAACCCTTGTCTTATGTTGCCAGCACATTTTTGGTGGGGACTCATGAGAAACTGCCGGGGTCAACTCGGAGGAAGGTGGGGATGACGTCAAATCATCATGCCCTTTATACCCAGGGCTTCACACATGCTACAATGGTCGGTACAACGGGTTGCGACACTGTGAAGTGAAGCTAATCTCTTAAAGCCGGCCTCA
>sq117;size=30;
CTCGTGCCGTGAGGTGTCGGCTTAAGTGCCATAACGAGCGCAACCCCTGTCTACGGTTGCCATCAGGTGATGCTGGGAACTCCGTAGAGACTGCCGTCGTAAGGCGTGAGGAAGGTGGGGATGACGTCAAATCAGCACGGCCCTTACATCCGGGGCGACACACGTGTTACAATGGTAAGGACAAAGGGCAGCTACCTGGCGACAGGATGCGAATCTCTAAACCTTATCACAGT
>sq118;size=68;
CTCGTGTCGTGAGATGTTGGGTTAAGTCCCGCAACGAGCGCAACCCTTGTCGTCAGTAGCCAGCAGTAAGATGGGCACTCTGACGAGACAGCCGGAGATAATCCGGAGGAAGGTGGGGATGACGTCAAATCATCATGCCCCTTATGATTTGGGCTACACACGTGCTACAATGGCGTAAACAAAGTGAAGCAAAGCCGCGAGGCCAAGCAAATCACAAAAATAACGTCTCAGTT
>sq119;size=256;
CTCGTGTCGTGAGATGTTGGGTTAAGTCCCGCAACGAGCGCAACCCTTGTCTTATGTTGCCAGCACGTTTGGGTGGGGACTCATGAGAGACTGCCGGGGTTAACTCGGAGGAAGGTGGGGATGACGTCAAATCATCATGCCCTTTATGCCCAGGGCTTCACACATGCTACAATGGTTAGTACAACGCGCTGCGAGCCTGTGAGGGTGAGCGAATCGCTGAAAGCTAATCTCAG
>sq120;size=38;
CTCGTGTCGTGAGATGTTGGGTTAAGTCCCGCAACGAGCGCAACCCTTATATCTAGTTGCCAGCAGTAAGATGGGGACTCTAGATAGACTGCCAGTGATAAACTGGAGGAAGGTGGGGATGACGTCAAATCATCATGCCCCTTATGACTTGGGCTACACACGTGCTACAATGGATAGGAACAAAGAGAAGCGAGCTCGCGAGAGTCAGCCAACCTCATAAAACTATTCTCAGT
>sq121;size=39;
CTCGTGCCGTGAGGTGTTGGGTTAAGTCCCGCAACGAGCGCAACCCCTACTGCCAGTTACTAACAGGTAAAGCTTGAGGACTCTGGCGGAACTGCCGATGACAAATCGGAGGAAGGTGGGGATGACGTCAAGTCATCATGGCCCTTATGTCCAGGGCTACACACGTGCTACAATGGTTGCTACAAAGCGACGCGAGACCGTAAGGTGGAGCAAACCGCAAAAAAGCAATCGTA
>sq122;size=92;
CTCGTGTCGTGAGATGTTGGGTTAAGTCCCGCAACGAGCGCAACCCCTATCTTATGTTGCCAGCACTTCGGGTGGGAACTCATGAGAGACTGCCGCAGACAATGCGGAGGAAGGCGGGGATGACGTCAAATCATCATGCCCCTTATGACCTGGGCTACACACGTACTACAATGGGAGTTAATAGACGGAAGCGAGATCGCGAGATGGAGCAAAACCGAGAAACACTCTCTCAG
>sq123;size=13;
CTCGTGTCGTGAGATGTTGGGTTAAGTCCCGCAACGAGCGCAACCCCTATCGTTAGTTGCCATCATTAAGTTGGGGACTCTGGCGAGACTGCCTGCGAAGAGCAGGAGGAAGGTGGGGATGACGTCAAGTCATCATGCCCCTTATGATCTGGGCTACACACGTGCTACAATGGCCGGTACAGAGAGCTGCAAGGCGGCAACGCCAAGCGAATCTTTAAAGCTGGTCCAAGTTC
>sq124;size=65;
CTCGTGCCGTGAGGTGTCGGCTTAAGTGCCATAACGAGCGCAACCCCATTTTCTAGTTGCCATCGGGTAATGCCGGGCACTCTGGAGATACTGCCACCGTAAGGTGTGAGGAAGGTTGGGATGACGTCAAATCAGCACGGCCCTTACGTCCGGGGCTACACACGTGTTACAATGGCGCATACAGAGTGTCGGTTGTATGTAAATGCAATCCAATCTTGAAAGTGCGTCTCAGT
>sq125;size=7;
CTCGTGTCGTGAGATGTTGGGTTAAGTCCCGCAACGAGCGCAACCCTTGTCTTGTGTTGCCAGCACGTTATGGTGGGGACTCGCGAGAGACTGCCGGGGTTAACTCGGAGGAAGGTGGGGATGACGTCAAATCATCATGCCCCTTATGTCCAGGGCTTCACACATGCTACAATGGTCGGTACAGTGGGTTGCGATACCGTGAGGTGGAGCTAATCCCTTAAAGCCGGTCTCAG
>sq126;size=83;
CTCGTGCCGTGAGGTGTCAGGTTAAGTCCTATAACGAGCGCAACCCCTGCCATTAGTTGCTAGCGAGTAAAGTCGAGCACTCTAGTGGGACTGCCGGTGCAAACCGTGAGGAAGGTGGGGATGACGTCAAATCATCACGGCCCTTACATCTTGGGCTACACACGTGCTACAATGGTCGTTACAGAGAGCAGCCACTGCGTGAGCAGGCGCGAATCTATAAAGACGATCACAGT
>sq127;size=7;
CTCGTGCCGTGAGGTGTCGGCTTAAGTGCCATAACGAGCGCAACCCCTATTCTCGGTTGCCATCGGGTAATGCCGGGCACTCCGTGGAGACTGCCACCGTAAGGTGTGAGGAAGGTGGGGACGACGTCAAATCAGCACGGCCCTTACGTCCGGGGCTACACACGTGTTACAATGGCCGGTACAGCGAGTCGGCCGCATGCAAATGCGGTCCAATCCTGAAAGCCGGTCCCAGT
>sq128;size=94;
CTCGTGTCGTGAGATGTTGGGTTAAGTCCCGCAACGAGCGCAACCCTTGTCCCGTGTTGCCAGCACGTTGTGGTGGGGACTCGCGGGAGACTGCCGGGGTCAACTCGGAGGAAGGTGGGGATGACGTCAAATCATCATGCCCCTTATGTCTTGGGCTTCACGCATGCTACAATGGCCGGTACAGAGGGCTGCGATACCGTGAGGTGGAGCGAATCCCTTAAAGCCGGTCTCAG
>sq129;size=32;
CTCGTGTCGTGAGATGTTGGGTTAAATCCCGCAACGAGCGCAACCCCTTTCGTATGTTACCATCATTAAGTTGGGGACTCATGCGATACTGCCTGCGATGAGCAGGAGGAAGGTGGGGATGACGTCAAGTCATCATGCCCCTTATACGCTGGGCTACACACGTGCTACAATGGGTAGTACAGAGAGTCGCAAAGCCGTGAGGTGAAGCTAATCTCAGAAAACTATTCTTAGTT
>sq130;size=24;
CTCGTGTCGTGAGATGTTGGGTTAAGTCCCGCAACGAGCGCAACCCCTATCTTATGTTGCCAGCACGTTATGGTGGGAACTCATGAGAGACTGCCGCAGACAATGCGGAGGAAGGCGGGGATGACGTCAAATCATCATGCCCCTTATGACCTGGGCTACACACGTACTACAATGGGAGTTAATAGACGGAAGCGAAACCGCGAGGTGGAGCAAACCCGAGAAACACTCTCTCA
>sq131;size=84;
CTCGTGTCGTGAGATGTTGGGTTAAGTCCCGCAACGAGCGCAACCCCTATCTTATGTTGCCAGCACTTTGGGTGGGAACTCATGAGAGACTGCCGCAGACAATGCGGAGGAAGGCGGGGATGACGTCAAATCATCATGCCCCTTATGACCTGGGCTACACACGTACTACAATGGGAGTTAATAGACGGAAGCGAGATCGCGAGATGGAGCAAACCCGAGAAACACTCTCTCAG
>sq132;size=64;
CTCGTGTCGTGAGATGTTGGGTTAAGTCCCGCAACGAGCGCAACCCTTGTCATTAGTTGCCATCATTAAGTTGGGCACTCTAATGAGACTGCCGGTGACAAGCCGGAGGAAGGTGGGGATGACGTCAAGTCCTCATGGCCCTTATGACCAGGGCTTCACACGTCATACAATGGTCGGTACAGAGGGTAGCCAAGCCGCGAGGTGGAGCCAATCTCACAAAACCGATCGTAGTC
>sq133;size=3305;
CTCGTGTCGTGAGATGTTGGGTTAAGTCCCGCAACGAGCGCAACCCCTGTCCCGTGTTGCCAGCGCGTCGTGGCGAGGACTCTCGGGAGACTGCCGGGGTCAACTCGGAGGAGGGTGGGGACGACGTCAAATCATCATGCCCCTGACGTCCTGGGCTTCACGCATGCTACAATGGCCGGTACAGAGGGTTGCGATGCCGCGAGGCGGGGCGAATCCCTTAAAGCCGGTCTCAG
>sq134;size=36;
CTCGTGTTGTGAAATGTTGGGTTAAGTCCCGCAACGAGCGCAACCCTTATCCTTTGTTGCCAGCGATTCGGTCGGGAACTCAAAGGAGACTGCCGGTGATAAACCGGAGGAAGGTGGGGATGACGTCAAGTCATCATGGCCCTTACGAGTAGGGCTACACACGTGCTACAATGGCGTATACAGAGGGTGACGAAGCCGCGAGGTGGAGTGAATCTCAGAAAGTACGTCTAAGT
>sq135;size=128;
CTCGTGTCGTGAGATGTTGGGTTAAGTCCCGCAACGAGCGCAACCCCTATTGTTAGTTGCCATCATTCAGTTGGGCACTCTAGCGAGACTGCCGGTAATAAACCGGAGGAAGGTGGGGATGACGTCAAATCATCATGCCCCTTATGACCTGGGCTACACACGTGCTACAATGGCTGGTACAACGAGTCGCAAGTCGGTGACGGCAAGCTAATCTCTTAAAGCCAGTCTCAGTT
>sq136;size=322;
CTCGTGTCGTGAGATGTTGGGTTAAGTCCCGCAACGAGCGCAACCCTCGTCCAATGTTGCCAGCTGGTTATGCCGGGGACTCATTGGAGACCGCCGGGGTCAACTCGGAGGAAGGTGGGGATGACGTCAAGTCATCATGCCCCTTATGTCCAGGGCTTCACGCATGCTACAATGGCCGGTACAGTGAGCTGCGAGCCTGTGAGGGTGAGCGAATCTCTAAAAGCCGGTCTCAG
>sq137;size=112;
CTCGTGTCGTGAGATGTTGGGTTAAGTCCCGCAACGAGCGCAACCCTTGTCTTATGTTGCCAGCACGTTTTCAGGTGGGGACTCATGAGAGGCTGCCGGGGTTAACTCGGAGGAAGGTGGGGATGACGTCAAATCATCATGCCCTTTATGCCCAGGGCTTCACACATGCTACAATGGTTAGTACAACGCGCTGCAAGCCTGTGAGGGTGAGCGAATCGCTGAAAGCTAATCTC
>sq138;size=40;
CTCGTGTCGTGAGATGTTGGGTTAAGTCCCGCAACGAGCGCAACCCCTATCTTATGTTGCCAGCACTTCGGGTGGGAACTCATGAGAGACTGCCGCAGACAATGCGGAGGAAGGCGGGGATGACGTCAAATCATCATGCCCCTTATGACCTGGGCTACACACGTACTACAATGGGAGTTAATAGACGGAAGCGAAACCGCGAGGTGGAGCAAACCCGAGAAACACTTTCTCAG
>sq139;size=618;
CTCGTGTCGTGAGATGTTGGGTTAAGTCCCGCAACGAGCGCAACCCTTGTTCACTGTTGCCAGCACGTTATGGTGGGGACTCAGTGGAGACCGCCGGGGTCAACTCGGAGGAAGGTGGGGATGACGTCAAGTCATCATGCCCCTTATGTCCAGGGCTTCACGCATGCTACAATGGCTGGTACAGAGAGTGGCGAGCCTGTGAGGGGGAGCGAATCTCGGGAAGCCGGGCTCAG
>sq140;size=24;
CTCGTGCCGTGAGGTGTCGGCTTAAGTGCCATAACGAGCGCAACCCCCGTCTTCAGTTGCCATCGGATGATGCCGGGCACTCTGGAGATACTGCCACCGCAAGGTGTGAGGAAGGTGGGGATGACGTCAAATCAGCACGGCCCTTACGTCCGGGGCTACACACGTGTTACAATGGCGCATACAGAGAGTAGGTGGCATGCGAATGCCATCCAATCCTTAAAGTGCGTCTCAGT
>sq141;size=9;
CTCGTGCCGTGAGGTGTTGGGTTAAGTCCCGCAACGAGCGCAACCCCTACTGCCAGTTACTAACAGGTGAAGCTGAGGACTCTGGCGGAACTGCCGGTGACAAACCGGAGGAAGGTGGGGATGACGTCAAGTCATCATGGCCCTTATGTCCAGGACTACACACGTGCTACAATGGTAGGAACAAAGTGAAGCGAAGCTGCAAAGCGGAGCAAAACGCAAAAAAGCTATCGTAG
>sq142;size=3;
CTCGTGCCGTGAGGTGTCGGCTTAAGTGCCATAACGAGCGCAACCCCTTTCTTCAGTTGCCATCGGGTAATGCCGGGCACTCTGTAGATACTGCCGCCGTAAGGTGTGAGGAAGGTGGGGATGACGTCAAATCAGCACGGCCCTTACGTCCGGGGCTACACACGTGTTACAATGGCCGGTACAGAAGGTCGGTCGTATGCAAATGCGATCTAATCTTTAAATCCGGTCCCAGT
>sq143;size=3;
CTCGTGTCGTGAGATGTTGGGTTAAGTCCCGCAACGAGCGCAACCCTTGTCATTAGTTGCTACGCAAGAGCACTCTAATGAGACTGCCGGTGACAAACCGGAGGAAGGTGGGGATGACGTCAAGTCCTCATGGCCCTTATGGGTAGGGCTTCACACGTCATACAATGGTCGGGACAGAGGGTCGCCAACCCGCGAGGGGGAGCCAATCTCAGAAACCCGATCGTAGTCCGGAT
