>sq1;size=40204;
TATTCACCGCAGCGTTGCTGATCTGCGATTACTAGCGACTCCGACTTCATGAGGTCGAGTTGCAGACCCCAATCCGAACTGAGACCGGCTTTCCGAGATTCGCTCACCCTCACAGGCTCGCCACTCTCTGTACCAGCCATTGTAGCATGCGTGAAGCCCTGGACATAAGGGGCATGATGACTTGACGTCATCCCCACCTTCCTC
>sq2;size=8400;
TATTCACCGCAGCGTTGCTGATCTGCGATTACTAGCGACTCCACCTTCATGGGGTCGAGTTGCAGACCCCAATCCGAACTGAGACTGGCTTTAAGGGATTCGCTCCACCTCACAGTATCGCAACCCTCTGTACCAACCATTGTAGCATGCGTGAAGCCCAAGACATAAGGGGCATGATGATTTGACGTCATCCCCACCTTCCTC
>sq3;size=3473;
TATTCACCGCGGCGTGCTGATCCGCGATTACTAGCGATTCCGACTTCATGTAGGCGAGTTGCAGCCTACAATCCGAACTGAGACTGGCTTTAAGAGATTAGCTTGCCGTCACCGACTCGCGACTCGTTGTACCAGCCATTGTAGCACGTGTGTAGCCCAGGTCATAAGGGGCATGATGATTTGACGTCATCCCCACCTTCCTCC
>sq4;size=2538;
CATTCACCGCGACATTCTGATTCGCGATTACTAGCAACTCCGACTTCATGTAGGCGAGTTGCAGCCTACAATCCGAACTGAGATTGGTTTTTAGAGTTTCGCTTAACATCTCTATCTCGCTTCTCGTTGTACCAACCATTGTAGCACGTGTGTAGCCCAAGACATAAAGGGCATGATGATTTGACGTCATCCCCACCTTCCTCC
>sq5;size=2217;
TATTCACCGCAACTTGCTGATTTGCGATTACTAGCGATTCCGACTTCATGCAGGCGAGTTTCAGCCTACAATCCGAACTGGGACTAGCTTTGATGCGATTTGCTTCACCTCGCGGCTTCGCTGCGCATTGTACTAGCCATTGTATTACGTTTCTAGCCCAGGACGTAAGGGAAATACTGACCTGACATCATCCCCTCCTTCCTC
>sq6;size=2217;
TATTCACCGCGGCATTCTGATCCGCGATTACTAGCGATTCCAGCTTCATGAAGTCGAGTTGCAGACTTCAATCCGAACTGAGACTGTCTTTTAGTGATTCGCTTCCTATCGCTAGGTCGCTGCACGTTGTAACAGCCATTGTAGTACGTGTGTAGCCCAGGCCATAAGGGGCATGATGATTTGACGTCATCCCCACCTTCCTCC
>sq7;size=3769;
TATTCACCGCAGCGTTGCTGATCTGCGATTACTAGCGACTCCGACTTCATGGGGTCGAGTTGCAGACCCCAATCCGAACTGAGACCGGCTTTTAGGGATTAGCTCCACCTCACAGTATCGCAACCCTCTGTACCGGCCATTGTAGCATGCGTGAAGCCCAAGACATAAGGGGCATGATGATTTGACGTCATCCCCACCTTCCTC
>sq8;size=1990;
TATTCACCGCAGCATGCTGATCTGCGATTACTAGCGATTCCAGCTTCGTGTAGTCGGGTTGCAGACTACAGTCCGAACTGAGACGTTATTTTTGAGATTTGCTTAAGGTCACCCTCTCGCTTCCCTTTGTTTACGCCATTGTAGCACGTGTGTAGCCCAAGTCATAAGGGGCATGATGATTTGACGTCATCCCCGCCTTCCTCC
>sq9;size=3862;
TATTCACCGCGGCGTGCTGATCCGCGATTACTAGCGATTCCGACTTCATGTAGGCGAGTTGCAGCCTACAATCCGAACTGAGACTGGCTTTAAGAGATTAGCTTGCCGTCACCGGCTTGCGACTCGTTGTACCAGCCATTGTAGCACGTGTGTAGCCCAGGTCATAAGGGGCATGATGATTTGACGTCATCCCCACCTTCCTCC
>sq10;size=1598;
TATTCACCGCAGCATGCTGATCTGCGATTACTAGCGATTCCAGCTTCGTGTAGTCGGGTTGCAGACTACAGTCCGAACTGAGACGTTATTTTTGAGATTTGCTTAAGGTCACCCTCTTGCTTCCCTTTGTTTACGCCATTGTAGCACGTGTGTAGCCCAAGTCATAAGGGGCATGATGATTTGACGTCATCCCCGCCTTCCTCC
>sq11;size=1364;
CATTCACCCCGACATGCTGATTCGGGATTACTAGCAACTCCGACTTCATGTGGGCGGGTTGCAGCCCACAATCCGAACTGAGACTATTTTTTTGAGATTAGCTTGCTGTTACCAACTTGCAACTCTTTGTAATAGCCATTGTAGCACGTGTGTAGCCCAAGACGTAAGGGGCATGATGATTTGACGTCATCCCCACCTTCCTCC
>sq12;size=1088;
TATTCACCGCGACATTGCTGATTCGCGATTACTAGCGATTCCAACTTCATGTACTCGAGTTGCAGAGTACAATCCGAACTAAGAATAGTTTTCTGAGATTAGCTCCACTTCACAGCTTTGCAACTCTCTGTTCTACCCATTGTAGCACGTGTGTAGCCCAGCGTATAAGGGGCATGATGACTTGACGTCATCCCCACCTTCCTC
>sq13;size=1325;
CATTCACCGCGGCATTCTGATCCACGATTACTAGCAACTCCAACTTCATGCACTCGAGTTGCAGAGTGCAATCCGAACTGGGACAGGCTTTTTGAGTTTCGCTTAACATCACTGTCTTGCTGCCCTGTGTACCTGCCATTGTAGCACGTGTGTAGCCCAAGTCATAAAGGGCATGATGATTTGACGTCATCCCCACCTTCCTCC
>sq14;size=1048;
TATTCACCGCAGTATGCTGACCTGCGATTACTAGCGATTCCGACTTCACGTAGGCGAGTTGCAGCCTACGATCCGAACTGAGAGAGTGTTTCTCGGGTTTGCTCCACCTCGCGGTTTCGCTTCCGTCTATTAACTCCCATTGTAGTACGTGTGTAGCCCAGGTCATAAGGGGCATGATGATTTGACGTCATCCCCGCCTTCCTC
>sq15;size=1862;
TATTCACCGCAGCGTTGCTGATCTGCGATTACTAGCGACTCCGACTTCATGAGGTCGAGTTGCAGACCCCAATCCGAACTGAGACCGGCTTTCCGAGATTCGCTCACCCTCACAGGCTCGCCACTCTCTGTACCAGCCATTGTAGCATGCGTAAAGCCCTGGACATAAGGGGCATGATGACTTGACGTCATCCCCACCTTCCTC
>sq16;size=1239;
TATTCACCGCAGCGTTGCTGATCTGCGATTACTAGCGACTCCGACTTCATGAGGTCGAGTTGCAGACCTCAATCCGAACTGGGACCGGCTTTTTGGGATTCGCTCCACCTTGCGGTATTGCAGCCCTTTGTACCGGCCATTGTAGCATGCGTGAAGCCCAAGACATAAGGGGCATGATGATTTGACGTCATCCTCACCTTCCTC
>sq17;size=991;
CATTCACCGTGGCATTCTGATCCACGATTACTAGCAACTCCAACTTCATGCACTCGAGTTGCAGAGTGCAATCCGAACTGGGACAGGCTTTTTGAGTTTCGCTTAACATCGCTGTCTTGCTGCCCTCTGTACCTGCCATTGTAGCACGTGTGTAGCCCAAGTCATAAAGGGCATGATGATTTGACGTCATCCCCACCTTCCTCC
>sq18;size=800;
TATTCACCGCGGCATGCTGATCCGCGATTACTAGCGATTCCAACTTCATGGAGTCGAGTTGCAGACTCCAATCCGAACTGAGACTATCTTTCAGTGATTCGCTTCTGTTCGCACAGTCGCTCCACGTTGTAATAGCCATTGTAGTACGTGTGTAGCCCAGGCCATAAGGGGCATGATGATTTGACGTCATCCCCACCTTCCTCC
>sq19;size=914;
TATTCACCGCAGCGTTGCTGATCTGCGATTACTAGCGACTCCACCTTCATGGGGTCGAGTTGCAGACCCCAATCCGAACTGAGACTGGCTTTAAGGGATTCGCTCCACCTCACGATATCGCAACCCTCTGTACCAACCATTGTAGCATGCGTGAAGCCCAAGACATAAGGGGCATGATGATTTGACGTCATCCCCACCTTCCTC
>sq20;size=752;
CATTCACCGCAGCATTCTGATCTGCGATTACTAGCAACTCCGACTTCATGTAGGCGAGTTTCAGCCTACAATCCGAACTGGGGCTGGTTTTTGAGCTTTGCTCCACCTTGCGGTCTTGCTTCTCTTTGTACCAGCCATTGTAGCACGTGTGTAGCCCAGAACATAAGGGGCATGATGATTTGACGTCATCCCCACCTTCCTCCG
>sq21;size=802;
CATTCACCGCAGCATTCTGATCTGCGATTACTAGTAACTCCAGCTTCATGTAGGCGAGTTTCAGCCTACAATCCGAACTGAGAATGGCTTTAAGGGATTGGCTCCACCTCACGGTTTGGCAACCCTCTGTACCACCCATTGTAGCACGTGTGTAGCCCTAAGCATAAGGGGCATGATGATTTGACGTCATCCCCACCTTCCTCC
>sq22;size=743;
TATTCACCGCGGCAAGCTGATCCGCGATTACTAGCGATTCCGACTTCACGCAGTCGAGTTGCAGACTACGATCCGGACTACGACCGGGTTTCTGGGATTAGCTCCCCCTCGCGGGTTGGCAGCCCTCTGTCCCGGCCATTGTATGACGTGTGTAGCCCTACCCATAAGGGCCATGATGACCTGACGTCATCCCCACCTTCCTCC
>sq23;size=608;
CATTCACCGCGACATTCTGATCCGCGATTACTAGCAACTCCGGCTTCGTGCAGGCGAGTTGCAGCCTGCAGTCCGAACTGGGACCGCCTTTTTGGTTTCGCTTAAGATCGCTCTCTCGCTTCCCTCTGTGACGGCCATTGTAGCACGTGTGTAGCCCAGAACATAAGGGGCATGATGATTTGACGTCATCCCCGCCTTCCTCCG
>sq24;size=1410;
TATTCACCGCGCCATGGCTGATGCGCGATTACTAGCGAATCCAGCTTCGTGGGGTCGGGTTGCAGACCCCAGTCCGAACTGGGACCGGCTTTAAGGATTAGATCGTATTTGCACACAACCAACTCTCTGTACCGGCCATTGTAACACGTGTGTAGCCCCGGACGTAAGGGCCGTGCTGATTTGACGTCATCCCCACCTTCCTCA
>sq25;size=505;
CATTCACCGCAGCATTCTGATCTGCGATTACTAGCAACTCCGACTTCATGTTCTCGAGTTGCAGAGAACAATCCGAACTGAGACCGTCTTTTTGAGGTTTGCTTGACCTTGCGATTTCGCTTCTCTTTGTTACGGCCATTGTAGCACGTGTGTTGCCCAGGGCATATAGGGCATGATGATTTGACGTCATCCCCACCTTCCTCC
>sq26;size=925;
CATTCACCGCGGCATTCTGATCCGCGATTACTAGCAACTCCAACTTCGTGTAGGCGAGTTGCAGCCTACAGTCCGAACTGGGACCGGCTTTTGGGATTCGCTCCCCCTCACGGGTTCGCTGCCTGTTGTACCGGCCATTGTAGCACGTGTGTAGCCCAGAACATAAGGGGCATGATGATTTGACGTCATCCCCACCTTCCTCCG
>sq27;size=477;
TATTCACCGTAGCATGCTGATCTACGATTACTAGCGATTCCAGCTTCATGTAGTCGAGTTGCAGACTACAATCCGAACTGAGAACAGCTTTATGGGATTTGCTTGACCTCGCGGTTTCGCTGCCCTTTGTATTGTCCATTGTAGCACGTGTGTAGCCCAAATCATAAGGGGCATGATGATTTGACGTCATCCCCACCTTCCTCC
>sq28;size=421;
TATTCACCGCGACATTCTGATTCGCGATTACTAGCGATTCCAGCTTCATGTAGTCGAGTTGCAGACTACAATCCGAACTGAGGCAGCCTTTCTGAGATTTGCTCCGACTCACGTCTTCGCTTCCCTCTGTAACTGCCATTGTAGCACGTGTGTAGCCCCGGTCATAAGGGGCATGATGATTTGACGTCATCCCCGCCTTCCTCC
>sq29;size=365;
TATTCACCGCGACATTGCTGATTCGCGATTACTAGCGATTCCAACTTCATGTACTCGAGTTGCAGAGTACAATCCGAACTAAGAATAGTTTTCTGAGATTAGCTTCACCTCACGGCTTTGCAACTCTCTGTTCTACCCATTGTAGCACGTGTGTAGCCCAGCGTATAAGGGGCATGATGACTTGACGTCATCCCCACCTTCCTC
>sq30;size=661;
TATTCACCGCGCCATGGCTGATGCGCGATTACTAGCGAATCCGGCTTCGTGGAGTCGGGTTGCAGACTCCAGTCCGAACTGAGGCCGGGTTTCGGGATCAGCATCCTGTCGCCAGGTAGCTTCCTGCTGCTCCGACCATTGTAACACGTGTGTAGCCCCGGACGTAAGGGCCGTGCTGATTTGACGTCATCCCCACCTTCCTCC
>sq31;size=550;
TATTCACCGCGGCATGCTGATCCGCGATTACTAGCGATTCCAGCTTCACGTAGTCGAGTTGCAGACTACGATCCGGACTACGATGCATTTTCTGGGATTAGCTCCACCTCGCGGCTTGGCAACCCTCTGTATGCACCATTGTATGACGTGTGAAGCCCTACCCATAAGGGCCATGAGGACTTGACGTCATCCCCACCTTCCTCC
>sq32;size=360;
CATTCACCGCGACATTCTGATTCACGATTACTAGCAACTCCAACTTCATGCACTCGAGTTGCAGAGTGCAATCCGAACTGGGACAGGCTTTTTGGGTTTCGCTTGACTTCGCAGTTTCGCTGCCCTGTGTACCTGCCATTGTAGCACGTGTGTAGCCCAAGTCATAAAGGGCATGATGATTTGACGTCATCCCCACCTTCCTCC
>sq33;size=354;
TATTCACCGCGGCGTGCTGATCCGCGATTACTAGCGATTCCGACTTCATGTAGGCGAGTTGCAGCCTACAATCCGAACTGAGACTGGCTTTAAGAGATTAGCTTGCCGTCACCGACTTGCAACTCGTTGTACCAGCCATTGTAGCACGTGTGTAGCCCAGGTCATAAGGGGCATGATGATTTGACGTCATCCCCACCTTCCTCC
>sq34;size=358;
TATTCACCGCGGCGTGCTGATCCGCGATTACTAGCGATTCCGACTTCATGTAGGCGAGTTGCAGCCTACAATCCGAACTGAGATTGGCTTTAAGAGATTAGCTTGCCGTCACCGACTCGCAACTCGTTGTACCAACCATTGTAGCACGTGTGTAGCCCAGGTCATAAGGGGCATGATGATTTGACGTCATCCCCACCTTCCTCC
>sq35;size=718;
TATTCACCGCGGCGTGCTGATCCGCGATTACTAGCGATTCCGACTTCATGTAGGCGAGTTGCAGCCTACAATCCGAACTGAGACTGGCTTTCAGAGATTAGCTTGCCGTCACCGGCTTGCGACTCGTTGTACCAGCCATTGTAGCACGTGTGTAGCCCAGGTCATAAGGGGCATGATGATTTGACGTCATCCCCACCTTCCTCC
>sq36;size=312;
TATTCACCGCGACATGCTGATTCGCGATTACTAGCAATTCCAGCTTCGTGCAGTCGAGTTGCAGACTGCAGTCCGAACTGAGACGTTATTTTTGAGCTTTGCTTAAACTCGCGTTCTCGCTTCTCTTTGTTAACGCCATTGTAGCACGTGTGTTGCCCAAATCATAAGGGGCATGATGATTTGACGTCATCCCCGCCTTCCTCC
>sq37;size=1149;
TATTCACCGCGCCATGGCTGATGCGCGATTACTAGCGAATCCAGCTTCGTGGGGTCGGGTTGCAGACCCCAGTCCGAACTGGGACCGGATTTAAGGATTGGATCGTGTTTGCACAAAATCAACTCTCTGTACCGGCCATTGTAACACGTGTGTAGCCCCGGACGTAAGGGCCGTGCTGATTTGACGTCATCCCCACCTTCCTCA
>sq38;size=390;
TATTCACCGCAACATGCTGATCTGCGATTACTAGCGATTCCGACTTCAAAAAGGCGAGTTTCAGCCTTTTATCCGAACTGGGACCGGCTTTGGTGCGATTTGCTTCACATCACTGCTTCGCTTCGCATTGTACCGGCCATTGTAGCGCGATTCTAGCCCAAGGCGTAAGGGAAATACTGACCTGACATCATCCCCTCCTTCCTC
>sq39;size=280;
CATTCACCGCGACATTCTGATTCGCGATTACTAGCAACTCCGACTTCATGTAGGCGAGTTGCAGCCTACAATCCGAACTGAGATTGGTTTTTAGAGTTTTGCTTAACATCACTGTCTAGCTTCTCGTTGTACCAACCATTGTAGCACGTGTGTAGCCCAAGACATAAAGGGCATGATGATTTGACGTCATCCCCACCTTCCTCC
>sq40;size=254;
CATTCACCGCAGCATTCTGATCTGCGATTACTAGCAACTCCGACTTCATGTAGGCGAGTTGCAGCCTACAATCCGAACTGGGATCGGTTTTGGTGTTTCGCTCCACTTCGCAGTATTGCATCTCATTGTACCGACCATTGTAGCACGTGTGTAGCCCAGAACATAAGGGGCATGATGATTTGACGTCATCCCCACCTTCCTCCG
>sq41;size=238;
TATTCACCGCGGCATGCTGATCCGCGATTACTAGCGATTCCAGCTTCATGCACTCGAGTTGCAGAGTGCAATCCGGACTACGATCGGTTTTCTGGGATTAGCTCCCCCTCGCGGGTTGGCAACCCTCTGTTCCGACCATTGTATGACGTGTGAAGCCCTACCCATAAGGGCCATGAGGACTTGACGTCATCCCCACCTTCCTCC
>sq42;size=191;
TATTCACCGCAACTTGCTGATTTGCGATTACTAGCGATTCCGACTTCATGGAGGCGAGTTTCAGCCTCCAATCCGAACTGGGACTAGCTTTGGTGCGATTTGCTTCACCTCGCGGCTTCGCTGCGCATTGTACTAGCCATTGTATCGTGTTTCTAGCCCAGGACGTAAGGGAAATACTGACCTGACATCATCCCCTCCTTCCTC
>sq43;size=187;
TATTCACCGCAACATTCTGATTTGCGATTACTAGCGATTCCGACTTCATGGAGTCGAGTTGCAGACTCCAATCCGGACTTAGACGTACTTTGTGAGATTCGCTCCAGCTCGCACTCTCGCTTCCCTCTGTATACGCCATTGTAGCACGTGTGTAGCCCTACTCGTAAGGGCCATGATGACTTGACGTCATCCCCACCTTCCTCC
>sq44;size=220;
TATTCACCGCGGCATTCTGATCCGCGATTACTAGCGATTCCGACTTCATGGAGTCGAGTTGCAGACTCCAATCCGGACTACGATCGGCTTTTTGAGATTAGCATCACATCGCTGTGTAGCAACCCTTTGTACCGACCATTGTAGCACGTGTGTAGCCCTGGCCGTAAGGGCCATGATGACTTGACGTCGTCCCCGCCTTCCTCC
>sq45;size=668;
TATTCACCGCGCCATGGCTGATGCGCGATTACTAGCGAATCCAGCTTCGTGGGGTCGGGTTGCAGACCCCAGTCCGAACTGGGACCGGCTTTCAAGATTTGATGCAATTTGCATTACACCATCCCTCTGTACCGGCCATTGTAACACGTGTGTAGCCCCGGACGTAAGGGCCGTGCTGATTTGACGTCATCCCCACCTTCCTCA
>sq46;size=168;
TATTCACCGCAGTATGCTGACCTGCGATTACTAGCGATTCCGACTTCACGTAGGCGAGTTGCAGCCTACGATCCGAACTGAGAGAGTGTTTCTCGGGTTTGCTCCATCTCGCGATCTCGCTTCCGTCTATTAACTCCCATTGTAGTACGTGTGTAGCCCAGGTCATAAGGGGCATGATGATTTGACGTCATCCCCGCCTTCCTC
>sq47;size=133;
TATTCACCGCAGTATGCTGACCTGCGATTACTAGCGATTCCGACTTCACGTAGGCGAGTTGCAGCCTACGATCCGAACTGAGAGAGTGTTTCTCGGGTTTGCTCCACCTCGCAGTATTGCTTCCGTCTATTAACTCCCATTGTAGTACGTGTGTAGCCCAGGTCATAAGGGGCATGATGATTTGACGTCATCCCCGCCTTCCTC
>sq48;size=219;
TATTCACCGCGCCATGGCTGATGCGCGATTACTAGCGAATCCGGCTTCGTGGAGTCGGGTTGCAGACTCCAGTCCGAACTGAGGCCGGGTTTTGGGATCAGCATCCTGTTGCCAGGTAGCTTCCTGCTGCTCCGACCATTGTAACACGTGTGTAGCCCCGGACGTAAGGGCCGTGCTGATTTGACGTCATCCCCACCTTCCTCC
>sq49;size=118;
TATTCACCGCGGCATTCTGATCCGCGATTACTAGCGATTCCGACTTCATGGAGTCGAGTTGCAGACTCCAATCCGGACTACGATCGGCTTTTTGAGATTAGCATCCTATCGCTAGGTAGCAACCCTTTGTACCGACCATTGTAGCACGTGTGTAGCCCTGGTCGTAAGGGCCATGATGACTTGACGTCGTCCCCGCCTTCCTCC
>sq50;size=309;
TATTCACCGCGCCATGGCTGATGCGCGATTACTAGCGAATCCAGCTTCGTGGGGTCGGGTTGCAGACCCCAGTCCGAACTGGGACCGGATTTCAAGATTGGATGCAACTTGCATTGCACCGTCCCTCTGTACCGGCCATTGTAACACGTGTGTAGCCCCGGACGTAAGGGCCGTGCTGATTTGACGTCATCCCCACCTTCCTCG
>sq51;size=106;
TATTCACGGCAGTATGCTGACCTGCCATTACTAGCAATTCCAGCTTCATGGAGCCGAATTTCAGACTCCAATCCGAACTGAGAATAAGTTTAGGGTTTTGCTCCAGTTCGCACTTTCGCTTCCCTCTGTCTTACCCATTGTAGTACGTGTGTAGCCCAGGACATAAAGGGCATGATGATTTGACGTCGTCCCCACCTTCCTCCG
>sq52;size=161;
TATTCACCGCGCCATGGCTGATGCGCGATTACTAGCGAATCCAGCTTCGCGGGGTCGGGTTGCAGACCCCGGTCCGAACTGGGACGCGTTTTATTGATTAGATACTGTTTGCACAGCACCGACACTCTGTACGCGCCATTGTAACACGTGTGTAGCCCCGGACGTAAGGGCCGTGCTGATTTGACGTCATCCCCACCTTCCTCA
>sq53;size=104;
TATTCACCGCGGCGTGCTGATCCGCGATTACTAGCGATTCCGGCTTCATGTAGTCGAGTTGCAGACTACAATCCGAACTGAGAATGGCTTTTAGAGATTCGCTTACCCTCGCGAGTTCGCTGCTCGTTGTACCATCCATTGTAGCACGTGTGTAGCCCAGGTCATAAGGGGCATGATGATTTGACGTCATCCCCACCTTCCTCC
>sq54;size=266;
TATTCACCGCGCCATGGCTGATGCGCGATTACTAGCGAATCCAGCTTCGTGGGGTCGGGTTGCAGACCCCAGTCCGAACTGGGACCGGCTTTCAAGATTGGATGCAATTTACATTACACCGTCCCTCTGTACCGGCCATTGTAACACGTGTGTAGCCCCGGACGTAAGGGCCGTGCTGATTTGACGTCATCCCCACCTTCCTCA
>sq55;size=183;
TATTCACCGCACCATGGCTGATGTGCGATTACTAGCGAATCCAGCTTCGTGGAGTCGGGTTGCAGACTCCAGTCCGAACTGAGACGACTTTTGGAGATCGGCGCCCCGTCACCGGGTGGCTCCCCTCTGTAGTCGCCATTGTAACACGTGTGTAGCCCCGGACGTAAGGGCCGTGCTGATTTGACGTCATCCCCCCCTTCCTCA
>sq56;size=53;
TATTCACCGCAGTATGCTGACCTGCGATTACTAGCGATTCCTGCTTCATGTAGGCGAGTTGCAGCCTACAATCCGAACTGAGACTCTGTTTTTGGGGTTTGCTCCGGATCGCTCCTTCGCTTCCCTCTATTAAGAGCCATTGTAGTACGTGTGTAGCCCAAGCCATAAGGGGCATGATGACTTGACGTCATCCCCGCCTTCCTC
>sq57;size=90;
TATTCACCGCGGCATGCTGATCCGCGATTACTAGCGATTCCAACTTCATGCCCTCGAGTTGCAGAGGACAATCCGAACTGAGACGACTTTTAAGGATTAACCCTCTGTAGTCGCCATTGTAGCACGTGTGTAGCCCACCCTGTAAGGGCCATGAGGACTTGACGTCATCCCCACCTTCCTCCGGCTTAGCACCGGCAGTCCCAT
>sq58;size=96;
TATTCACCGCGCCATGGCTGATGCGCGATTACTAGCGAATCCAGCTTCGTGGGGTCGGGTTGCAGACCCCAGTCCGAACTGAGGGAGGCTTTCATGATTTGAATGACCTTGCGGGCATCCCGCTCGCTGTACCCCCCATTGTAACACGTGTGTAGCCCCGGACGTAAGGGCCGTGCTGATTTGACGTCATCCCCACCTTCCTCA
>sq59;size=59;
TATTCACCGCGACATTCTGATTCGCGATTACTAGCGATTCCAGCTTCATGTAGTCGAGTTGCAGACTACAATCCGAACTGAGAATAGTTTTATGAGGTTTGCTTGCTCTCGCGAGTTAGCTTCTCTTTGTTCCTATCCATTGTAGCACGTGTGTAGCCCAAGTCATAAGGGGCATGATGATTTGACGTCATCCCCGCCTTCCTC
>sq60;size=80;
TATTCACCGCGCCATGGCTGATGCGCGATTACTAGCGAATCCAGCTTCATGGAGTCGAGTTGCAGACTCCAATCCGAACTGAGGGTAGATTTAATAGATTAGCTCACCATCGCTGGCTGGCAACTCTCTGTACTACCCATTGTAACACGTGTGTCGCCCTGGACGTAAGGGCCGTGCTGATTTGACGTCATCCCCACCTTCCTC
>sq61;size=70;
TATTCACCGCATCATTGCTGATATGCGATTACTAGCGAATCCAACTTCACGAAGTCGAGTTGCAGACTTCGATCCGAACTGAGAATGGCTTTTTGAGATTAGCTTCACATCGCTGTGTCGCAACTCTCTGTACCATCCATTGTAGCACGTGTGTAGCCCTGGACGTAAGGGCCATGATGACTTGACGTCGTCCTCGCCTTCCTC
>sq62;size=120;
TATTCACCGCGCCATGGCTGATGCGCGATTACTAGCGAATCCAGCTTCACGGAGTCGGGTTGCAGACTCCGATCCGAACTGAGAGAGGTTTTAAAGATTAGCATCCCGTCGCCGGGTAGCGGCCTTCTGTACCCCCCATTGTAACACGTGTGTAGCCCCGGACGTAAGGGCCGTGCTGATTTGACGTCATCCCCACCTTCCTCA
>sq63;size=72;
TATTCACCGCGGCATGCTGATCCGCGATTACTAGCGATTCCGACTTCATGCAGTCGAGTTGCAGACTGCAATCCGGACTACGATCGGTTTTTTGGGATTGGCTCCACCTCGCGGCTTCGCAACCCTCTGTACCGACCATTGTATGACGTGTGAAGCCCTACACATAAGGGCCATGAGGACTTGACGTCATCCCCACCTTCCTCC
>sq64;size=100;
TATTCACCGTGGCGTTGCTGATCCACGATTACTAGCGACTCCAACTTCATGAGGTCGAGTTGCAGACCTCAATCCGAACTGAGACCGGCTTTTTGGGATTCGCTCCACCTTACGGTATCGCAGCCCTTTGTACCGGCCATTGTAGCATGCGTGAAGCCCAAGACATAAGGGGCATGATGATTTGACGTCATCCCCACCTTCCTC
>sq65;size=38;
TATTCACCGCGGCATTCTGATCCGCGATTACTAGCGATTCCTACTTCATGGAGTCGAGTTGCAGACTCCAATCTGGACTACGATAGGCTTTTTGAGATTCGCATCACATCGCTGTGTAGCTGCCCTCTGTACCTACCATTGTAGCACGTGTGTAGCCCTGGTCGTAAGGGCCATGATGACTTGACGTCGTCCCCGCCTTCCTCC
>sq66;size=60;
TATTCACCGCGCCATGGCTGATGCGCGATTACTAGCGAATCCAGCTTCGTGGAGTCGGGTTGCAGACTCCAGTCCGAACTGAGACCGGTTTTCATGGATCAGCGCCCAGTCGCCTGGTGGCTTCCCTCTGTACCGGCCATTGTAACACGTGTGTAGCCCCGGACGTAAGGGCCGTGCTGATTTGACGTCATCCCCACCTTCCTC
>sq67;size=1166;
CATTCACCGCGGCGTGCTGATCCGCGATTACTAGCAACTCCGACTTCATGGAGGCGGGTTGCAGCCTCCAATCCGAACTGGGACCGGCTTTAGAGATTCGCTCGCCCTTGCGGGTTGGCAGCTCATTGTGCCGGCCATTGTAGCACGTGTGTAGCCCAGGACATAAGGGGCATGATGACTTGACGTCGTCCCCACCTTCCTCCG
>sq68;size=74;
TATTCACCGGATCATGGCTGATATCCGATTACTAGCGATTCCAGCTTCACGGAGTCGAGTTGCAGACTCCGATCCGAACTGTGACCGTCTTTATAGATTCGCTCCTGCTCACGCAGTGGCTGCTCTCTGTAACGACCATTGTAGCACGTGTGTAGCCCAAGATGTAAGGGCCGTGATGATTTGACGTCATCCCCACCTTCCTCA
>sq69;size=158;
TATTCACCGCGCCATGGCTGATGCGCGATTACTAGCGAATCCAGCTTCGTGGGGTCGGGTTGCAGACCCCAGTCCGAACTGGGACCGGCTTTGAGGATTGGACCGCACTTGCGCGCGGCCGACGCTCTGTACCGGCCATTGTAACACGTGTGTAGCCCCGGACGTAAGGGCCGTGCTGATTTGACGTCGTCCCCACCTTCCTCG
>sq70;size=21;
TATTCACCGCAGCAATGCTGATCTGCGATTACTAGCGACTCCGACTTCATGGGGTCGAGTTGCAGACCCCAATCCGAACTGAGACTGGCTTTACGTGATTCGCTCACCCTCACGGGATCGCAACACTTTGTACCAGCCATTGTAGCATGCGTGAAGCCCTGGACATAAGGGGCATGATGACTTGACGTCATCCCCACCTTCCTC
>sq71;size=12;
TATTCACCGCGCCGTGCTGATGCGCGATTACTAGCGATTCCAACTTCATGAAGTCGAGTTTCAGACTTCAATCCGAACTACGATTGCTTTTTTGCGGTTTGCTCCACCTTACGGTCTCGCTTCGCTTTGTAGCAACCATTGTAGCACGTGTGTAGCCCTGGACATAAGGGCCATGATGACTTGACGTCATCCCCACCTTCCTCC
>sq72;size=189;
TATTCACCGCAACATTCTGATTTGCGATTACTAGCGATTCCGACTTCATGGAGTCGAGTTGCAGACTCCAATCCGGACTTAGACGTACTTTGTGAGATTCGCTCCAGCTCGCACTATCGCTTCCCTCTGTATACGCCATTGTAGCACGTGTGTAGCCCTACTCGTAAGGGCCATGATGACTTGACGTCATCCCCACCTTCCTCC
>sq73;size=58;
TATTCACCGCGCCATGGCTGATGCGCGATTACTAGCGAATCCAGCTTCGTGGGGTCGGGTTGCAGACCCCAGTCCGAACTGAGGGAGGCTTTATTGATTAGAATGACCTTGCGGGCATCCAACTCGCTGTACCCCCCATTGTAACACGTGTGTAGCCCCGGACGTAAGGGCCGTGCTGATTTGACGTCATCCCCACCTTCCTCA
>sq74;size=119;
TATTCACCGTAGCATGCTGATCTACGATTACTAGCGATTCCAGCTTCATGTAGTCGAGTTGCAGACTACAATCCGAACTGAGAACAACTTTATGGGATTTGCTTGACCTCGCGGTTTCGCTACCCTTTGTATTGTCCATTGTAGCACGTGTGTAGCCCAAATCATAAGGGGCATGATGATTTGACGTCATCCCCACCTTCCTCC
>sq75;size=100;
TATTCACCGCGGCGTGCTGATCCGCGATTACTAGCGATTCCGACTTCATGTAGGCGAGTTGCAGCCTACAATCCGAACTGAGACTGGCTTTAAGAGATTAGCTTGTCGTCACCGACTTGCGACTCGTTGTACCAGCCATTGTAGCACGTGTGTAGCCCAGGTCATAAGGGGCATGATGATTTGACGTCATCCCCACCTTCCTCC
>sq76;size=200;
TATTCACCGCAGCGTTGCTGATCTGCGATTACTAGCGACTCCGACTTCATGAGGTCGAGTTGCAGACCTCAATCCGAACTGGGACCGGCTTTTTGGGATTCGCTCCACCTTGCGGTATTGCAGCCCATTGTACCGGCCATTGTAGCATGCGTGAAGCCCAAGACATAAGGGGCATGATGATTTGACGTCATCCTCACCTTCCTC
>sq77;size=4;
TATTCACCGCAGTATGCTGACCTGCGATTACTAGCGATTCCGACTTCATGCAGGCGAGTTGCAGCCTGCAATCCGAACTGGGAAACGGTTTTTGAGGTTCGCTTGCCCTCGCGGGTTCGCTGCTCTCTGTCCGTTCCATTGTAGTACGTGTGTAGCCCAGACCATAAGGGGCATGATGACTTGACGTCATCCCCGCCTTCCTCC
>sq78;size=967;
TATTCACCGCGACATGCTGATTCGCGATTACTAGCGATTCCAGCTTCGTGCAGGCGGGTTGCAGCCTGCAGTCCGAACTGGGTCGTTGTTTTTGAGATTCGCTTCAGGTCACCCTTTCGCTTCCCTCTGTTACGACATTGTAGCACGTGTGTAGCCCAGACCATAAGGGGCATGATGATTTGACGTCATCCCCACCTTCCTCCG
>sq79;size=4;
TATTCACCGCACCGTGCTGATGTGCGATTACTAGCGATTCCAACTTCATGGAGTCGAGTTTCAGACTCCAATCCGGACTACGATCGGATTTCTGCGTTCTGCTTGTACTCTCGCACTCGCTTCGCTCTGTCCCAACCATTGTAGCACGTGTGTAGCCCTGGACATAAGGGCCATGATGACTTGACGTCATCCCCACCTTCCTCC
>sq80;size=6;
TATTCACCGCGTCATGCTGTTACGCGATTACTAGCGATTCCAACTTCATGCACTCGAGTTGCAGAGTGCAATCCGAACTGAGACGGTTTTTAAAGATTAGCTCCGGGTCGCCCCTTCGCTGCCCATTGTCACCGCCATTGTAGCACGTGTGTAGCCCAGCCCGTAAGGGCCATGAGGACTTGACGTCATCCCCACCTTCCTCTC
>sq81;size=21;
TATTCACCGCGCCATGGCTGATGCGCGATTACTAGCGAATCCAGCTTCGTGGGGTCGGGTTGCAGACCCCAGTCCGAACTGAGGCCGGATTTAGGGATTGGGCCGGGCTCGCGCCCGGACGACTCTCTGTACCGGCCATTGTAACACGTGTGTAGCCCCGGACGTAAGGGCCGTGCTGATTTGACGTCATCCCCACCTTCCTCA
>sq82;size=168;
TATTCACCGCAGCATGCTGATCTGCGATTACTAGCGATTCCAGCTTCGTGTAGTCGGGTTGCAGACTACAGTCCGAACTGAGACGTTATTTTTGAGATTTGCTTAAGGTCGCCCTCTTGCTTCCCTTTGTTTACGCCATTGTAGCACGTGTGTAGCCCAAGTCATAAGGGGCATGATGATTTGACGTCATCCCCGCCTTCCTCC
>sq83;size=141;
TATTCACCGCGCCATGGCTGATGCGCGATTACTAGCGAATCCAGCTTCGTGGGGTCGGGTTGCAGACCCCAGTCCGAACTGGGACCGGATTTAAGGATTAGATCGTGTTTGCACACAACCAACTCTCTGTACCGGCCATTGTAACACGTGTGTAGCCCCGGACGTAAGGGCCGTGCTGATTTGACGTCATCCCCACCTTCCTCA
>sq84;size=34;
TATTCACCGCAGCGTTGCTGATCTGCGATTACTAGCGACTCCAACTTCACGAAGTCGAGTTGCAGACTTCGATCCGAACTGAGACCGGCTTTTAGGGATTAGCTCCACCTCACAGTATCGCAACCCACTGTACCGGCCATTGTAGCATGCGTGAAGCCCAAGACATAAGGGGCATGATGATTTGACGTCATCCCCACCTTCCTC
>sq85;size=57;
TATTCACCGCAGTATGCTGACCTGCGATTACTAGCGATTCCGACTTCACGTAGGCGAGTTGCAGCCTACGATCCGAACTGAGAGAGTGTTTCTCGGGTTTGCTCCACCTCGCGGTATTGCTTCCGTCTATTAACTCCCATTGTAGTACGTGTGTAGCCCAGGTCATAAGGGGCATGATGATTTGACGTCATCCCCGCCTTCCTC
>sq86;size=100;
TATTCACCGCAGCGTGCTGATCCGCGATTACTAGCGATTCCGACTTCATGTAGGCGAGTTGCAGCCTACAATCCGAACTGAGATTGGCTTTAAGAGATTAGCTTGCCGTCACCGACTCGCAACTCGTTGTACCAACCATTGTAGCACGTGTGTAGCCCAGGTCATAAGGGGCATGATGATTTGACGTCATCCCCACCTTCCTCC
>sq87;size=135;
TATTCACCGCGGCGTGCTGATCCGCGATTACTAGCGATTCCGACTTCATGTAGGCGAGTTGCAGCCTACAATCCGAACTGAGACTGGCTTTAAGAGATTAGCTTGCCGTCACCGACTTGCGACTCGTTGTACCAGCCATTGTAGCACGTGTGTAGCCCAGGTCATAAGGGGCATGATGATTTGACGTCATCCCCACCTTCCTCC
>sq88;size=4;
TATTCACCGCAGCATGCTGATCTGCGATTACTAGCGATTCCAACTTCATGCTCTCGAGTTGCAGAGAACAATCCGAACTGAGACGGTTTTTAAGGGATTGGCTTAGTCTCGCGACTTTGCTTCCCGTTGTCACCGCCATTGTAGCACGTGTGTAGCCCAGCCCATAAGGGCCATGAGGACTTGACGTCATCCCCACCTTCCTCC
>sq89;size=16;
TATTCACCGCGCCATGGCTGATGCGCGATTACTAGCGAATCCAGCTTCGTGAGGTCGGGTTGCAGACCTCAGTCCGAACTGGGACCGGCTTTTAAGATTCGATCGCATTTACATGCAACCTGCCCTCTGTACCGGCCATTGTAACACGTGTGTAGCCCCGGACGTAAGGGCCGTGCTGATTTGACGTCATCCCCACCTTCCTCA
>sq90;size=46;
TATTCACCGCGCCATGGCTGATGCGCGATTACTAGCGAATCCAGCTTCGTGAGGTCGGGTTGCAGACCTCAGTCCGAACTGGGACCGGCTTTTAAGATTTGATGCAATTTACATTACACCCTCCCTCTGTACCGGCCATTGTAACACGTGTGTAGCCCCGGACGTAAGGGCCGTGCTGATTTGACGTCATCCCCACCTTCCTCA
>sq91;size=70;
TATTCACCGCGGCATGCTGATCCGCGATTACTAGCGATTCCGACTTCATGCAGTCGAGTTGCAGACTGCAATCCGGACTACGATCGGTTTTTTGGGATTGGCTCCACCTCGCGGCTTCGCAACCCTCTGTACCGACCATTGTATGACGTGTGAAGCCCTACATATAAGGGCCATGAGGACTTGACGTCATCCCCACCTTCCTCC
>sq92;size=82;
TATTCACCGCAACTTGCTGATTTGCGATTACTAGCGATTCCGACTTCATGTAGGCGAGTTTCAGCCTACAATCCGAACTGGGACTAGCTTTGATGCGATTTGCTTCACCTCGCGGCTTCGCTGCGCATTGTACTAGCCATTGTATTACGTTTCTAGCCCAGGACGTAAGGGAAATACTGACCTGACATCATCCCCTCCTTCCTC
>sq93;size=60;
TATTCACCGCAGTATGCTGACCTGCGATTACTAGCGATTCCGACTTCACGTAGGCGAGTTGCAGCCTACGATCCGAACTGAGAGAGTGTTTCTCGGGTTTGCTCCACCTCGTGGTTTCGCTTCCGTCTATTAACTCCCATTGTAGTACGTGTGTAGCCCAGGTCATAAGGGGCATGATGATTTGACGTCATCCCCGCCTTCCTC
>sq94;size=184;
TATTCACCGCGCCATGGCTGATGCGCGATTACTAGCGAATCCAGCTTCGTGGGGTCGGGTTGCAGACCCCAGTCCGAACTGGGACCGGCTTTCAAGATTTGATGCAATTTACATTACACCATCCCTCTGTACCGGCCATTGTAACACGTGTGTAGCCCCGGACGTAAGGGCCGTGCTGATTTGACGTCATCCCCACCTTCCTCA
>sq95;size=30;
TATTCACCGCGCCATGGCTGATGCGCGATTACTAGCGAATCCAGCTTCGTGGGGTCGGGTTGCAGACCCCAGTCCGAACTGGGACCGGCTTTCAAGATTGGATGCAATTTGTATTACACCGTCCCTCTGTACCGGCCATTGTAACACGTGTGTAGCCCCGGACGTAAGGGCCGTGCTGATTTGACGTCATCCCCACCTTCCTCA
