>sq1;size=8955;
CTCGTGTCGTGAGATGTTGGGTTAAGTCCCGCAACGAGCGCAACCCCTATTGTTAGTTGCCATCATTCAGTTGGGCACTCTAGCGAGACTGCCGGTAATAAACCGGAGGAAGGTGGGGATGACGTCAAATCATCATGCCCCTTATGACCTGGGCTACACACGTGCTACAATGGTTGGTACAACGAGTTGCGAGTCGGTGACGGCAAGCTAATCTCTTAAAGCCAATCTCAGTT
>sq2;size=9328;
CTCGTGTCGTGAGATGTTGGGTTAAGTCCCGCAACGAGCGCAACCCTTATCTTCAGTTGCCAGCACGTAGAGGTGGGAACTCTGGAGAGACTGCCGATGACAAATCGGAGGAAGGTGGGGATGACGTCAAATCATCATGCCCTTTATGTCTTGGGCTACACACGTGCTACAATGGTTGGTACAACGAGAAGCGAGATAGAGATGTTAAGCGAAACTCTAAAAACCAATCTCAG
>sq3;size=8359;
CTCGTGTCGTGAGATGTTGGGTTAAGTCCCGCAACGAGCGCAACCCCTTTCGTATGTTACCATCATTAAGTTGGGGACTCATGCGATACTGCCTACGATGAGTAGGAGGAAGGTGGGGATGACGTCAAGTCATCATGCCCCTTATACGCTGGGCTACACACGTGCTACAATGGGTAGAACAGAGAGTTGCAAAGCTGTGAAGTGGAGCTAATCTCAGAAAACTATTCTTAGTT
>sq4;size=4666;
CTCGTGTCGTGAGATGTTGGGTTAAGTCCCGCAACGAGCGCAACCCTTGCCCTATGTTGCCAGCACGTGATGGTGGGGACTCGTGGGGGACTGCCGGGGTTAACTCGGAGGAAGGTGGGGATGACGTCAAATCATCATGCCCCTTATGTCTTGGGCTTCACGCATGCTACAATGGTTGGTACAGAGGGTTGCGATATCGTGAGGTGGAGCGAATCCCTTAAAGCCAGTCTCAG
>sq5;size=4819;
CTCGTGTCGTGAGATGTTGGGTTAAGTCCCGCAACGAGCGCAACCCTTATATCTAGTTGCCAGCAGTAAGATGGGGACTCTAGATAGACTGCCAGTGATAAACTGGAGGAAGGTGGGGATGACGTCAAATCATCATGCCCCTTATGACTTGGGCTACACACGTGCTACAATGGATAGGAACAAAGAGAAGCGAGCTCGCGAGAGTAAGCAAACCTCACAAAACTATTCTCAGT
>sq6;size=5296;
CTCGTGTCGTGAGATGTTGGGTTAAGTCCCGCAACGAGCGCAACCCTTATTGTTAGTTGCCATCATTCAGTTGGGCACTCTAGCGAGACTGCCGGTAATAAACCGGAGGAAGGTGGGGATGACGTCAAATCATCATGCCCCTTATGACCTGGGCTACACACGTGCTACAATGGCTGGTACAACGAGTCGCAAGCCGGTGACGGCAAGCTAATCTCTGAAAGCCAGTCTCAGTT
>sq7;size=3892;
CTCGTGTCGTGAGATGTTGGGTTAAGTCCCGCAACGAGCGCAACCCTTATATCTAGTTGCCAGCAGTAAGATGGGGACTCTAGATAGACTGCCAGTGATAAACTGGAGGAAGGTGGGGATGACGTCAAATCATCATGCCCCTTATGACTTGGGCTACACACGTGCTACAATGGATAGGAACAAAGAGAAGCGAGCTCGCGAGAGTCAGCCAACCTCATAAAACTATTCTCAGT
>sq8;size=3432;
CTCGTGTCGTGAGATGTTGGGTTAAGTCCCGCAACGAGCGCAACCCCTATTGTTAGTTGCCATCATTCAGTTGGGCACTCTAGCGAGACTGCCGGTAATAAACCGGAGGAAGGTGGGGATGACGTCAAATCATCATGCCCCTTATGACCTGGGCTACACACGTGCTACAATGGCTGGTACAACGAGTCGCAAGCCGGTGACGGCAAGCTAATCTCTTAAAGCCAGTCTCAGTT
>sq9;size=2300;
CTCGTGTCGTGAGATGTTGGGTTAAGTCCCGCAACGAGCGCAACCCTTGCCCTATGTTGCCAGCACGTGATGGTGGGGACTCGTGGGGGACTGCCGGGGTTAACTCGGAGGAAGGTGGGGATGACGTCAAATCATCATGCCCCTTATGTCTTGGGCTTCACGCATGCTACAATGGTTGGTACAGAGGGTTGCGATACTGTGAGGTGGAGCGAATCCCTTAAAGCCAGTCTCAG
>sq10;size=2983;
CTCGTGTCGTGAGATGTTGGGTTAAGTCCCGCAACGAGCGCAACCCTTGTCATTAGTTGCCATCATTAAGTTGGGCACTCTAGTGAGACTGCCGGGGACAACTCGGAGGAAGGTGGGGATGACGTCAAATCATCATGCCCCTTATGTTCTGGGCTACACACGTGCTACAATGGCTGGTACAAAGAGAAGCAAGACCGCAAGGTGGAGCAAAGCTCAAAAACCAGCCCCAGTTC
>sq11;size=3169;
CTCGTGTCGTGAGATGTTGGGTTAAGTCCCGCAACGAGCGCAACCCCTATTGTTAGTTGCCATCATTGAGTTGGGCACTCTAGCGAGACTGCCGGTAATAAACCGGAGGAAGGTGGGGATGACGTCAAATCATCATGCCCCTTATGACCTGGGCTACACACGTGCTACAATGGCTGGTACAACGAGTCGCGAGTCGGTGACGGCAAGCTAATCTCTTAAAGCCAGTCTCAGTT
>sq12;size=8234;
CTCGTGTCGTGAGATGTTGGGTTAAGTCCCGCAACGAGCGCAACCCTTGTTCACTGTTGCCAGCACGTTATGGTGGGGACTCAGTGGAGACCGCCGGGGTCAACTCGGAGGAAGGTGGGGATGACGTCAAGTCATCATGCCCCTTATGTCCAGGGCTTCACGCATGCTACAATGGCTGGTACAGAGAGTGGCGAGCCTGTGAGGGTGAGCGAATCTCGGAAAGCCGGTCTCAG
>sq13;size=2328;
CTCGTGTCGTGAGATGTTGGGTTAAGTCCCGCAACGAGCGCAACCCTTGTTCACTGTTGCCAGCACGTTATGGTGGGGACTCAGTGGAGACTGCCGGGGTCAACTCGGAGGAAGGTGGGGATGACGTCAAGTCATCATGCCCCTTATGTCCAGGGCTTCACGCATGCTACAATGGCTGGTACAAAGAGTTGCGAGCCTGTGAGGGTGAGCGAATCTCGGAAAGCCGGTCTCAG
>sq14;size=2019;
CTCGTGTCGTGAGATGTTGGGTTAAGTCCCGCAACGAGCGCAACCCTTGTCGCTAGTTACTAACATTCAGTTGAGGACTCTAGCGAGACTGCCGAGGTCAACTCGGAGGAAGGTGGGGATGACGTCAAATCATCATGCCCCTTATGTTCTGGGCTACACACGTGCTACAATGGTCGGTACAATGAGAGGCAATACTGTGAAGTGGAGCAAATCACCAAAACCGATCCCAGTTC
>sq15;size=1811;
CTCGTGTCGTGAGATGTTGGGTTAAGTCCCGCAACGAGCGCAACCCCTATCTTATGTTGCCAGCACTTCGGGTGGGAACTCATGAGAGACTGCCGCAGACAATGCGGAGGAAGGCGGGGATGACGTCAAATCATCATGCCCCTTATGACCTGGGCTACACACGTACTACAATGGGAGTTAATAGACGGAAGCGAAACCGCGAGGTGGAGCAAACCCGAGAAACACTCTCTCAG
>sq16;size=1734;
CTCGTGTCGTGAGATGTTGGGTTAAGTCCCGCAACGAGCGCAACCCCTATGTCTAGTTGCCAGCAGTAAGATGGGGACTCTAGACAGACTGCCAGTGATAAACTGGAGGAAGGCGGGGATGACGTCAAATCATCATGCCCCTTATGACTTGGGCTACACACGTGCTACAATGGATAGGAACAAAGAGAAGCTAACTCGCGAGAGCAAGCAAACCTCATAAAACTATTCTCAGT
>sq17;size=1326;
CTCGTGTCGTGAGATGTTGGGTTAAGTCCCGCAACGAGCGCAACCCTTATTACTAGTTGCCAGCATTGAGTTGGGCACTCTAGTGAGACTGCCGGTGACAAACCGGAGGAAGGTGGGGATGACGTCAAATCATCATGCCCCTTATGACTTGGGCTACACACGTGCTACAATGGATGGTACAACGAGCAGCGAACTCGCGAGGGTAAGCGAATCTCTTAAAGCCATTCTCAGTT
>sq18;size=1289;
CTCGTGTCGTGAGATGTTGGGTTAAGTCCCGCAACGAGCGCAACCCTTGTCTTATGTTGCCAGCATTTGGTTGGGGACTCATGAGAGACTGCCGGGGTCAACTCGGAGGAAGGTGGGGATGACGTCAAATCATCATGCCCCTTATGTCCAGGGCTTCACACATGCTACAATGGTCGGTACAACGCGCAGCGACACTGTGAGGTGGAGCGAATCGCTGAAAGCCGGCCTTAGTT
>sq19;size=1418;
CTCGTGTCGTGAGATGTTGGGTTAAGTCCCGCAACGAGCGCAACCCCTATAGTTAGTAGCCAGCAGTAAGATGGGCACTCTAACTAGACTGCCAGGGATAACCTGGAGGAAGGCGGGGATGACGTCAAATCATCATGCCCCTTATGACTTGGGCTACACACGTGCTACAATGGCGTAAACAAAGGGAAGCAAGAGGGTGACCTTAAGCAAATCTCAAAAATAACGTCTCAGTT
>sq20;size=1408;
CTCGTGTCGTGAGATGTTGGGTTAAGTCCCGCAACGAGCGCAACCCTTATTGTTAGTTGCCATCATTTAGTTGGGCACTCTAGCGAGACTGCCGGTAATAAACCGGAGGAAGGTGGGGATGACGTCAAATCATCATGCCCCTTATGACCTGGGCTACACACGTGCTACAATGGCTGGTACAACGAGTTGCAAGTCGGTGACGGCAAGCTAATCTCTTAAAGCCAGTCTCAGTT
>sq21;size=1186;
CTCGTGTCGTGAGATGTTGGGTTAAGTCCCGCAACGAGCGCAACCCCTATTGTTAGTTGCCATCATTTAGTTGGGCACTCTAGCGAGACTGCCGGTAATAAACCGGAGGAAGGTGGGGATGACGTCAAATCATCATGCCCCTTATGACCTGGGCTACACACGTGCTACAATGGCTGGTACAACGAGTCGCAAGCCGGTGACGGCAAGCTAATCTCTTAAAGCCAGTCTCAGTT
>sq22;size=950;
CTCGTGTCGTGAGATGTTTGGTTAAGTCCATCAACGAGCGCAACCCTTGCAACCAGTTGTATTTTTCTGGTAGGACTGCCCCGGTAACGGGGAGGAAGGAGGGGATGATGTCAGGTCAGTATTTCCCTTACGCCTTGGGCTAGAATCGCGCTACAATGGCTGGTACAATGCGAAGCGAAGCAGTGATGTGAAGCAAATCGCACCAAAGCCAGTCCCAGTTCGGATAGAAGGCT
>sq23;size=767;
CTCGTGTCGTGAGATGTTGGGTTAAGTCCCGCAACGAGCGCAACCCCTATTGCCGGTAGCCAGCAGGTAAAGCTGGGCACTCCGGCGAGACTGCCCGGGATAACCGGGAGGAAGGCGGGGATGACGTCAAATCATCATGCCCCTTATGATTTGGGCAACACACGTGCTACAATGGCGTTAACAAAGAGAAGCGAGAACGCGAGTTTAAGCAAAGCTCAAAAATAACGTCTCAG
>sq24;size=883;
CTCGTGTCGTGAGATGTTGGGTTAAGTCCCGCAACGAGCGCAACCCCTATTGTTAGTTGCCATCATTCAGTTGGGCACTCTAGCGAGACTGCCGGTAATAAACCGGAGGAAGGTGGGGATGACGTCAAATCATCATGCCCCTTATGACCTGGGCTACACACGTGCTACAATGGCTGGTACAACGAGTCGCGAGTCGGTGACGGCAAGCTAATCTCTTAAAGCCAGTCTCAGTT
>sq25;size=624;
CTCGTGTCGTGAGATGTTGGGTTAAGTCCCGCAACGAGCGCAACCCCTTTCGTATGTTACCATCATTAAGTTGGGGACTCATGCGATACTGCCTACGATGAGTAGGAGGAAGGTGGGGATGACGTCAAGTCATCATGCCCCTTATACGCTGGGCTACACACGTGCTACAATGGGTAGAACAGAGAGTTGCAAAGCCGTGAGGTGAAGCTAATCTCAGAAAACTATTCTTAGTT
>sq26;size=1899;
CTCGTGTCGTGAGATGTTGGGTTAAGTCCCGCAACGAGCGCAACCCTTGTTCACTGTTGCCAGCACGTTATGGTGGGGACTCAGTGGAGACCGCCGGGGTCAACTCGGAGGAAGGTGGGGATGACGTCAAGTCATCATGCCCCTTATGTCCAGGGCTTCACGCATGCTACAATGGCTGGTACAGAGAGTGGCGAGCCTGTAAGGGTGAGCGAATCTCGGAAAGCCGGTCTCAG
>sq27;size=456;
CTCGTGTCGTGAGATGTTGGGTTAAGTCCCGCAACGAGCGCAACCCTTGCCCTATGTTGCCAGCACGTTGTGGTGGGGACTCGTGGGGGACTGCCGGGGTTAACTCGGAGGAAGGTGGGGATGACGTCAAATCATCATGCCCCTTATGTCTTGGGCTTCACGCATGCTACAATGGTTGGTACAGAGGGTTGCGATATCGTGAGGTGGAGCGAATCCCTTAAAGCCAGTCTCAG
>sq28;size=520;
CTCGTGTCGTGAGATGTTGGGTTAAGTCCCGCAACGAGCGCAACCCTTGCCTTCAGTTACCAGCATTCAGTTGGGGACTCTGGAGGGACTGCCGGTGATAAACCGGAGGAAGGTGGGGATGACGTCAAATCATCATGCCCCTTATGGCCTGGGCTACACACGTACTACAATGGCTGTTACAACGTGCAGCGACCTAGCGATAGGAAGCGAATCACTAAAAGACAGTCTCAGTT
>sq29;size=404;
CTCGTGTCGTGAGATGTTGGGTTAAGTCCCGCAACGAGCGCAACCCTTGTCTTCAGTTACCATCATTAAGTTGGGGACTCTGGAGAGACTGCCGGTGATAAACCGGAGGAAGGTGGGGATGACGTCAAATCATCATGCCCCTTATGGCCTGGGCTACACACGTACTACAATGGCTATTACAACGTGGAGCGACTGTGCGAACAGAAGCGAATCACTGAAAGATAGTCTCAGTT
>sq30;size=428;
CTCGTGTCGTGAGATGTTGGGTTAAGTCCCGCAACGAGCGCAACCCTTATATCTAGTTGCCAGCAGTAAGATGGGGACTCTAGATAGACTGCCAGTGATAAACTGGAGGAAGGTGGGGATGACGTCAAATCATCATGCCCCTTATGACTTGGGCTATACACGTGCTACAATGGATAGGAACAAAGAGAAGCGAGCTCGCGAGAGTAAGCAAACCTCACAAAACTATTCTCAGT
>sq31;size=496;
CTCGTGTCGTGAGATGTTGGGTTAAGTCCCGCAACGAGCGCAACCCCTATTTTTAGTAGCCAGCGGTTCGGCCGGGCACTCTAGAAAGACTGCCGAGGATAACTCGGAGGAAGGCGGGGATGACGTCAAATCATCATGCCCCTTATGACCGGGGCTACACACGTGCTACAATGGCAGTTACAGAGGGAAGCGAAGATGTGAATCGGAGCAAATCTCAGAAAGGCTGCCTCAGT
>sq32;size=356;
CTCGTGTCGTGAGATGTTGGGTTAAGTCCCGCAACGAGCGCAACCCCTTTCGTATGTTACCATCATTAAGTTGGGGACTCATGCGATACTGCCTACGATGAGTAGGAGGAAGGTGGGGATGACGTTAAGTCATCATGCCCCTTATACGCTGGGCTACACACGTGCTACAATGGGTAGAACAGAGAGTTGCAAAGCTGTGAAGTGGAGCTAATCTCAGAAAACTATTCTTAGTT
>sq33;size=331;
CTCGTGTCGTGAGATGTTGGGTTAAGTCCCGCAACGAGCGCAACCCTTATCTTCAGTTACCAGCATGTAATGATGGGGACTCTGGAGAGACTGCCGATGACAAATCGGAGGAAGGTGGGGATGACGTCAAATCATCATGCCCTTTATGTCTTGGGCTACACACGTGCTACAATGGTTGGTACAACGAGAAGCTAGACAGTGATGTTAAGCAAAACTCTAAAAACCAATCTCAG
>sq34;size=365;
CTCGTGTCGTGAGATGTTGGGTTAAGTCCCGCAACGAGCGCAACCCTTATTACTAGTTACCAGCATTTCGGATGGGGACTCTAGAAAGACTGCCGATGATAAATCGGAGGAAGGTGGGGATGACGTCAAATCATCATGCCCTATATGCCCTGGGCAACACACGTGCTACAATGGCCGTAACAAAGAGAAGCGAAATCGCAAGGTCAAGCAAACCTCAAAAAGACGGTCTCAGT
>sq35;size=356;
CTCGTGTCGTGAGATGTTGGGTTAAGTCCCGCAACGAGCGCAACCCTTATTGTTAGTTGCCATCATTCAGTTGGGCACTCTAGCGAGACTGCCGGTAATAAACCGGAGGAAGGTGGGGATGACGTCAAATCATCATGCCCCTTATGACCTGGGCTACACACGTGCTACAATGGCTGGTACAACGAGTCGCAAGTCGGTGACGGCAAGCTAATCTCTTAAAGCCAGTCTCAGTT
>sq36;size=303;
CTCGTGTCGTGAGATGTTGGGTTAAGTCCCGCAACGAGCGCAACCCCTACACTTAGTTGCCAGCGGGTGAAGCCGGGCACTCTAAGAGGACTGCCGGTGACAAACCGGAGGAAGGTGGGGATGACGTCAAATCATCATGCCCTTTATACCCTGGGCTACACACGTGCTACAATGGGCGGTACAGAGAGCAGCGAGCCAGCGATGGCAAGCGAATCCCATAAAGCCGTCCCCAG
>sq37;size=280;
CTCGTGTCGTGAGATGTTGGGTTAAGTCCCGCAACGAGCGCAACCCTTTTCCTTATTTGCCAGCGGGTTAAGCCGGGAACTTTAAGGATACTGCCAGTGACAAACTGGAGGAAGGCGGGGACGACGTCAAGTCATCATGGCCCTTACGACCAGGGCTACACACGTGCTACAATGGTCGGTACAAAGGGTTGCTACCTAGCGATAGGATGCTAATCTCAAAAAGCCGATCGTAG
>sq38;size=242;
CTCGTGTCGTGAGATGTTAGGTTAAGTCCTTCAACGAGCGCAACCCTTGTGAATAGTTGTATTTTTCTATTCAGACTGCCCCGGTAACGGGGAGGAAGGAGGGGATGATGTCAGGTCAGTATTTCCCTTACGTCCTGGGCTAGAAACGTAATACAATGGCTAGTACAATGCGCAGCGAAGCCGCGAGGTGAAGCAAATCGCATCAAAGCTAGTCCCAGTTCGGATTGTAGGCT
>sq39;size=215;
CTCGTGCCGTGAGGTGTCGGCTTAAGTGCCATAACGAGCGCAACCCCTCTCTTCAGTTGCCATCAGGTAATGCTGGGCACTCTGGAGACACTGCCACCGTAAGGTGTGAGGAAGGTGGGGATGACGTCAAATCAGCACGGCCCTTACGTCCGGGGCTACACACGTGTTACAATGGCCGGTACAGAGGGATGGTGTAATGCAAATTGCATCAAATCTTGAAAGCCGGTCCCAGT
>sq40;size=189;
CTCGTGCCGTGAGGTGTCGGCTTAAGTGCCATAACGAGCGCAACCCCTTTCTTCAGTTGCCATCAGGTAATGCTGGGCACTCTGGAGATACTGCCACCGCAAGGTGTGAGGAAGGTGGGGATGACGTCAAATCAGCACGGCCCTTACGTCCGGGGCTACACACGTGTTACAATGGCCGGTACAGAGAGTTGGTTGTGTGCAAACACGATCTAATCCTTAAATCCGGTCCCAGT
>sq41;size=193;
CTCGTGTCGTGAGATGTTGGGTTAAGTCCCGCAACGAGCGCAACCCTTGTCGCTAGTTACTAACATTCAGTTGAGGACTCTAGCGAGACTGCCGAGGTCAACTCGGAGGAAGGTGGGGATGACGTCAAATCATCATGCCCCTTATGTTCTGGGCTACACACGTGCTACAATGGTCGGTACAATGAGATGCAATACTGCGAAGTGGAGCGAAACACCAAAACCGATCCCAGTTC
>sq42;size=216;
CTCGTGCCGTGAGGTGTCGGCTTAAGTGCCATAACGAGCGCAACCCCTGTCTTTAGTTGCCATCAGGTTAAGCTGGGCACTCTGGAGATACTGCCACCGTAAGGTGTGAGGAAGGTGGGGATGACGTCAAATCAGCACGGCCCTTACGTCCGGGGCTACACACGTGTTACAATGGCCGGTACAGAGGGACGGTGTAATGTAAATTGCATCTAATCTTGAAAGCCGGTCCCAGT
>sq43;size=181;
CTCGTGTCGTGAGATGTTGGGTTAAGTCCCGCAACGAGCGCAACCCTTGTCATTAGTTGCTACGCAAGAGCACTCTAATGAGACTGCCGGTGACAAACCGGAGGAAGGTGGGGATGACGTCAAGTCCTCATGGCCCTTATGGGTAGGGCTTCACACGTCATACAATGGTCGGGACAGAGGGTCGCCAACCCGCGAGGGGGAGCCAATCTCAGAAACCCGATCGTAGTCCGGAT
>sq44;size=169;
CTCGTGCCGTGAGGTGTCGGCTTAAGTGCCATAACGAGCGCAACCCTTTTCTACGTTTGCCATCGGGTAATGCCGGGAACTCCGTGGATACTGCCGCCGCAAGGCGGAGGAAGGTGGGGATGACGTCAAATCAGCACGGCCCTTACGTCCGGGGCTACACACGTGTTACAATGGTCGGAGCAGCAGGAAGCTACCTGGCGACAGGATGCTGATCCCGAAACCCGGCCTCAGTT
>sq45;size=155;
CTCGTGCCGTGAGGTGTCGGCTTAAGTGCCATAACGAGCGCAACCCCTGTCTTCAGTTGCCATCAGGTGATGCTGGGCACTCTGTAGATACTGCCACCGTAAGGTGTGAGGAAGGTGGGGATGACGTCAAATCAGCACGGCCCTTACGTCCGGGGCTACACACGTGTTACAATGGGGGGTACAGCGAGCAGGATGCCCGCAAGGTCATTCAAATCATGAAAGCCTCCCTCAGT
>sq46;size=125;
CTCGTGCCGTGAGGTGTCGGCTTAAGTGCCATAACGAGCGCAACCCCTTTCTTCAGTTGCCATCAGGTAATGCTGGGCACTCTGGAGATACTGCCACCGCAAGGTGTGAGGAAGGTGGGGATGACGTCAAATCAGCACGGCCCTTACGTCCGGGGCTACACACGTGTTACAATGGCCGGTACAGAGAGTCGGTCGTGTGCAAACACGATCTAATCCTTAAATCCGGTCCCAGT
>sq47;size=131;
CTCGTGCCGTGAGGTGTCGGCTTAAGTGCCATAACGAGCGCAACCCCTTTCTTCAGTTGCCATCAGGTGATGCTGGGCACTCTGTAGATACTGCCACCGCAAGGTGTGAGGAAGGTGGGGATGACGTCAAATCAGCACGGCCCTTACGTCCGGGGCTACACACGTGTTACAATGGCCGGTACAGAGAGTTGATTTTGTGCAAACACGATCTAATCCTTAAATCCGGTCCCAGT
>sq48;size=100;
CTCGTGCCGTGAGGTGTCGGCTTAAGTGCCATAACGAGCGCAACCCTTCTCCTCGGTTGCCATCGGGTAATGCCGGGCACTCCGTGGACACTGCCATCGTAAGATGTGAGGAAGGTGGGGATGACGTCAAATCAGCACGGCCCTTACGTCCGGGGCTACACACGTGTTACAATGGGGGGTACAGAAGGCCGCTACCCGGCGACGGGATGCTAATCTTTAAAACCTCTCTCAGT
>sq49;size=104;
CTCGTGTCGTGAGATGTTGGGTTAAGTCCCGCAACGAGCGCAACCCTCGTTCTATGTTGCCAGCACGTGATGGTGGGGACTCATAGGAGACTGCCGGGGTTAACTCGGAGGAAGGTGGGGATGACGTCAAATCATCATGCCCCTTATGTCTTGGGCTTCACGCATGCTACAATGGCCGGTACAGAGGGTTGCGATACTGTGAGGTGGAGCTAATCCCTAAAAGCCGGTCTCAG
>sq50;size=70;
CTCGTGTCGTGAGATGTTGGGTTAAGTCCCGCAACGAGCGCAACCCTTGTCCTTAGTTGCTACGCAAGAGCACTCTAAGGAGACTGCCGGTGACAAACCGGAGGAAGGTGGGGATGACGTCAAGTCCTCATGGCCCTTATGGGTAGGGCTTCACACGTCATACAATGGTCGGAACAGAGGGTTGCCAACCCGCGAGGGGGAGCTAATCCCAGAAAACCGATCGTAGTCCGGAT
>sq51;size=73;
CTCGTGTCGTGAGATGTTGGGTTAAGTCCCGCAACGAGCGCAACCCTTGTCCCGTGTTGCCAGCACGTTGTGGTGGGGACTCGCGGGAGACTGCCGGGGTCAACTCGGAGGAAGGTGGGGATGACGTCAAATCATCATGCCCCTTATGTCTTGGGCTTCACGCATGCTACAATGGCCGGTACAGAGGGCTGCGATACCGTGAGGTGGAGCGAATCCCTTAAAGCCGGTCTCAG
>sq52;size=99;
CTCGTGTCGTGAGATGTTGGGTTAAGTCCCGCAACGAGCGCAACCCTTGCCCTATGTTGCCAGCACGTTATGGTGGGGACTCGTGGGGGACTGCCGGGGTTAACTCGGAGGAAGGTGGGGATGACGTCAAATCATCATGCCCCTTATGTCTTGGGCTTCACGCATGCTACAATGGCTGGTACAGAGGGTTGCGATACTGTGAGGTGGAGCGAATCCCTTAAAGCCGGTCTCAG
>sq53;size=60;
CTCGTGTCGTGAGATGTTAGGTTAAGTCCTGCAACGAGCGCAACCCTCGTCGTATGTTGCCAGCGGTTAGGCCGGGCACCCATACGAGACCGCCGGCGTCAAGCCGGAGGAAGGTGGGGACGACGTCAAGTCATCATGCCCCTTATGTCCTGGGCTACACACGTGCTACAATGGCCGGCACAATGGGCTGCCAACCCGCGAGGGTGAGCGAATCCCTAAAGCCGGTCCCAGTT
>sq54;size=65;
CTCGTGCCGTGAGGTGTCGGCTTAAGTGCCATAACGAGCGCAACCCTTTTCCTTGGTTGCCATCAGGTCATGCTGGGCACTCCAGGGATACTGCCATCGTAAGATGTGAGGAAGGTGGGGATGACGTCAAATCAGCACGGCCCTTACGTCCGGGGCTACACACGTGTTACAATGGGGGGTACAGAAGGTCGCTACCTGGTGACAGGATGCTAATCTTTAAAACCTCTCTCAGT
>sq55;size=56;
CTCGTGTCGTGAGATGTTGGGTTAAGTCCCGCAACGAGCGCAACCCTTATCTTCAGTTGCCAGCACGTAGAGGTGGGAACTCTGGAGAGACTGCCGATGACAAATCGGAGGAAGGTGGGGATGACGTCAAATCATCATGCCCTTTATGTCTTGGGCTACACACGTGCTACAATGGTTGGTACAACGAGAAGCTAGACAGTGATGTTAAGCAAAACTCTAAAAACCAATCTCAG
>sq56;size=60;
CTCGTGTCGTGAGATGTTGGGTTAAGTCCCGCAACGAGCGCAACCCTTGTCTTATGTTGCCAGCACGTTATGGTGGGGACTCGTGAGAGACTGCCGGGGTCAACTCGGAGGAAGGTGGGGATGACGTCAAATCATCATGCCCCTTATGTCCAGGGCTTCACACATGCTACAATGGCCGGTACAGAGGGCTGCGATGCCGTGAGGCGGAGCGAATCTCTTAAAGCCGGTCTCAG
>sq57;size=52;
CTCGTGTCGTGAGATGTTGGGTTAAGTCCCGCAACGAGCGCAACCCCTATCTTTTGTTGCCAGCACGTAGAGGTGGGAACTCAGAAGAGACCGCCGCAGACAATGCGGAGGAAGGTGGGGATGACGTCAAGTCATCATGCCCCTTATGACTTGGGCTACACACGTACTACAATGGGCTTTAACAAAGAGCAGCGAAACCGCGAGGTGGAGCGAAACTCAAAAACAAGCCCCCA
>sq58;size=59;
CTCGTGTCGTGAGATGTTGGGTTAAGTCCCGCAACGAGCGCAACCCTTGTCATTAGTTGCTACGAAAGGGCACTCTAATGAGACTGCCGGTGACAAACCGGAGGAAGGTGGGGATGACGTCAGGTCATCATGGCCCTTATGGGTAGGGCTACACACGTCATACAATGGCCGGGACAGAGGGCTGCCAACCCGCGAGGGGGAGCTAATCCCAGAAACCCGGTCGTAGTCCGGAT
>sq59;size=49;
CTCGTGTCGTGAGATGTTGGGTTAAGTCCCGCAACGAGCGCAACCCTTTTCCTTATTTGCCAGCACTTCGGGTGGGAACTTTAAGGATACTGCCAGTGACAAACTGGAGGAAGGCGGGGACGACGTCAAGTCATCATGGCCCTTACGACCAGGGCTACACACGTGCTACAATGGTCGGTACAAAGGGTTGCTACCTAGCGATAGGATGCTAATCTCAAAAAGCCGATCGTAGT
>sq60;size=41;
CTCGTGTCGTGAGATGTTGGGTTAAGTCCCGCAACGAGCGCAACCCTCGTTCTATGTTGCCAGCACGTAATGGTGGGAACTCATGGAATACTGCCGGGGTCAACTCGGAGGAAGGTGAGGATGACGTCAAATCATCATGCCCCTTATGTCTTGGGCTTCACGCATGCTACAATGGCCGGTACAATGGGCTGCAATACCGCAAGGTGGAGCGAATCCCAAAAAGCCGGTCCCAG
>sq61;size=33;
CTCGTGTCGTGAGATGTTGGGTTAAGTCCCGCAACGAGCGCAACCCTTGCCGTTAGTTGCCATCATTAAGTTGGGCACTCTAATGGGACTGCCGGGGAGAACCCGGAGGAAGGCGGGGATGACGTCAAATCATCATGCCCCTTATGTTCTGGGCTACACACGTGCTACAATGGCCGTCACAGAGGGAAGCGAGAGAGCGATCTTAAGCGAAACCAAAAAGGCGGTCCCAGTTC
>sq62;size=16;
CTCGTGTCGTGAGATGTTGGGTTAAGTCCCGTAACGAGCGCAACCCTTGTCCTTAGTTACCAGCACGTTATGGTGGGCACTCTAAGGAGACTGCCGGTGACAAACCGGAGGAAGGTGGGGATGACGTCAAGTCATCATGGCCCTTACGGCCTGGGCTACACACGTGCTACAATGGTCGGTACAGAGGGTTGCCAAGCCGCGAGGTGGAGCTAATCTCACAAAACCGATCGTAG
>sq63;size=14;
CTCGTGTCGTGAGATGTTGGGTTAAGTCCCGCAACGAGCGCAACCCCTGTTCTTTGTTGCCAGCATGTAAGGATGGGCACTCAAAGGAGACTGCCGCGGAGAACGCGGAGGAAGGCGGGGATGACGTCAAGTCATCATGCCCCTTATGGTCTGGGCTACACACGTACTACAATGGGACGGACAGAGGGCAGCGAGAGAGTGATCTTAAGCGAATCTCAAAAACCGTTTCTCAG
>sq64;size=13;
CTCGTGCCGTGAGGTGTTAGGTTAAGTCCTGCAACGAGCGCAACCCCTGTCACTAGTTGCCATCATTAAGTTGGGGACTCTAGTGAGACTGCCTGCGCAAGCAGAGAGGAAGGTGGGGATGACGTCAAATCATCACGGCCCTTACGTCTTGGGCCACACACGTAATACAATGGCCGGTACAGAGGGCAGCTACTATGTGAATAGATGCGAATCTCGAAAGCCGGTCTCAGTTC
>sq65;size=10;
CTCGTGTCGTGAGATGTTGGGTTAAGTCCCGCAACGAGCGCAACCCTTGTCTCTAGTTGCTACGAAAGGGCACTCTAGAGAGACTGCCGGTGACAAACCGGAGGAAGGTGGGGATGACGTCAAGTCCTCATGGCCCTTATGGGTAGGGCTTCACACGTCATACAATGGTGCATACAGAGGGTTGCCAAGCCGCGAGGTGGAGCTAATCCCAGAAAATGCATCGTAGTCCGGAT
>sq66;size=9;
CTCGTGTCGTGAGATGTTGGGTTAAGTCCCGCAACGAGCGCAACCCTCGCTGTTAGTTGCCACCATTTAGTTGGGCACTCTAACAGGACTGCCGGAGTTAATCCGGAGGAAGGCGGGGATGACGTCAAGTCCTCATGGCCCTTACAAGGTGGGCTACACACGTGCTACAATGGCGACTACAGAGGGCTGCAAGTCAGCGATGATGAGCCAATCCCTAAAAGTCGTCTCAGTTC
>sq67;size=14;
CTCGTGCCGTGAGGTGTCGGCTCAAGTGCCATAACGAGCGCAACCCCTCTCCGTAGTTGCCATCGGGTCATGCCGGGCACTCTTCGGACACTGCCGCCGCAAGGTGTGAGGAAGGTGGGGATGACGTCAAATCAGCACGGCCCTTACGTCCGGGGCTACACACGTGTTACAATGGCCGGTACAGAGAGTCGTCCGGGCGCGAGCCCGGCCCAATCCCTAAATCCGGCCTCAGT
>sq68;size=5;
CTCGTGCCGTGAGGTGTCAGGTTAAGTCCTATAACGAGCGCAACCCCTATTGTTAGTTACCAGCACGTCATGGTGGGGACTCTAGCAAGACTGCCGGTGTAAACCGTGAGGAAGGTGGGGATGACGTCAAATCATCACGGCCCTTACATCTTGGGCTACACACGTGCTACAATGGTCGTTACAGAGAGCAGCCACTGCGTGAGCAGGAGCGAATCTATAAAGACGATCACAGT
>sq69;size=9;
CTCGTGTCGTGAGATGTTGGGTTAAGTCCCGCAACGAGCGCAACCCCCGCCGCATGTTGCCAGCATTCAGTTGGGCACTCATGCGGGACCGCCGGCGCCAAGCCGGAGGAAGGCGGGGACGACGTCAAGTCATCATGCCCCCCATGCCCTGGGCCGCACACGTGCTACAATGGCCGGCACAGCGGGCAGCGGACCCGCGAGGGCGAGCGAATCCCTTAAAGCCGGCCCCAGTT
>sq70;size=7;
CTCGTGTCGTGAGATGTTGGGTTAAGTCCCGCAACGAGCGCAACCCCTATCTTCTGTTACCAGCACGTAAGGGTGGGGACTCAGGAGAGACTGCCGCAGACAATGCGGAGGAAGGCGGGGATGACGTCAAGTCATCATGCCCCTTATGGCTTGGGCTACACACGTACTACAATGGCTCTTAATAGAGGGAAGCGAAGGAGCGATCCGGAGCAAACCCCAAAAACAGAGTCTCA
>sq71;size=5;
CTCGTGCCGTGAGGTGTCGGCTTAAGTGCCATAACGAGCGCAACCCCTGTCTACGGTTGCCATCAGGTAATGCTGGGAACTCCGTAGAGACTGCCGTCGTAAGGCGTGAGGAAGGTGGGGATGACGTCAAATCAGCACGGCCCTTACATCCGGGGCGACACACGTGTTACAATGGTAAGGACAAAGGGCAGCTACCTGGCGACAGGATGCGAATCTCTAAACCTTATCACAGT
>sq72;size=4;
CTCGTGTTGTGAAATGTTGGGTTAAGTCCCGCAACGAGCGCAACCCTTATCCTTTGTTGCCAGCGATTCGGTCGGGAACTCAAAGGAGACTGCCGGTGATAAACCGGAGGAAGGTGGGGATGACGTCAAGTCATCATGGCCCTTACGAGTAGGGCTACACACGTGCTACAATGGCGTATACAGAGGGAAGCGAGAGTGCGAGCTGGAGCGAATCTCACAAAGTACGTCTAAGT
>sq73;size=5;
CTCGTGCCGTAAGATGTTGGGTTAAGTCCCGCAACGAGCGCAACCCTCGTGTTTAGTTGCCAGCATTTAGTTTGGAACCCTGAACAGACTGCCGGTGATAAGCCGGAGGAAGGTGAGGATGACGTCAAGTCATCATGCCCCTTACGCCCTGGGCGACACACGTGCTACAATGACCGGGACAAAGGGTCGCGACCCCGCGAGGGCAAGCTAACCTCAAAAACCCGGCCTCAGTT
>sq74;size=88;
CTCGTGCCGTGAGGTGTCGGCTTAAGTGCCATAACGAGCGCAACCCTTTTCTACGTTTGCCATCGGGTAATGCCGGGAACTCCGTGGATACTGCCGCCGCAAGGCGGAGGAAGGTGGGGATGACGTCAAATCAGCACGGCCCTTACGTCCGGGGCTACACACGTGTTACAATGGTCGGAGCAGCAGGAAGCTACCTGGCAACAGGATGCTGATCCCAAAACCCGGCCTCAGTT
>sq75;size=103;
CTCGTGTCGTGAGATGTTGGGTTAAGTCCCGCAACGAGCGCAACCCCTATCTTATGTTGCCAGCACTTCGGGTGGGAACTCATGAGAGACTGCCGCAGACAATGCGGAGGAAGGCGGGGATGACGTCAAATCATCATGCCCCTTATGACCTGGGCTACACACGTACTACAATGGGAGTTAATAGACGGAAGCAATACCGCGAGGTGGAGCAAACCCGAGAAACACTCTCTCAG
>sq76;size=133;
CTCGTGTCGTGAGATGTTGGGTTAAGTCCCGCAACGAGCGCAACCCCTATTGTTAGTTGCCATCATTTAGTTGGGCACTCTAGCGAGACTGCCGGTAATAAACCGGAGGAAGGTGGGGATGACGTCAAATCATCATGCCCCTTATGACCTGGGCTACACACGTGCTACAATGGCTGGTACAACGAGTCGCAAGTCGGTGACGACAAGCTAATCTCTTAAAGCCAGTCTCAGTT
>sq77;size=50;
CTCGTGCCGTGAGGTGTCGGCTTAAGTGCCATAACGAGCGCAACCCCTTTCTTCAGTTGCCATCAGGTGATGCTGGGCACTCTGTAGATACTGCCACCGCAAGGTGTGAGGAAGGTGGGGATGACGTCAAATCAGCACGGCCCTTACGTCCGGGGCTACACACGTGTTACAATGGCCGGTACAGAGAGTCGGTCGTGTGCAAACACGATCTAATCCTTAAATCCGGTCCCAGT
>sq78;size=15;
CTCGTGCCGTGAGGTGTCGGCTTAAGTGCCATAACGAGCGCAACCCCTTTTCTTAGTTGCCATCAGGTAATGCTGGGCACTCTGGGAACACTGCCACCGCAAGGTGTGAGGAAGGTGGGGATGACGTCAAATCAGCACGGCCCTTACGTCCGGGGCTACACACGTGTTACAATGGCCGGTACAGAGGGATGGTGTAATGTAAATTGCATCAAATCTTAAAAGCCGGTCCCAGT
>sq79;size=10;
CTCGTGTCGTGAGATGTTGGGTTAAGTCCCGCAACGAGCGCAACCCCTATTGTTAGTTGCCATCATTCAGTTGGGCACTCTAGCGAGACTGCCGGTAATAAACCGGAGGAAGGTGGGGATGACGTCAAATCATCATGCCCTTTATGTCTTGGGCTACACACGTGCTACAATGGTTGGTACAACGAGAAGCGAGATAGAGATGTTAAGCGAAACTCTAAAAACCAATCTCAGTT
>sq80;size=19;
CTCGTGCCGTGAGGTGTCGGCTTAAGTGCCATAACGAGCGCAACCCCTTTTTTCAGTTGCCATCAGGTGATGCTGGGCACTCTGGAGATACTGCCACCGTAAGGTGTGAGGAAGGTGGGGATGACGTCAAATCAGCACGGCCCTTACGTCCGGGGCTACACACGTGTTACAATGGCCGGTACAGAGAGTTGGTTGTGTGCAAATACGATCTAATCCTTAAAGCCGGTCCCAGT
>sq81;size=209;
CTCGTGTCGTGAGATGTTGGGTTAAGTCCCGCAACGAGCGCAACCCCTATTGTTAGTTGCCATCATTCAGTTGGGCACTCTAGCGAGACTGCCGGTAATAAACCGGAGGAAGGTGGGGATGACGTCAAATCATCATGCCCCTTATGACCTGGGCTACACACGTGCTACAATGGCTGGTACAACGAGTCGCAAGTCGGTGACGGCAAGCTAATCTCTTAAAGCCAGTCTCAGTT
>sq82;size=42;
CTCGTGCCGTGAGGTGTCGGCTTAAGTGCCATAACGAGCGCAACCCCTCTCTTCAGTTGCCATCAGGTTAAGCTGGGCACTCTGGAGACACTGCCACCGTAAGGTGTGAGGAAGGTGGGGATGACGTCAAATCAGCACGGCCCTTACGTCCGGGGCTACACACGTGTTACAATGGCCGGTACAGAGGGATGGTGTAATGCAAATTGCATCAAATCTTGAAAGCCGGTCCCAGT
>sq83;size=143;
CTCGTGTCGTGAGATGTTGGGTTAAGTCCCGCAACGAGCGCAACCCCTATAGTTAGTAGCCAGCAGTAAGATGGGCACTCTAACTAGACTGCCAGGGATAACCTGGAGGAAGGCGGGGATGACGTCAAATCATCATGCCCCTTATGACTTGGGCTACACACGTGCTACAATGGCGTAAACAAAGGGAAGCGAGAGGGTGACCTTAAGCAAATCTCAAAAATAACGTCTCAGTT
>sq84;size=16;
CTCGTGTCGTGAGATGTTGGGTTAAGTCCCGCAACGAGCGCAACCCTTGTCCCGTGTTGCCAGCACGTTGTGGTGGGGACTCGCGGGAGACTGCCGGGGTCAACTCGGAGGAAGGTGGGGATGACGTCAAATCATCATGCCCCTTATGTCTTGGGCTTCACGCATGCTACAATGGCCGGTACAGAGGGTTGCGATACTGTGAGGTGGAGCTAATCCCTTAAAGCTGGTCTCAG
>sq85;size=25;
CTCGTGTCGTGAGATGTTGGGTTAAGTCCCGCAACGAGCGCAACCCTCGTTCTATGTTGCCAGCACGTCATGGTGGGAACTCATGGAATACTGCCGGGGTCAACTCGGAGGAAGGTGAGGATGACGTCAAATCATCATGCCCCTTATGTCTTGGGCTTCACGCATGCTACAATGGCCGGTACAAAGGGCTGCAATACCGCAAGGTGGAGCGAATCCCAAAAAGCCGGTCCCAG
>sq86;size=3;
CTCGTGCCGTGAGGTGTCAGGTTAAGTCCTATAACGAGCGCAACCCCTGCCATTAGTTGCTAACGAGTTAAGTCGAGCCCTCTAATGGGACTGCCGGTGCAAACCGAGAGGAAGGTGGGGATGACGTCAAATCATCACGGCCCTTACATCTTGGGCTACACACGTGCTACAATGGCCGTTACAGAGAGCAGCCACTGCGTGAGCAGGCGCGAATCTATAAAGACGGTCACAGT
>sq87;size=4;
CTCGTGTCGTGAGATGTTGGGTTAAGTCCCGCAACGAGCGCAACCCTTATATCTAGTTGCCAGCAGTAAGATGGGGACTCTAGATAGACTGCCAGTGATAAACTGGAGGAAGGTGGGGATGACGTCAAATCATCATGCCCTTTATGTCTTGGGCTACACACGTGCTACAATGGTTGGTACAACGAGAAGCGAGATAGAGATGTTAAGCGAAACTCTAAAAACCAATCTCAGTT
>sq88;size=6;
CTCGTGTCGTGAGATGTTGGGTTAAGTCCCGCAACGAGCGCAACCCCTATAACTAGTTGCCAGCATTGAGATGGGGACTCTAGTTAGACTGCCGGTGACAAACCGGAGGAAGGTGGGGATGACGTCAAATCATCATGCCCCTTATGACCTGGGCTACACACGTGCTACAATGGATGGTACAACGAGCAGCGAACTCGCGAGGGTAAGCGAATCTCTAAAAGCCATTCTCAGTT
>sq89;size=5;
CTCGTGTCGTGAGATGTTGGGTTAAGTCCCGCAACGAGCGCAACCCTTTTCCTTATTTGCCAGCGGGTTAAGCCGGGAACTTTAAGGATACTGCCAGTGACAAACTGGAGGAAGGCGGGGACGACGTCAAGTCATCATGGCCCTTACGACCAGGGCTACACACGTGCTACAATGGTAGGTACAGAGGGTTGCTACACAGCGATGTGATGCTAATCTCAAAAAGCCTATCGTAG
>sq90;size=53;
CTCGTGTCGTGAGATGTTGGGTTAAGTCCCGCAACGAGCGCAACCCCTTTCGTATGTTACCATCATTAAGTTGGGGACTCATGCGATACTGCCTACGATGAGTAGGAGGAAGGTGGGGATGACGTTAAGTCATCATGCCCCTTATACGCTGGGCTACACACGTGCTACAATGGGTAGAACAGAGAGTTGCAAAGCTGTGAAGTGGAGCTAGTCTCAGAAAACTATTCTTAGTT
>sq91;size=85;
CTCGTGTCGTGAGATGTTGGGTTAAGTCCCGCAACGAGCGCAACCCTTATTGTTAGTTGCCATTATTTAGTTGGGCACTCTAGCGAGACTGCCGGTAATAAACCGGAGGAAGGTGGGGATGACGTCAAATCATCATGCCCCTTATGACCTGGGCTACACACGTGCTACAATGGCTGGTACAACGAGTTGCAAGTCGGTGACGGCAAGCTAATCTCTTAAAGCCAGTCTCAGTT
>sq92;size=4;
CTCGTGTCGTGAGATGTTGGGTTAAGTCCCGCAACGAGCGCAACCCTTGTTCACTGTTGCCAGCACGTTATGGTGGGGACTCAGTGGAGACCGCCGGGGTCAACTCGGAGGAAGGTGGGGATGACGTCAAGTCATCATGCCCCTTATACGCTGGGCTACACACGTGCTACAATGGGTAGAACAGAGAGTTGCAAAGCTGTGAAGTGGAGCTAATCTCAGAAAACTATTCTTAG
>sq93;size=84;
CTCGTGTCGTGAGATGTTGGGTTAAGTCCCGCAACGAGCGCAACCCCTATGTCTAGTTGCCAGCAGTAAGATGGGGACTCTAGACAGACTGCCGGTGATAAACTGGAGGAAGGCGGGGATGACGTCAAATCATCATGCCCCTTATGACTTGGGCTACACACGTGCTACAATGGATAGGAACAAAGAGAAGCTAACTCGCGAGAGCAAGCAAACCTCATAAAACTATTCTCAGT
>sq94;size=3;
CTCGTGTCGTGAGATGTTGGGTTAAGTCCCGCAACGAGCGCAACCCTTGTCGCTAGTTACTAACATTCAGTTGAGGACTCTAGCGAGACTGCCGAGGTCAACTCGGAGGAAGGTGGGGATGACGTCAAATCATCATGCCCTTTATGTCTTGGGCTACACACGTGCTACAATGGTTGGTACAACGAGAAGCGAGATAGAGATGTTAAGCGAAACTCTAAAAACCAATCTCAGTT
>sq95;size=10;
CTCGTGCCGTGAGGTGTCGGCTTAAGTGCCATAACGAGCGCAACCCCTGTCTTTAGTTGCCATCAGGTGATGCTGGGCACTCTGGAGATACTGCCACCGTAAGGTGTGAGGAAGGTGGGGATGACGTCAAATCAGCACGGCCCTTACGTCCGGGGCTACACACGTGTTACAATGGCCGGTACAGAGGGACGGTGTAATGTAAATTGCATCCAATCTTGAAAGCCGGTCCCAGT
>sq96;size=6;
CTCGTGTCGTGAGATGTTGGGTTAAGTCCCGTAACGAGCGCAACCCTTGTCCCTAGTTGCCAGCACTTCGGGTGGGAACTTTAGGGAGACTGCCGGTGACAAACCGGAGGAAGGTGGGGACGACGTCAAGTCATCATGGCCCTTACGGGCTGGGCTACACACGTGCTACAATGGTCGGTACAGAGGGTTGCGAAGTCGCGAGGCGGAGCTAATCTCTCAAAGCCGGTCGTAAT
>sq97;size=41;
CTCGTGCCGTGAGGTGTCGGCTTAAGTGCCATAACGAGCGCAACCCCTCTCTTCAGTTGCCATCAGGTAGTGCTGGGCACTCTGGAGACACTGCCACCGTAAGGTGTGAGGAAGGTGGGGATGACGTCAAATCAGCACGGCCCTTACGTCCGGGGCTACACACGTGTTACAATGGCCGGTACAGAGGGATGGTGTAATGCAAATTGCATCAAATCTTGAAAGCCGGTCCCAGT
>sq98;size=51;
CTCGTGCCGTGAGGTGTCGGCTTAAGTGCCATAACGAGCGCAACCCCTCTCTTCAGTTGCCATCAGGTGATGCTGGGCACTCTGGAGACACTGCCACCGTAAGGTGTGAGGAAGGTGGGGATGACGTCAAATCAGCACGGCCCTTACGTCCGGGGCTACACACGTGTTACAATGGCCGGTACAGAGGGATGGTGTAATGCAAATTGCATCAAATCTTGAAAGCCGGTCCCAGT
