>sq1;size=17000;
TATTCACCGCAGCGTTGCTGATCTGCGATTACTAGCGACTCCGACTTCATGAGGTCGAGTTGCAGACCCCAATCCGAACTGAGACCGGCTTTCCGAGATTCGCTCACCCTCACAGGCTCGCCACTCTCTGTACCAGCCATTGTAGCATGCGTGAAGCCCTGGACATAAGGGGCATGATGACTTGACGTCATCCCCACCTTCCTC
>sq2;size=5910;
TATTCACCGCAGCATGCTGATCTGCGATTACTAGCGATTCCAGCTTCATGTAGGCGAGTTGCAGCCTACAATCCGAACTGAGACGTTATTTTTGTGATTGGCTTGACCTCGCGGTTTCGCTTCACTTTGTTTACGCCATTGTAGCACGTGTGTAGCCCAAATCATAAGGGGCATGATGATTTGACGTCATCCCCACCTTCCTCC
>sq3;size=3571;
TATTCACCGCAGCATTGCTGATCTGCGATTACTAGCGACTCCGACTTCATGGGGTCGAGTTGCAGACCCCAATCCGAACTGAGATTAGCTTTCAGCGATTCGCTCACCCTCACAGGCTTGCAGCGCGTTGTACTAACCATTGTAGCATGTGTGAAGCCCTGGGCATAAAGGGCATGATGATTTGACGTCATCCCCACCTTCCTC
>sq4;size=3071;
TATTCACCGCAGCATTGCTGATCTGCGATTACTAGCGACTCCGACTTCATGGGGTCGAGTTGCAGACCCCAATCCGAACTGAGATTAGCTTTCAGCGATTCGCTCACCCTCACAGGTTCGCAGCGCGTTGTACTAACCATTGTAGCATGTGTGAAGCCCTGGGCATAAAGGGCATGATGATTTGACGTCATCCCCACCTTCCTC
>sq5;size=2491;
TATTCACCGCGACATTGCTGATTCGCGATTACTAGCGATTCCAACTTCATGTACTCGAGTTGCAGAGTACAATCCGAACTAAGAATAGTTTTCTGAGATTAGCTCCACCTCACGGCTTTGCGACTCTCTGTACTACCCATTGTAGCACGTGTGTAGCCCAGCGTATAAGGGGCATGATGACTTGACGTCATCCCCACCTTCCTC
>sq6;size=2548;
TATTCACCGCAGCATGCTGATCTGCGATTACTAGCGATTCCGGCTTCATGCAGGCGAGTTGCAGCCTGCAATCCGAACTGAGACGTTATTTTTGAGATTTGCTTAAGCTCGCACTCTTGCTTCTCTTTGTTTACGCCATTGTAGCACGTGTGTAGCCCAAATCATAAGGGGCATGATGATTTGACGTCATCCCCATCTTCCTCC
>sq7;size=1861;
TATTCACCGCAACATGCTGATCTGCGATTACTAGCGATTCCAGCTTCATGTAGGCGAGTTGCAGCCTACAATCCGAACTGAGACGTTATTTTTGTGATTCGCTTGACCTCGCGGTTTCGCTTCACTTTGTTTACGCCATTGTAGCACGTGTGTAGCCCAAATCATAAGGGGCATGATGATTTGACGTCATCCCCACCTTCCTCC
>sq8;size=1486;
TATTCACCGCAGTATGCTGACCTGCGATTACTAGCGATTCCGACTTCACGTAGGCGAGTTGCAGCCTACGATCCGAACTGAGAGAGTGTTTCTCGGGTTTGCTCCATCTCGCGATCTCGCTTCCGTCTATTAACTCCCATTGTAGTACGTGTGTAGCCCAGGTCATAAGGGGCATGATGATTTGACGTCATCCCCGCCTTCCTC
>sq9;size=1793;
TATTCACCGCAGTATGCTGACCTGCGATTACTAGCGATTCCGACTTCATGCAGGCGAGTTGCAGCCTGCAATCCGAACTGGGAAACGGTTTTTGAGGTTCGCTTGCCCTCGCGGGTTCGCTGCTCTCTGTCCGTTCCATTGTAGTACGTGTGTAGCCCAGACCATAAGGGGCATGATGACTTGACGTCATCCCCGCCTTCCTCC
>sq10;size=2489;
TATTCACCGCGACATGCTGATTCGCGATTACTAGCGATTCCGACTTCATGCAGTCGAGTTGCAGACTGCAATCCGGACTACGATCGGCTTTCTCAGATTGGCTCCACCTCGCGGCTTCGCTACCGTCTGTACCGACCATTGTAGCACGTGTGTAGCCCAGGCCGTAAGGGCCATGATGACTTGACGTCATCCCCACCTTCCTCC
>sq11;size=1130;
TATTCACCGCAGCTTGCTGATCTGCGATTACTAGCGATTCCGACTTCATGGAGGCGAGTTTCAGCCTCCAATCCGAACTGGGACTAGCTTTGATGCGATTTGCTCCACCTCGCGGCTTTGCTGCGCATTGTACTAGCCATTGTATCGTGTTTCTAGCCCAGGACGTAAGGGAAATACTGACCTGACATCATCCCCTCCTTCCTC
>sq12;size=1303;
TATTCACCGCAGTATGCTGACCTGCGATTACTAGCGATTCCGACTTCATGCAGGCGAGTTGCAGCCTGCAATCCGAACTGAGAAACGGTTTTTGAGATTCGCTTAAGATCACTCTCTCGCTGCCCTCTGTCCGTCCCATTGTAGTACGTGTGTAGCCCAGACCATAAGGGGCATGATGACTTGACGTCATCCCCGCCTTCCTCC
>sq13;size=4218;
TATTCACCGCAGCAATGCTGATCTGCGATTACTAGCGACTCCGACTTCACGGTGTCGAGTTGCAGACACCGATCCGAACTGAGACCGGCTTTAAGGGATTCGCCCCGCCTCACGGCATCGCAACCCTCTGTACCGGCCATTGTAGCATGCGTGAAGCCCAGGACGTCAGGGGCATGATGATTTGACGTCGTCCCCACCCTCCTC
>sq14;size=1174;
TATTCACCGCAGCATTGCTGATCTGCGATTACTAGCGACTCCGACTTCATGGGGTCGAGTTGCAGACCCCAATCCGAACTGAGATTAGCTTTCAGCGATTCGCTCACCCTCACAGGTTTGCCGCGCGTTGTACTAACCATTGTAGCATGTGTGAAGCCCTGGGCATAAAGGGCATGATGATTTGACGTCATCCCCACCTTCCTC
>sq15;size=5124;
TATTCACCGCAGCGTTGCTGATCTGCGATTACTAGCGACTCCGACTTCATGGGGTCGAGTTGCAGACCCCAATCCGAACTGAGACCGGCTTTTAGAGATTCGCTCACCCTCACAGGCTCGCAGCTCACTGTACCGGCCATTGTAGCATGCGTGAAGCCCTGGACATAAGGGGCATGATGACTTGACGTCATCCCCACCTTCCTC
>sq16;size=1294;
TATTCACCGCAGCATTGCTGATCTGCGATTACTAGCGACTCCGACTTCATGGGGTCGAGTTGCAGACCCCAATCCGAACTGAGATTAGCTTTCAGCGATTCGCTCACCCTCACAGGCTCGCAGCGCGTTGTACTAACCATTGTAGCATGTGTGAAGCCCTGGGCATAAAGGGCATGATGATTTGACGTCATCCCCACCTTCCTC
>sq17;size=1422;
TATTCACCGCGCCATGGCTGATGCGCGATTACTAGCGAATCCAGCTTCACGGAGTCGAGTTGCAGACTCCGATCCGAACTGAGAAAAGTTTTAAGGGATTAGCATCACCTCGCGGTGTAGCAACCCTCTGTACTCCCCATTGTAACACGTGTGTCGCCCCGGACGTAAGGGCCGTGCTGATTTGACGTCATCCCCACCTTCCTC
>sq18;size=801;
TATTCACCGCAGTTTGCTGACCTGCGATTACTAGCGATTCCGACTTCATGGAGGCGAGTTTCAGCCTCCAATCCGAACTGGGACAAGCTTTGGTGCGATTTGCTTCACCTCGCGGCTTCGCTGCGCATTGTACTTGCCATTGTATCACGTTTCTAGCCCAGGATGTAAGAGAAATACTGACCTGACATCATCCCCTCCTTCCTC
>sq19;size=3494;
TATTCACCGCAGCGTTGCTGATCTGCGATTACTAGCGACTCCGACTTCATGGGGTCGAGTTGCAGACCCCAATCCGAACTGAGACCGGCTTTCCGAGATTCGCTCACCCTCACAGGCTCGCAGCTCTTTGTACCGGCCATTGTAGCATGCGTGAAGCCCTGGACATAAGGGGCATGATGACTTGACGTCATCCCCACCTTCCTC
>sq20;size=752;
TATTCACCGCAGCATTCTGATCTGCGATTACTAGCGATTCCAGCTTCATATAGTCGAGTTGCAGACTACAATCCGAACTGAGACGTTATTTTTGTGATTTGCTTGGCTTCGCAGCTTTGCTTCACTTTGTTTACGCCATTGTAGCACGTGTGTAGCCCAAATCATAAGGGGCATGATGATTTGACGTCATCCCCACCTTCCTCC
>sq21;size=708;
TATTCACCGCGACATTGCTGATTCGCGATTACTAGCGATTCCAACTTCATGTACTCGAGTTGCAGAGTACAATCCGAACTAAGAATAGTTTTCTGAGATTAGCTCCACCTCACGGCTTTGCAACTCTCTGTTCTACCCATTGTAGCACGTGTGTAGCCCAGCGTATAAGGGGCATGATGACTTGACGTCATCCCCACCTTCCTC
>sq22;size=1733;
TATTCACCGCAGCGTTGCTGATCTGCGATTACTAGCGACTCCACCTTCATGGGGTCGAGTTGCAGACCCCAATCCGAACTGAGACCGGCTTTAAGGGATTCGCCCCGCCTCACGGCATCGCAACCCTCTGTACCGGCCATTGTAGCATGCGTGAAGCCCAAGACATAAGGGGCATGATGATTTGACGTCATCCCCACCTTCCTC
>sq23;size=586;
CATTCACCGCAGCATTCTGATCTGCGATTACTAGCAACTCCGACTTCATGTAGGCGAGTTTCAGCCTACAATCCGAACTGGGGCTGGTTTTTGAGCTTTGCTCCACCTTGCGGTCTTGCTTCTCTTTGTACCAGCCATTGTAGCACGTGTGTAGCCCAGAACATAAGGGGCATGATGATTTGACGTCATCCCCACCTTCCTCCG
>sq24;size=508;
TATTCACCGCGACATTGCTGATTCGCGATTACTAGCGATTCCAACTTCATGTACTCGAGTTGCAGAGTACAATCCGAACTAAGAATAGTTTTCTGAGATTAGCTTCACCTCACGGCTTTGCAACTCTCTGTTCTACCCATTGTAGCACGTGTGTAGCCCAGCGTATAAGGGGCATGATGACTTGACGTCATCCCCACCTTCCTC
>sq25;size=2251;
TATTCACCGGATCATGGCTGATATCCGATTACTAGCGATTCCAGCTTCACGGAGTCGAGTTGCAGACTCCGATCCGAACTGTGATCGTCTTTATAGATTCGCGCCTGCTCACGCAGTGGCTGCTCTCTGTAACGACCATTGTAGCACGTGTGTAGCCCAAGATGTAAGGGCCGTGATGATTTGACGTCATCCCCACCTTCCTCA
>sq26;size=591;
TATTCACCGCAGCATGCTTATCTGCGATTACTAGCGATTCCAGCTTCATGTAGGCGAGTTGCAGCCTACAATCCGAACTGAGACGTTATTTTTGTGATTGGCTTGACCTCGCGGTTTCGCTTCACTTTGTTTACGCCATTGTAGCACGTGTGTAGCCCAAATCATAAGGGGCATGATGATTTGACGTCATCCCCACCTTCCTCC
>sq27;size=870;
TATTCACCGCAGCGTTGCTGATCTGCGATTACTAGCGACTCCACCTTCATGGGGTCGAGTTGCAGACCCCAATCCGAACTGAGACTGGCTTTAAGGGATTCGCTCCACCTCACGATATCGCAACCCTCTGTACCAACCATTGTAGCATGCGTGAAGCCCAAGACATAAGGGGCATGATGATTTGACGTCATCCCCACCTTCCTC
>sq28;size=590;
TATTCACCGCGGCGTGCTGATCCGCGATTACTAGCGATTCCGACTTCATGTAGGCGAGTTGCAGCCTACAATCCGAACTGAGACTGGCTTTAAGAGATTAGCTTGCCGTCACCGACTTGCGACTCGTTGTACCAGCCATTGTAGCACGTGTGTAGCCCAGGTCATAAGGGGCATGATGATTTGACGTCATCCCCACCTTCCTCC
>sq29;size=488;
TATTCACGGCAGTATGCTGACCTGCCATTACTAGCAATTCCAGCTTCATGGAGCCGAATTTCAGACTCCAATCCGAACTGAGAATAAGTTTAGGGTTTTGCTCCAATTCGCACTTTCGCTTCCCTCTGTCTTACCCATTGTAGTACGTGTGTAGCCCAGGACATAAAGGGCATGATGATTTGACGTCGTCCCCACCTTCCTCCG
>sq30;size=394;
TATTCACCGCAGTATGCTGACCTGCGATTACTAGCGATTCCGACTTCACGTAGGCGAGTTGCAGCCTACGATCCGAACTGAGAGAGTGTTTCTCGGGTTTGCTCCACCTCGCGGTTTCGCTTCCGTCTATTAACTCCCATTGTAGTACGTGTGTAGCCCAGGTCATAAGGGGCATGATGATTTGACGTCATCCCCGCCTTCCTC
>sq31;size=796;
TATTCACCGCGCCATGGCTGATGCGCGATTACTAGCGAATCCAGCTTCACGGAGTCGAGTTGCAGACTCCGATCCGAACTGAGACAGGGTTTAGAGATTTGCATCCGATCGCTCGGTAGCTGCCCTTTGTCCCTGCCATTGTAACACGTGTGTCGCCCCGGATGTAAGGGCCGTGCTGATTTGACGTCATCCCAACCTTCCTCA
>sq32;size=710;
TATTCACCGCGCCATGGCTGATGCGCGATTACTAGCGAATCCAGCTTCGTGGGGTCGGGTTGCAGACCCCAGTCCGAACTGAGACGCACTTTAAGGATTGGATGGCATTCGCATGCCACCTACTCTCTGTATGCGCCATTGTAACACGTGTGTAGCCCCGGACGTAAGGGCCGTGCTGATTTGACGTCATCCCCACCTTCCTCA
>sq33;size=663;
TATTCACCGCAGCGTTGCTGATCTGCGATTACTAGCGACTCCAACTTCACGGTGTCGAGTTGCAGACACCGATCCGAACTGAGACCGGCTTTAAGGGATTCGCTCCACCTCACGGTATCGCAGCCCTCTGTACCGGCCATTGTAGCATGCGTGAAGCCCAAGACATAAGGGGCATGATGATTTGACGTCATCCCCACCTTCCTC
>sq34;size=1021;
TATTCACCGCGGCGTTGCTGATCCGCGATTACTAGCGACTCCAGCTTCACGGTGTCGAGTTGCAGACACCGATCCGAACTGAGACCGGCTTTAAGGGATTCGCCCCGCCTCACGGCATCGCAACCCTCTGTACCGGCCATTGTAGCATGCGTGAAGCCCAGGACATAAGGGGCATGATGATTTGACGTCGTCCCCACCCTCCTC
>sq35;size=441;
TATTCACCGCGGCAAGCTGATCCGCGATTACTAGCGATTCCGACTTCACGCAGTCGAGTTGCAGACTACGATCCGGACTACGACCGGGTTTCTGGGATTAGCTCCCCCTCGCGGGTTGGCAGCCCTCTGTCCCGGCCATTGTATGACGTGTGTAGCCCTACCCATAAGGGCCATGATGACCTGACGTCATCCCCACCTTCCTCC
>sq36;size=332;
TATTCACCGCGGCATTCTGATCCGCGATTACTAGCGATTCCGACTTCATGGAGTCGAGTTGCAGACTCCAATCCGGACTACGATCGGCTTTTTGAGATTAGCATCCTATCGCTAGGTAGCAACCCTTTGTACCGACCATTGTAGCACGTGTGTAGCCCTGGTCGTAAGGGCCATGATGACTTGACGTCGTCCCCGCCTTCCTCC
>sq37;size=270;
TATTCACCGCGACATTCTGATTCGCGATTACTAGCGATTCCGACTTCATGGAGTCGAGTTGCAGACTCCAATCCGGACTTAGACGTACTTTGTGAGATTCACTCCACCTCGCGGCTTCGTCGCCCTCTGTATACGCCATTGTAGCACGTGTGTAGCCCTACTCGTAAGGGCCATGATGACTTGACGTCATCCCCACCTTCCTCC
>sq38;size=509;
TATTCACCGCGCCATGGCTGATGCGCGATTACTAGCGAATCCAGCTTCGTGGGGTCGGGTTGCAGACCCCAGTCCGAACTGAGACGCACTTTAAGGATTGGATGGCACTCGCATGCCACCGACTCTCTGTATGCGCCATTGTAACACGTGTGTAGCCCCGGACGTAAGGGCCGTGCTGATTTGACGTCATCCCCACCTTCCTCA
>sq39;size=194;
TATTCACCGCGACATTGCTGATTCGCGATTACTAGCGATTCCAACTTCATGTACTCGAGTTGCAGAGTACAATCCGAACTAAGAATAGTTTTCTGAGATTAGCTCCACTTCACAGCTTTGCAACTCTCTGTTCTACCCATTGTAGCACGTGTGTAGCCCAGCGTATAAGGGGCATGATGACTTGACGTCATCCCCACCTTCCTC
>sq40;size=343;
TATTCACCGCAGTATGCTGACCTGCGATTACTAGCGATTCCGACTTCATGCACTCGAGTTGCAGAGTGCAATCCGGACTACGATCGGTTTTGTGAGATTGGCTCCACCTCGCGGCTTGGCTACCCTCTGTACCGACCATTGTATGACGTGTGAAGCCCTGGTCATAAGGGCCATGAGGACTTGACGTCATCCCCACCTTCCTCC
>sq41;size=220;
TATTCACCGCAACATGCTGATCTGCGATTACTAGCGATTCCGACTTCAAGAAGGCGAGTTTCAGCCTTCTATCCGAACTGGGACTGGCTTTGGTGCGATTTGCTTCACATCACTGCTTCGCTTCGCATTGTACCAGCCATTGTAGCGCGATTCTAGCCCAAGGCGTAAGGGAAATACTGACCTGACATCATCCCCTCCTTCCTC
>sq42;size=466;
TATTCACCGCAGCGTTGCTGATCTGCGATTACTAGCGACTCCACCTTCATGGGGTCGAGTTGCAGACCCCAATCCGAACTGAGACTGGCTTTAAGGGATTCGCTCCACCTCACAGTATCGCAACCCTCTGTACCAACCATTGTAGCATGCGTGAAGCCCAAGACATAAGGGGCATGATGATTTGACGTCATCCCCACCTTCCTC
>sq43;size=203;
TATTCACCGCGACATTCTGATTCGCGATTACTAGCGATTCCGACTTCATGGAGTCGAGTTGCAGACTCCAATCCGGACTTAGACGTACTTTATGAGATTCACTCCACCTCGCAGCTTCGTTACCCTCTGTATACGCCATTGTAGCACGTGTGTAGCCCTACTCGTAAGGGCCATGATGACTTGACGTCATCCCCACCTTCCTCC
>sq44;size=386;
TATTCACCGCGCCATGGCTGATGCGCGATTACTAGCGAATCCAGCTTCGTGGGGTCGGGTTGCAGACCCCAGTCCGAACTGAGACGCACTTTCAAGATTAGATCGTATTTACATACAACCAACAATCTGTATGCGCCATTGTAACACGTGTGTAGCCCCGGACGTAAGGGCCGTGCTGATTTGACGTCATCCCCACCTTCCTCA
>sq45;size=177;
TATTCACCGCAGCATTCTGATCTGCGATTACTAGCGATTCCGGCTTCATATAGTCGAGTTGCAGACTACAATCCGAACTGAGACGTTATTTCTGTGATTTGCTTAACCTCGCGGTCTTGCTTCACTTTGTTTACGCCATTGTAGCACGTGTGTAGCCCAAATCATAAGGGGCATGATGATTTGACGTCATCCCCACCTTCCTCC
>sq46;size=169;
TATTCACCGCAACTTGCTGATTTGCGATTACTAGCGATTCCGACTTCATGCAGGCGAGTTTCAGCCTGCAATCCGAACTGGGACTAGCTTTGATGCGATTTGCTTCACCTCGCGGCTTCGCTGCGCATTGTACTAGCCATTGTATTACGTTTCTAGCCCAGGACGTAAGGGAAATACTGACCTGACATCATTCCCTCCTTCCTC
>sq47;size=312;
TATTCACCGCGGCATGCTGATCCGCGATTACTAGCGATTCCAGCTTCACGTAGTCGAGTTGCAGACTACGATCCGGACTACGATGCATTTTCTGGGATTAGCTCCACCTCGCGGCTTGGCAACCCTCTGTATGCACCATTGTATGACGTGTGAAGCCCTACCCATAAGGGCCATGAGGACTTGACGTCATCCCCACCTTCCTCC
>sq48;size=179;
TATTCACCGCGGCATGCTGATCCGCGATTACTAGCGATTCCGACTTCATGCAGTCGAGTTGCAGACTGCAATCCGGACTACGATCGGTTTTCTGGGATTGGCTCCACCTCACGGCTTCGCAACCCTCTGTACCGACCATTGTATGACGTGTGAAGCCCTACACATAAGGGCCATGAGGACTTGACGTCATCCCCACCTTCCTCC
>sq49;size=170;
TATTCACCGCGCCGTGCTGATGCGCGATTACTAGCGATTCCAACTTCATGGAGTCGAGTTTCAGACTCCAATCCGGACTACGATAGTTTTTTTGCGTTTTGCTCCGCTTTGCAGCTTCGCCTCACTTTGTTCCTACCATTGTAGCACGTGTGTAGCCCTGGACATAAGGGCCATGATGACTTGACGTCATCCCCACCTTCCTCC
>sq50;size=149;
TATTCACCGCGACATTCTGATTCGCGATTACTAGCGATTCCAGCTTCATGTAGTCGAGTTGCAGACTACAATCCGAACTGAGAATAGTTTTGTGAGGTTTGCTTACTCTCGCGAGCTCGCTTCTCTTTGTTCCTATCCATTGTAGCACGTGTGTAGCCCAAGTCATAAGGGGCATGATGATTTGACGTCATCCCCACCTTCCTC
>sq51;size=195;
CATTCACCGCAGCATTCTGATCTGCGATTACTAGTAACTCCAGCTTCATGTAGGCGAGTTTCAGCCTACAATCCGAACTGAGAATGGCTTTAAGGGATTGGCTCCACCTCACGGTTTGGCAACCCTCTGTACCACCCATTGTAGCACGTGTGTAGCCCTAAGCATAAGGGGCATGATGATTTGACGTCATCCCCACCTTCCTCC
>sq52;size=146;
TATTCACCGCAGTATGCTGACCTGCGATTACTAGCGATTCCATCTTCATGCAGGCGAGTTGCAGCCTGCAATCCGAACTGGGAAATGGTTTTTGGGGTTCGCTCGGCCTCGCGGCTTCGCTGCTCTCTGTCCATCCCATTGTAGTACGTGTGTAGCCCAGGACATAAGGGGCATGATGACTTGACGTCATCCCCGCCTTCCTCC
>sq53;size=532;
TATTCACCGCAGTATGCTGACCTGCGATTACTAGCGATTCCGACTTCATGCAGGCGAGTTGCAGCCTGCAATCCGAACTGGGAAGTGGTTTTTGAGGTTCGCTCCAGATCGCTCTCTTGCTGCTCTCTGTCCACTCCATTGTAGTACGTGTGTAGCCCAGACCATAAGGGGCATGATGACTTGACGTCATCCCCGCCTTCCTCC
>sq54;size=682;
TATTCACCGCAGCAGTGCTGATCTGCGATTACTAGCGACTCCAGCTTCACGGTGTCGAGTTGCAGACACCGATCCGAACTGAGACCGGCTTTAAGGGATCCGCTCCGCCTCACGACATCGCAACCCACTGTACCGGCCATTGTAGCATGCGTGAAGCCCAAGACATAAGGGGCATGATGATTTGACGTCGTCCCCACCCTCCTC
>sq55;size=196;
TATTCACCGCGGCGTTGCTGATCCGCGATTACTAGCGACTCCGACTTCACGGGGTCGAGTTGCAGACCCCGATCCGAACTGAGACCGACTTTAAGGGATTCGCTCCACCTCACGATATCGCAACCCTCTGTACCGGCCATTGTAGCATGCGTGAAGCCCAAGACATAAGGGGCATGATGATTTGACGTCATCCCCACCTTCCTC
>sq56;size=173;
TATTCACCGCGCCATGGCTGATGCGCGATTACTAGCGAATCCAGCTTCACGGAGTCGAGTTGCAGACTCCGATCCGAACTGTGATGGGGTTTGGAGATTCGCATCCTGTCGCCAGGTAGCTGCCCTTTGTCCCCACCATTGTAACACGTGTGTCGCCCCGGATGTAAGGGCCGTGCTGATTTGACGTCATCCCCACCTTCCTCA
>sq57;size=373;
TATTCACCGCGCCGTGCTGATGTGCGGTTACTAGCGATTCCAGCTTCATGAAGTCGAGTTTCAGACTTCAATCCGGACTACGACCGCTTTTCTGCGTTCTGCTCCGCCTCTCGGCTTCGCTCCGCTCTGTGGCGGCCATTGTAGCACGTGTGTAGCCCTGGACATAAGGGCCATGATGACTTGACGTCGTCCCCGCCTTCCTCC
>sq58;size=325;
TATTCACCGCGCCATGGCTGATGCGCGATTACTAGCGAATCCAGCTTCGTGGGGTCGGGTTGCAGACCCCAGTCCGAACTGGGACCGGATTTCAAGATTGGATGCAACTTGCGTTACACCGTCCCTCTGTACCGGCCATTGTAACACGTGTGTAGCCCCGGACGTAAGGGCCGTGCTGATTTGACGTCATCCCCACCTTCCTCG
>sq59;size=148;
TATTCACCGCAGCGTTGCTGATCTGCGATTACTAGCGACTCCGACTTCATGAGGTCGAGTTGCAGACCTCAATCCGAACTGGGACCGGCTTTTTGGGATTCGCTCCACCTTGCGGTATTGCAGCCCATTGTACCGGCCATTGTAGCATGCGTGAAGCCCAAGACATAAGGGGCATGATGATTTGACGTCATCCTCACCTTCCTC
>sq60;size=81;
TATTCACCGCGGCATGCTGATCCGCGATTACTAGCGATTCCAACTTCATGCCCTCGAGTTGCAGAGGACAATCCGAACTGAGACGACTTTTAAGGATTAACCCTCTGTAGTCGCCATTGTAGCACGTGTGTAGCCCACCCTGTAAGGGCCATGAGGACTTGACGTCATCCCTACCTTCCTCCGGCTTAGCATCGGCAGTCCCAT
>sq61;size=62;
TATTCACCGTAGCATGCTGATCTACGATTACTAGCGATTCCAGCTTCATATAGTCGAGTTGCAGACTACAATCCGAACTGAGAACAACTTTATGGGATTTGCTTGACCTCGCGGTTTCGCTGCCCTTTGTATTGTCCATTGTAGCACGTGTGTAGCCCAAATCATAAGGGGCATGATGATTTGACGTCATCCCCACCTTCCTCC
>sq62;size=40;
TATTCACCGCGGCATGCTGATCCGCGATTACTAGCGATTCCAGCTTCATGCACTCGAGTTGCAGAGTGCAATCCGGACTACGATCGGTTTTCTGGGATTAGCTCCCCCTCGCGGGTTGGCAACCCTCTGTTCCGACCATTGTATGACGTGTGAAGCCCTACCCATAAGGGCCATGAGGACTTGACGTCATCCCCACCTTCCTCC
>sq63;size=55;
TATTCACCGCAGTATGCTGACCTGCGATTACTAGCGATTCCGACTTCATGTAGGCGAGTTGCAGCCTACAATCCGAACTGGGATCGGCTTTTTGAGATTCGCTCAAGATCACTCTCTTGCTGCCCTCTGTACCGACCATTGTAGCACGTGTGTAGCCCAAGACATAAGGGGCATGATGATTTGACGTCATCCCCACCTTCCTCC
>sq64;size=39;
TATTCACCGCGCCGTGCTGATGCGCGATTACTAGCGATTCCAACTTCATGAAGTCGAGTTTCAGACTTCAATCCGAACTACGATTGCTTTTTTGCGGTTTGCTCCACCTTACGGTCTCGCGTCGCTTTGTAGCAACCATTGTAGCACGTGTGTAGCCCTGGACATAAGGGCCATGATGACTTGACGTCATCCCCACCTTCCTCC
>sq65;size=50;
TATTCACCGCGCCATGGCTGATGCGCGATTACTAGCGAATCCAGCTTCGTGGGGTCGGGTTGCAGACCCCAGTCCGAACTGAGGGAGGCTTTATTGATTAGAATGACCTTGCGGGCATCCAACTCGCTGTACCCCCCATTGTAACACGTGTGTAGCCCCGGACGTAAGGGCCGTGCTGATTTGACGTCATCCCCACCTTCCTCA
>sq66;size=126;
TATTCACCGCGCCATGGCTGATGCGCGATTACTAGCGAATCCAGCTTCGTGGGGTCGGGTTGCAGACCCCAGTCCGAACTGGGACCGGATTTAAGGATTGGATCGTGTTTGCACAAAATCAACTCTCTGTACCGGCCATTGTAACACGTGTGTAGCCCCGGACGTAAGGGCCGTGCTGATTTGACGTCATCCCCACCTTCCTCA
>sq67;size=56;
TATTCACCGTGACATTCTGATTCACAATTACTAGCGATTCCGACTTCACGCAGTCGAGTTGCAGACTGCGATCCGGACTACGATCGGTTTTATGGGATTAGCTCCACCTCGCGGCTTGGCAACCCTTTGTACCGACCATTGTAGCACGTGTGTAGCCCTGGCCGTAAGGGCCATGATGACTTGACGTCATCCCCACCTTCCTCC
>sq68;size=40;
TATTCACCGCAGCATTGCTGATCTGCGATTACTAGCGATTCCGGCTTCATGAAGTCGAGTTGCAGACTTCAATCCGAACTTGGACCGGCTTTAAAGATTGGCTAAACGTTACCGTTTTGCAGCTCTTTGTACCGGCCATTGTAGCACGTGTGTAGCCCAGATCATAAGGGGCATGATGACTTGACGTCATCCCCACCTTCCTCC
>sq69;size=11;
TATTCACCGCAGCATAGCTGATCTGCGATTACTAGCGATTCCGACTTCATGAAGTCGAATTGCAGACTTCAATCCGAACTGAGATCGGCTTTTTGAGATTTGCTCCACGTCACCGTATTGCGTCTCTTTGTACCGACCATTGTAGCACGTGTGTTGCCCCACTCGTAAGAGGCATGATGATTTGACGTCATCCCCACCTTCCTC
>sq70;size=140;
ACGAGCCTCCCGCCACGGGACGCGACCATCCCCGCCGCCTCGCCGCCCTTCTCCGGTGCCGGCCGCGGGGCCTTGCCGGCAACGGTCGGTAACGGGCAGATCCCAGGAGCGAAGGGCCCTCAGAGACTACCCCACCAACGCACTCCGACTCCGGGGGGGCGGCAGGGAGCGCGGCCCTGCTTCCCTCCCTAACCCTGCCCTCCC
>sq71;size=14;
TATTCACCGCGGCGTGCTGTTCCGCGATTACTAGCGATTCCAACTTCATGGGGTCGAGTTGCAGACCCCAATCCGAACTGAGATGGCTTTTGGGGATTAACCCACTGTCACCACCATTGTAGCACGTGTGTAGCCCAACCCGTAAGGGCCATGAGGACTTGACGTCATCCACACCTTCCTCCGGCTTATCACCGGCAGTTTCCA
>sq72;size=2875;
TATTCACCGCAGCAATGCTGATCTGCGATTACTAGCGACTCCGACTTCACGGTGTCGAGTTGCAGACACCGATCCGAACTGAGACCGGCTTTAAGGGATTCGCCCCGCCTCGCGGCATCGCAACCCTCTGTACCGGCCATTGTAGCATGCGTGAAGCCCAGGACGTCAGGGGCATGATGATTTGACGTCGTCCCCACCCTCCTC
>sq73;size=436;
TATTCACCGCAGCGTTGCTGATCTGCGATTACTAGCGACTCCAACTTCACGGTGTCGAGTTGCAGACACCGATCCGAACTGAGACCGGCTTTAAGGGATTCGCTCCACCTCACGGCATCGCAGCCCTCTGTACCGGCCATTGTAGCATGCGTGAAGCCCAAGACATAAGGGGCATGATGATTTGACGTCATCCCCACCCTCCTC
>sq74;size=98;
TATTCACCGCAGCGTTGCTGATCTGCGATTACTAGCGACTCCGACTTCATGGGGTCGAGTTGCAGACCCCAATCCGAACTGAGACCGGCTTTTTGGGATTAGCTCCACCTCACAGTATCGCAACCCATTGTACCGGCCATTGTAGCATGCGTGAAGCCCAAGACATAAGGGGCATGATGATTTGACGTCGTCCCCACCTTCCTC
>sq75;size=630;
TATTCACCGCGACATGCTGATTCGCGATTACTAGCGATTCCGACTTCATGCAGTCGAGTTGCAGACTGCAATCCGGACTACGACCGGCTTTCTCAGATTGGCTCCACCTCGCGGCTTCGCTACCGTCTGTACCGACCATTGTAGCACGTGTGTAGCCCAGGCCGTAAGGGCCATGATGACTTGACGTCATCCCCACCTTCCTCC
>sq76;size=36;
TATTCACCGCGACATTCTGATTCGCGATTACTAGCGATTCCAGCTTCATGTAGTCGAGTTGCAGACTACAATCCGAACTGAGAATAGTTTTATGAGGTTGGCTGACTCTCGCGAGCTCGCTTCTCTTTGTTCCTATCCATTGTAGCACGTGTGTAGCCCAAGTCATAAGGGGCATGATGATTTGACGTCATCCCCACCTTCCTC
>sq77;size=31;
TATTCACCGCAGCATTGCTGATCTGCGATTACTAGCGATTCCAGCTTCATGAAGTCGAGTTGCAGACTTCAATCCGAACTTGGACCAGCTTTAAAGATTCGCTTGGCGTTGCCGCCTTGCAGCTCTCTGTACCGGCCATTGTAGCACGTGTGTAGCCCAGATCATAAGGGGCATGATGACTTGACGTCATCCCCACCTTCCTCC
>sq78;size=249;
TATTCACCGCGGCGTGCTGATCCGCGATTACTAGCGATTCCGACTTCATGTAGGCGAGTTGCAGCCTACAATCCGAACTGAGACTGGCTTTCAGAGATTAGCTTGCCGTCACCGGCTTGCGACTCGTTGTACCAGCCATTGTAGCACGTGTGTAGCCCAGGTCATAAGGGGCATGATGATTTGACGTCATCCCCACCTTCCTCC
>sq79;size=47;
TATTCACCGCAGCGCTGCTGATCTGCGATTACTAGCGACTCCAACTTCACGGTGTCGAGTTGCAGACACCGATCCGAACTGAGACCGGCTTTCAGGGATTCGCTCCGCCTCACAGCATCGCAACCCACTGTACCGGCCATTGTAGCATGCGTGAAGCCCAAGACATAAGGGGCATGATGATTTGACGTCATCCCCACCTTCCTC
>sq80;size=14;
TATTCACCGCAGCATTGCTGATCTGCGATTACTAGCGACTCCGACTTCATGGGGTCGAGTTGCAGACCCCAATCCGAACTAAGACCGGCTTTCAGCGATTCGCTCCACCTCACAGTGTCGCAGCGCATTGTACCGACCATTGTAGCATGTGTGAAGCCCTGGACATAAGGGGCATGATGATTTGACGTCATCCCCACCTTCCTC
>sq81;size=89;
TATTCACCGCGACATTGCTGATTCGCGATTACTAGCGATTCCAACTTCATGTACTCGAGTTGCAGAGTACAATCCGAACTAAGAATAGTTTTCTGAGATTAGCTCCACTTCACAGCTTTGCGACTCTCTGTACTACCCATTGTAGCACGTGTGTAGCCCAGCGTATAAGGGGCATGATGACTTGACGTCATCCCCACCTTCCTC
>sq82;size=9;
TATTCACCGCATCGTGCTGATATGCGATTACTAGCGATTCCAACTTCATGGAGTCGAGTTTCAGACTCCAATCCGAACTACGATAGCTTTTTTGCGTTTTGCTCCGCTTTGCAGCTTCGCTTCACTTTGTTCCTACCATTGTAGCACGTGTGTAGTCCTGGACATAAGGGCCATGATGACTTGACGTCATCCCCACCTTCCTCC
>sq83;size=251;
TATTCACCGCGACATTGCTGATTCGCGATTACTAGCGATTCCAACTTCATGTACTCGAGTTGCAGAGTACAATCCGAACTAAGAATAGTTTTCTGAGATTAGCTCCACCTCACGGCTTTGCGACTCTCTGTACTACCCATTGTAGCACGTGTGTAGCCCAGCATATAAGGGGCATGATGACTTGACGTCATCCCCACCTTCCTC
>sq84;size=32;
TATTCACCGCGCCGTGCTGATGCGCGATTACTAGCGATTCCAACTTCATGAAGTCGAGTTTCAGACTTCAATCCGAACTACGATTGCTTTTTTGCGGTTTGCTCCGCCTTACGGCCTCGCTTCGCTTTGTAGCAACCATTGTAGCACGTGTGTAGCCCTGGACATAAGGGCCATGATGACTTGACGTCATCCCCACCTTCCTCC
>sq85;size=69;
TATTCACCGCAGCATTCTGATCTGCGATTACTAGCGATTCCAGCTTCATATAGTCGAGTTGCAGACTACAATCCGAACTGAGACGTTATTTTTGTGATTTGCTTGGCCTCGCGGCTTTGCTTCACTTTGTTTACGCCATTGTAGCACGTGTGTAGCCCAAATCATAAGGGGCATGATGATTTGACGTCATCCCCACCTTCCTCC
>sq86;size=24;
TATTCACCGCAACTTGCTGATTTGCGATTACTAGCGATTCCGACTTCATGGAGGCGAGTTTCAGCCTCCAATCCGAACTGGGACTAGCTTTGATGCGATTTGCTTCACCTCGCGGCTTCGCTGCGCATTGTACTAGCCATTGTATTACGTTTCTAGCCCAGGACGTAAGGGAAATACTGACCTGACATCATCCCCTCCTTCCTC
>sq87;size=53;
TATTCACCGCAGTATGCTGACCTGCGATTACTAGCGATTCCGACTTCATGCACTCGAGTTGCAGAGTGCAATCCGGACTACGATCGGTTTTATGAGATTGGCTCCGCCTCGCGGCTTGGCTACCCTTTGTACCGACCATTGTATGACGTGTGAAGCCCTGGTCATAAGGGCCATGAGGACTTGACGTCATCCCCACCTTCCTCC
>sq88;size=99;
TATTCACCGCGCCATGGCTGATGCGCGATTACTAGCGAATCCAGCTTCGTGGGGTCGGGTTGCAGACCCCAGTCCGAACTGAGACGCACTTTAAAGATTAGATCGTATTTACACACAACCAACAATCTGTATGCGCCATTGTAACACGTGTGTAGCCCCGGACGTAAGGGCCGTGCTGATTTGACGTCATCCCCACCTTCCTCA
>sq89;size=37;
TATTCACCGCGACATTCTGATTCGCGATTACTAGCGATTCCGACTTCATGGAGTCGAGTTGCAGACTCCAATCCGGACTTAGACGTACTTTCTGAGATTCACTCCACCTCGCGGCTTCGTCACCCTCTGTATACGCCATTGTAGCACGTGTGTAGCCCTACTCGTAAGGGCCATGATGACTTGACGTCATCCCCACCTTCCTCC
>sq90;size=16;
TATTCACCGCGCCATGGCTGATTCGCGATTACTAGCGATTCCAGCTTCATAGAGTCGAGTTGCAGACTCCAATCCGAACTGAGACCGGCTTTCGAGATTTGCATCCAGTCACCTGGTAGCTGCCCTCTGTACCGGCCATTGTATTACGTGTGTGGCCCAAGACGTAAGGGCCGTGATGATTTGACGTCATCCCCACCTTCCTCT
>sq91;size=175;
TATTCACCGCGACATTGCTGATTCGCGATTACTAGCGATTCCAACTTCATGTACTCGAGTTGCAGAGTACAATCCGAACTAAGAATAGTTTTCTGAGATTAGCTCCACCTCGCGGCTTTGCGACTCTCTGTACTACCCATTGTAGCACGTGTGTAGCCCAGCGTATAAGGGGCATGATGACTTGACGTCATCCCCACCTTCCTC
>sq92;size=56;
TATTCACCGCGCCATGGCTGATGCGCGATTACTAGCGAATCCAGCTTCGTGGGGTCGGGTTGCAGACCCCAGTCCGAACTGAGACGCACTTTGAGGATTGGATGGCATTCGCATGCCACCGACTCTCTGTATGCGCCATTGTAACACGTGTGTAGCCCCGGACGTAAGGGCCGTGCTGATTTGACGTCATCCCCACCTTCCTCG
>sq93;size=29;
TATTCACCGCGACATGCTGATCCGCGATTACTAGCGATTCCGACTTCATGCAGTCGAGTTGCAGACTGCAATCCGGACTACGATCGGCTTTCTGGGATTGGCTCCGCCTCGCGACTTGGCTACCCTCTGAACCGACCATTGTATGACGTGTGAAGCCCTGGTCATAAGGGCCATGAGGACTTGACGTCATCCCCACCTTCCTCC
>sq94;size=381;
TATTCACCGCGGCGTGCTGATCCGCGATTACTAGCGATTCCGACTTCATGTAGGCGAGTTGCAGCCTACAATCCGAACTGAGACTGGCTTTAAGAGATTAGCTTGCCGTCACCGGCTTGCGACTCGTTGTACCAGCCATTGTAGCACGTGTGTAGCCCAGGTCATAAGGGGCATGATGATTTGACGTCATCCCCACCTTCCTCC
>sq95;size=116;
TATTCACCGCAGTATGCTGACCTGCGATTACTAGCGATTCCGACTTCATGCAGGCAAGTTGCAGCCTGCAATCCGAACTGGGAAACGGTTTTTGAGGTTCGCTTGCCCTCGCGGGTTCGCTGCTCTCTGTCCGTTCCATTGTAGTACGTGTGTAGCCCAGACCATAAGGGGCATGATGACTTGACGTCATCCCCGCCTTCCTCC
>sq96;size=15;
TATTCACCGCGCCATGGCTGATGCGCGATTACTAGCGAATCCAGCTTCATGGAGTCGGGTTGCAGACTCCAATCCGAACTGAGAGAGGTTTTTAAGATTAGCATCCTATCACTAGGTAGCGACCTTCTGTACCTCCCATTGTAACACGTGTGTAGCCCCGGACGTAAGGGCCGTGCTGATTTGACGTCATCCCCACCTTCCTCA
>sq97;size=66;
TATTCACCGCGCCATGGCTGATGCGCGATTACTAGCGAATCCAGCTTCGTGGGGTCGGGTTGCAGACCCCAGTCCGAACTGAGACGCACTTTCAAGATTGGATTGCATTTACATACAACCGACACTCTGTATGCGCCATTGTAACACGTGTGTAGCCCCGGACGTAAGGGCCGTGCTGATTTGACGTCATCCCAACCTTCCTCA
>sq98;size=9;
TATTCACCGCAGCGTTGCTGATCTGCGATTACTAGCGACTCCGACTTCATGGGGTCGAGTTGCAGACCCCAATCCGAACTGAGGCCGGCTTTAAGAGATTAGCTTCACTTCACAGTGTCGCAACCCGTTGTACCGACCATTGTAGCATGTGTGAAGCCCTGGGTATAAAGGGCATGATGATTTGACGTCATCCCCACCTTCCTC
