>sq1;size=36051;
CTCGTGTCGTGAGATGTTGGGTTAAGTCCCGCAACGAGCGCAACCCTTGTTCACTGTTGCCAGCACGTTATGGTGGGGACTCAGTGGAGACCGCCGGGGTCAACTCGGAGGAAGGTGGGGATGACGTCAAGTCATCATGCCCCTTATGTCCAGGGCTTCACGCATGCTACAATGGCTGGTACAGAGAGTGGCGAGCCTGTGAGGGTGAGCGAATCTCGGAAAGCCGGTCTCAG
>sq2;size=8440;
CTCGTGTCGTGAGATGTTGGGTTAAGTCCCGCAACGAGCGCAACCCTTGCCCTATGTTGCCAGCACGTGATGGTGGGGACTCGTGGGGGACTGCCGGGGTTAACTCGGAGGAAGGTGGGGATGACGTCAAATCATCATGCCCCTTATGTCTTGGGCTTCACGCATGCTACAATGGTTGGTACAGAGGGTTGCGATACTGTGAGGTGGAGCGAATCCCTTAAAGCCAGTCTCAG
>sq3;size=2564;
CTCGTGTCGTGAGATGTTGGGTTAAGTCCCGCAACGAGCGCAACCCTTATCTTCAGTTGCCAGCACGTAGAGGTGGGAACTCTGGAGAGACTGCCGATGACAAATCGGAGGAAGGTGGGGATGACGTCAAATCATCATGCCCTTTATGTCTTGGGCTACACACGTGCTACAATGGTTGGTACAACGAGAAGCGAGATAGAGATGTTAAGCGAAACTCTAAAAACCAATCTCAG
>sq4;size=2692;
CTCGTGTCGTGAGATGTTGGGTTAAGTCCCGCAACGAGCGCAACCCCTATTGTTAGTTGCCATCATTCAGTTGGGCACTCTAGCGAGACTGCCGGTAATAAACCGGAGGAAGGTGGGGATGACGTCAAATCATCATGCCCCTTATGACCTGGGCTACACACGTGCTACAATGGCTGGTACAACGAGTCGCAAGCCGGTGACGGCAAGCTAATCTCTTAAAGCCAGTCTCAGTT
>sq5;size=2304;
CTCGTGTCGTGAGATGTTAGGTTAAGTCCTTCAACGAGCGCAACCCTTGTGAATAGTTGTATTTTTCTATTCAGACTGCCCCGGTAACGGGGAGGAAGGAGGGGATGATGTCAGGTCAGTATTTCCCTTACGTCCTGGGCTAGAAACGTAATACAATGGCTAGTACAATGCGCAGCGAAGCCGCGAGGTGAAGCAAATCGCATCAAAGCTAGTCCCAGTTCGGATTGTAGGCT
>sq6;size=2233;
CTCGTGTCGTGAGATGTTGGGTTAAGTCCCGCAACGAGCGCAACCCTTGCCTTCAGTTACCAGCATTCAGTTGGGGACTCTGGAGGGACTGCCGGTGATAAACCGGAGGAAGGTGGGGATGACGTCAAATCATCATGCCCCTTATGGCCTGGGCTACACACGTACTACAATGGCTGTTACAACGTGCAGCGACCTAGCGATAGGAAGCGAATCACTAAAAGACAGTCTCAGTT
>sq7;size=2068;
CTCGTGTCGTGAGATGTTGGGTTAAGTCCCGCAACGAGCGCAACCCTCGTTCTATGTTGCCAGCACGTGATGGTGGGGACTCATAGGAGACTGCCGGGGTTAACTCGGAGGAAGGTGGGGATGACGTCAAATCATCATGCCCCTTATGTCTTGGGCTTCACGCATGCTACAATGGCCGGTACAGAGGGTTGCGATACTGTGAGGTGGAGCTAATCCCTAAAAGCCGGTCTCAG
>sq8;size=2397;
CTCGTGTCGTGAGATGTTGGGTTAAGTCCCGCAACGAGCGCAACCCCTATTGTTAGTTGCCATCATTCAGTTGGGCACTCTAGCGAGACTGCCGGTAATAAACCGGAGGAAGGTGGGGATGACGTCAAATCATCATGCCCCTTATGACCTGGGCTACACACGTGCTACAATGGCTGGTACAACGAGTCGCGAGTCGGTGACGGCAAGCTAATCTCTTAAAGCCAGTCTCAGTT
>sq9;size=2007;
CTCGTGTCGTGAGATGTTGGGTTAAGTCCCGCAACGAGCGCAACCCCTATAGTTAGTAGCCAGCAGTAAGATGGGCACTCTAACTAGACTGCCAGGGATAACCTGGAGGAAGGCGGGGATGACGTCAAATCATCATGCCCCTTATGACTTGGGCTACACACGTGCTACAATGGCGTAAACAAAGGGAAGCGAGAGGGTGACCTTAAGCAAATCTCAAAAATAACGTCTCAGTT
>sq10;size=1603;
CTCGTGTCGTGAGATGTTGGGTTAAGTCCCGCAACGAGCGCAACCCCTATAGTTAGTAGCCAGCAGTAAGATGGGCACTCTAACTAGACTGCCAGGGATAACCTGGAGGAAGGCGGGGATGACGTCAAATCATCATGCCCCTTATGACTTGGGCTACACACGTGCTACAATGGCGTAAACAAAGGGAAGCAAGAGGGTGACCTTAAGCAAATCTCAAAAATAACGTCTCAGTT
>sq11;size=1421;
CTCGTGCCGTGAGGTGTCGGCTTAAGTGCCATAACGAGCGCAACCCCTTTTTTCAGTTGCCATCAGGTGATGCTGGGCACTCTGGAGATACTGCCACCGTAAGGTGTGAGGAAGGTGGGGATGACGTCAAATCAGCACGGCCCTTACGTCCGGGGCTACACACGTGTTACAATGGCCGGTACAGAGAGTTGGTTGTGTGCAAATACGATCTAATCCTTAAAGCCGGTCCCAGT
>sq12;size=1366;
CTCGTGTCGTGAGATGTTAGGTTAAGTCCTGCAACGAGCGCAACCCTTATAACTAGTTGCCAATATTAAGTTAGGAACTCTAGTTAGACTGCCGTGGTCAACACGGAGGAAGGTGGGGATGACGTCAAATCATCATGCCCCTTACGTCTTGGGCTACACACGTGCTACAATGGCTATTACAAAGAGTTGCAAGTTGGTAACAGCAAGCTAATCTCAAAAAAATAGTCTCAGTT
>sq13;size=1233;
CTCGTGTCGTGAGATGTTGGGTTAAGTCCCGCAACGAGCGCAACCCTCGTTCTATGTTGCCAGCACGTCATGGTGGGAACTCATGGAATACTGCCGGGGTCAACTCGGAGGAAGGTGAGGATGACGTCAAATCATCATGCCCCTTATGTCTTGGGCTTCACGCATGCTACAATGGCCGGTACAAAGGGCTGCAATACCGCAAGGTGGAGCGAATCCCAAAAAGCCGGTCCCAG
>sq14;size=1126;
CTCGTGCCGTGAGGTGTCGGCTTAAGTGCCATAACGAGCGCAACCCCTTTCTTCAGTTGCCATCAGGTGATGCTGGGCACTCTGTAGATACTGCCACCGCAAGGTGTGAGGAAGGTGGGGATGACGTCAAATCAGCACGGCCCTTACGTCCGGGGCTACACACGTGTTACAATGGCCGGTACAGAGAGTTGATTTTGTGCAAACACGATCCAATCCTTAAATCCGGTCCCAGT
>sq15;size=1093;
CTCGTGTCGTGAGATGTTGGGTTAAGTCCCGCAACGAGCGCAACCCCTTTCGTATGTTACCATCATTAAGTTGGGGACTCATGCGATACTGCCTACGATGAGTAGGAGGAAGGTGGGGATGACGTCAAGTCATCATGCCCCTTATACGCTGGGCTACACACGTGCTACAATGGGTAGAACAGAGAGTTGCAAAGCTGTGAAGTGGAGCTAATCTCAGAAAACTATTCTTAGTT
>sq16;size=1044;
CTCGTGTCGTGAGATGTTGGGTTAAGTCCCGCAACGAGCGCAACCCTCGTTCTATGTTGCCAGCACGTGATGGTGGGGACTCATAGGAGACTGCCGGGGTCAACTCGGAGGAAGGTGGGGATGACGTCAAATCATCATGCCCCTTATGTCTTGGGCTTCACGCATGCTACAATGGCCGGTACAGAGGGTTGCGATACTGTGAGGTGGAGCTAATCCCTAAAAGCCGGTCTCAG
>sq17;size=1073;
CTCGTGTCGTGAGATGTTAGGTTAAGTCCTGCAACGAGCGCAACCCTCGTCGTATATTGCCAGCGGTTCGGCCGGGCACCTATACGAGACCGCCGGCGTCAAGCCGGAGGAAGGTGGGGACGACGTCAAGTCATCATGCCCCTTATGTCCTGGGCTACACACGTGCTACAATGGCCGGCACAATGAGCTGCCAACCCGCAAGGGCGAGCGAATCTCTAAAGCCGGTCCCAGTT
>sq18;size=1029;
CTCGTGTCGTGAGATGTTGGGTTAAGTCCCGCAACGAGCGCAACCCTTGCGTATAGTAGCCAGCAAGTAAAGTTGGGAACTCTATACGGACTGCCGGGGATAACCCGGAGGAAGGTGGGGATGACGTCAAATCATCATGCCCCTTATGGTCTGGGCTACACACGTGCTACAATGTCGTAACAGAGGGAAGCGAAAGGGTGACCTGAAGCGAATCTCAAAAACAACGACCCAGT
>sq19;size=928;
CTCGTGTCGTGAGATGTTGGGTTAAGTCCCGCAACGAGCGCAACCCTTGCCATTAGTTGCCATCATTTAGTTGGGCACTCTAGTGGGACTGCCGGGGAAAACTCGGAGGAAGGTGGGGATGACGTCAAATCATCATGCCCCTTATGTTCTGGGCTACACACGTGCTACAATGGCCGGTACAACAGGCAGCGAACCCGTGAGGGGGAGCGAATCCCAAAAGCCGGTCCCAGTTC
>sq20;size=875;
CTCGTGTCGTGAGATGTTGGGTTAAGTCCCGCAACGAGCGCAACCCCTATCTTATGTTGCCAGCACTTCGGGTGGGAACTCATGAGAGACTGCCGCAGACAATGCGGAGGAAGGCGGGGATGACGTCAAATCATCATGCCCCTTATGACCTGGGCTACACACGTACTACAATGGGAGTTAATAGACGGAAGCGAAACCGCGAGGTGGAGCAAACCCGAGAAACACTCTCTCAG
>sq21;size=855;
CTCGTGTCGTGAGATGTTGGGTTAAGTCCCGCAACGAGCGCAACCCTTGCCCTATGTTGCCAGCACGTGATGGTGGGGACTCGTGGGGGACTGCCGGGGTTAACTCGGAGGAAGGTGGGGATGACGTCAAATCATCATGCCCCTTATGTCTTGGGCTTCACGCATGCTACAATGGTTGGTACAGAGGGTTGCGATATCGTGAGGTGGAGCGAATCCCTTAAAGCCAGTCTCAG
>sq22;size=798;
CTCGTGTCGTGAGATGTTGGGTTAAGTCCCGCAACGAGCGCAACCCTTGTCTTCAGTTACCATCATTAAGTTGGGGACTCTGGAGAGACTGCCGGTGATAAACCGGAGGAAGGTGGGGATGACGTCAAATCATCATGCCCCTTATGGCCTGGGCTACACACGTACTACAATGGCTATTACAACGTGGAGCGACTGTGCGAACAGAAGCGAATCACTGAAAGATAGTCTCAGTT
>sq23;size=937;
CTCGTGTCGTGAGATGTTGGGTTAAGTCCCGCAACGAGCGCAACCCCTATTGTTAGTTGCCATCATTTAGTTGGGCACTCTAGCGAGACTGCCGGTAATAAACCGGAGGAAGGTGGGGATGACGTCAAATCATCATGCCCCTTATGACCTGGGCTACACACGTGCTACAATGGCTGGTACAACGAGTCGCAAGCCGGTGACGGCAAGCTAATCTCTTAAAGCCAGTCTCAGTT
>sq24;size=811;
CTCGTGTCGTGAGATGTTGGGTTAAGTCCCGCAACGAGCGCAACCCTTGTCTTTAGTTGCCAGCATTCAGTTGGGCACTCTAGAGAGACTGCCAGGGATAACCTGGAGGAAGGTGGGGATGACGTCAAATCATCATGCCCCTTATGCTTAGGGCTACACACGTGCTACAATGGGTGGTACAGAGGGTTGCCAAACCGTGAGGTGGAGCCAATCCCTTAAAGCCATTCTCAGTT
>sq25;size=1375;
CTCGTGTCGTGAGATGTTGGGTTAAGTCCCATAACGAGCGCAACCCCTTTTGCTAGTTACCATCATTAAGTTGGGGACTCTAGCAATACTGCCGGTGACAAACCGGAGGAAGGTGGGGATGACGTCAAATCATCATGCCCTTTATGACTTGGGCTACACACGTGCTACAATGGCAGGTACACAGGGCAGCAAGACAGTGATGTTAAGCGAAACTCAAAAAGCCTGTCCCAGTT
>sq26;size=748;
CTCGTGTCGTGAGATGTTGGGTTAAGTCCCGCAACGAGCGCAACCCTTGTCATTAGTTGCTACGAAAGGGCACTCTAATGAGACTGCCGGTGACAAACCGGAGGAAGGTGGGGATGACGTCAGGTCATCATGGCCCTTATGGGTAGGGCTACACACGTCATACAATGGCCGGGACAGAGGGCTGCCAACCCGCGAGGGGGAGCTAATCCCAGAAACCCGGTCGTAGTCCGGAT
>sq27;size=761;
CTCGTGTCGTGAGATGTTGGGTTAAGTCCCGCAACGAGCGCAACCCTTGTCATTAGTTGCCATCATTAAGTTGGGCACTCTAGTGAGACTGCCGGGGACAACTCGGAGGAAGGTGGGGATGACGTCAAATCATCATGCCCCTTATGTTCTGGGCTACACACGTGCTACAATGGCTGGTACAAAGAGAAGCAAGACCGCAAGGTGGAGCAAAGCTCAAAAACCAGCCCCAGTTC
>sq28;size=676;
CTCGTGTCGTGAGATGTTGGGTTAAGTCCCGCAACGAGCGCAACCCTCGTTCTATGTTGCCAGCACGTTATGGTGGGGACTCATAGGAGACTGCCGGGGTCAACTCGGAGGAAGGTGGGGATGACGTCAAATCATCATGCCCCTTATGTCTTGGGCTTCACGCATGCTACAATGGCCGGTACAGAGGGTTGCGATACTGTGAGGTGGAGCTAATCCCTAAAAGCCGGTCTCAG
>sq29;size=1896;
CTCGTGTCGTGAGATGTTGGGTTAAGTCCCGCAACGAGCGCAACCCTTGTTCACTGTTGCCAGCACGTTATGGTGGGGACTCAGTGGAGACCGCCGGGGTCAACTCGGAGGAAGGTGGGGATGACGTCAAGTCATCATGCCCCTTATGTCCAGGGCTTTACGCATGCTACAATGGCTGGTACAGAGAGTGGCGAGCCTGTGAGGGTGAGCGAATCTCGGAAAGCCGGTCTCAG
>sq30;size=661;
CTCGTGCCGTGAGGTGTCGGCTTAAGTGCCATAACGAGCGCAACCCTTTTCTACGTTTGCCATCGGGTAATGCCGGGAACTCCGTGGATACTGCCGCCGCAAGGCGGAGGAAGGTGGGGATGACGTCAAATCAGCACGGCCCTTACGTCCGGGGCTACACACGTGTTACAATGGTCGGAGCAGCAGGAAGCTACCTGGCGACAGGATGCTGATCCCGAAACCCGGCCTCAGTT
>sq31;size=704;
CTCGTGTCGTGAGATGTTGGGTTAAGTCCCGCAACGAGCGCAACCCTTATTGTTAGTTGCCATCATTCAGTTGGGCACTCTAGCGAGACTGCCGGTAATAAACCGGAGGAAGGTGGGGATGACGTCAAATCATCATGCCCCTTATGACCTGGGCTACACACGTGCTACAATGGCTGGTACAACGAGTCGCAAGCCGGTGACGGCAAGCTAATCTCTGAAAGCCAGTCTCAGTT
>sq32;size=835;
CTCGTGTCGTGAGATGTTGGGTTAAGTCCCGCAACGAGCGCAACCCCTATTGTTAGTTGCCATCATTGAGTTGGGCACTCTAGCGAGACTGCCGGTAATAAACCGGAGGAAGGTGGGGATGACGTCAAATCATCATGCCCCTTATGACCTGGGCTACACACGTGCTACAATGGCTGGTACAACGAGTCGCGAGTCGGTGACGGCAAGCTAATCTCTTAAAGCCAGTCTCAGTT
>sq33;size=607;
CTCGTGTCGTGAGATGTTGGGTTAAGTCCCGCAACGAGCGCAACCCTTGCCGTTAGTTGCCATCATTAAGTTGGGCACTCTAATGGGACTGCCGGGGAGAACCCGGAGGAAGGCGGGGATGACGTCAAATCATCATGCCCCTTATGTTCTGGGCTACACACGTGCTACAATGGCCGTCACAGAGGGAAGCGAGAGAGCGATCTTAAGCGAAACCAAAAAGGCGGTCCCAGTTC
>sq34;size=553;
CTCGTGTCGTGAGATGTTGGGTTAAGTCCCGCAACGAGCGCAACCCTTGTCTCTAGTTGCTACGAAAGGGCACTCTAGAGAGACTGCCGGTGACAAACCGGAGGAAGGTGGGGATGACGTCAAGTCCTCATGGCCCTTATGGGTAGGGCTTCACACGTCATACAATGGTGCATACAGAGGGTTGCCAAGCCGCGAGGTGGAGCTAATCCCAGAAAATGCATCGTAGTCCGGAT
>sq35;size=535;
CTCGTGCCGTGAGGTGTCGGCTTAAGTGCCATAACGAGCGCAACCCCTCTCTTCAGTTGCCATCAGGTAAAGCTGGGCACTCTGGAGACACTGCCACCGTAAGGTGTGAGGAAGGTGGGGATGACGTCAAATCAGCACGGCCCTTACGTCCGGGGCTACACACGTGTTACAATGGCCGGTACAGAGGGATGGTGTAATGCAAATTGCATCAAATCTTGAAAGCCGGTCCCAGT
>sq36;size=487;
CTCGTGTCGTGAGATGTTGGGTTAAGTCCCGCAACGAGCGCAACCCTTAAGCTTAGTTGCCATCATTAAGTTGGGCACTCTAAGTTGACTGCCGGTGACAAACCGGAGGAAGGTGGGGATGACGTCAAATCATCATGCCCCTTATGATTTGGGCTACACACGTGCTACAATGGACAATACAAAGGGCAGCGAAACCGCGAGGTCAAGCAAATCCCATAAAGCTGTTCTCAGTT
>sq37;size=513;
CTCGTGTCGTGAGATGTTGGGTTAAGTCCCGCAACGAGCGCAACCCTTATTACTAGTTACCAGCATTTCGGATGGGGACTCTAGAAAGACTGCCGATGATAAATCGGAGGAAGGTGGGGATGACGTCAAATCATCATGCCCTATATGCCCTGGGCAACACACGTGCTACAATGGCCGTAACAAAGAGAAGCGAAATCGCAAGGTCAAGCAAACCTCAAAAAGACGGTCTCAGT
>sq38;size=367;
CTCGTGTCGTGAGATGTTGGGTTAAGTCCCGCAACGAGCGCAACCCCTTTCGTATGTTACCATCATTAAGTTGGGGACTCATGCGATACTGCCTACGATGAGTAGGAGGAAGGTGGGGATGACGTCAAGTCATCATGCCCCTTATACGCTGGGCTACACACGTGCTACAATGGGTAGAACAGAGAGTTGCAAAGCCGTGAGGTGAAGCTAATCTCAGAAAACTATTCTTAGTT
>sq39;size=392;
CTCGTGTCGTGAGATGTTTGGTTAAGTCCATCAACGAGCGCAACCCTTGCAACCAGTTGTATTTTTCTGGTAGGACTGCCCCGGTAACGGGGAGGAAGGAGGGGATGATGTCAGGTCAGTATTTCCCTTACGCCTTGGGCTAGAATCGCGCTACAATGGCCGGTACAATGCGAAGCGAAGCAGTGATGTGAAGCAAATCGCACCAAAGCCGGTCCCAGTTCGGATAAAAGGCT
>sq40;size=1003;
CTCGTGTCGTGAGATGTTGGGTTAAGTCCCATAACGAGCGCAACCCCTATGGCTAGTTACCATCATTAAGTTGGGGACTCTAGCAATACTGCCGGTGACAAACCGGAGGAAGGTGGGGATGACGTCAAATCATCATGCCCTTTATGACTTGGGCTACACACGTGCTACAATGGCAGGTACAGAGGGCAGCAAGACAGCGATGTTAAGCGAAACTCAAAAAGCCTGTCCCAGTT
>sq41;size=360;
CTCGTGTCGTGAGATGTTGGGTTAAGTCCCGCAACGAGCGCAACCCCTATTGTTAGTTGCCATCATTCAGTTGGGCACTCTAGCGAGACTGCCGGTAATAAACCGGAGGAAGGTGGGGATGACGTCAAATCATCATGCCCCTTATGACCTGGGCTACACACGTGCTACAATGGTTGGTACAACGAGTTGCGAGTCGGTGACGGCAAGCTAATCTCTTAAAGCCAATCTCAGTT
>sq42;size=356;
CTCGTGTCGTGAGATGTTGGGTTAAGTCCCGCAACGAGCGCAACCCTTATTGTTAGTTGCCATCATTTAGTTGGGCACTCTAGCGAGACTGCCGGTAATAAACCGGAGGAAGGTGGGGATGACGTCAAATCATCATGCCCCTTATGACCTGGGCTACACACGTGCTACAATGGCTGGTACAACGAGTTGCAAGTCGGTGACGGCAAGCTAATCTCTTAAAGCCAGTCTCAGTT
>sq43;size=422;
CTCGTGTCGTGAGATGTTGGGTTAAGTCCCGCAACGAGCGCAACCCCTATTTTTAGTAGCCAGCGGTTAGGCCGGGCACTCTAAAGAGACTGCCGAGGATAACTCGGAGGAAGGCGGGGATGACGTCAAATCATCATGCCCCTTATGACCGGGGCTACACACGTGCTACAATGGCAGTTACAGAGGGAAGCGAAGACGTGAGTCGGAGCAAATCTCAGAAAGGCTGCCTCAGT
>sq44;size=315;
CTCGTGTCGTGAGATGTTGGGTTAAGTCCCGCAACGAGCGCAACCCCTATTGCCGGTAGCCAGCAGGTAAAGCTGGGCACTCCGGCGAGACTGCCCGGGATAACCGGGAGGAAGGCGGGGATGACGTCAAATCATCATGCCCCTTATGATTTGGGCAACACACGTGCTACAATGGCGTTAACAAAGAGAAGCGAGAACGCGAGTTTAAGCAAAGCTCAAAAATAACGTCTCAG
>sq45;size=315;
CTCGTGCCGTGAGGTGTCGGCTTAAGTGCCATAACGAGCGCAACCCCCTTTCCCAGTTGCCATCGGGTGATGCCGGGCACTCTGGGGACACTGCCACCGCAAGGTGCGAGGAAGGTGGGGATGACGTCAAATCAGCACGGCCCTTACGTCCGGGGCTACACACGTGTTACAATGGCCGGTACAGAGGGACGGTGCAATGCAAGTTGCATCCAATCTTGAAATCCGGTCCCAGT
>sq46;size=282;
CTCGTGTCGTGAGATGTTGGGTTAAGTCCCGCAACGAGCGCAACCCTTATCTTCAGTTGCCAGCACGTAGAGGTGGGAACTCTGGAGAGACTGCCGATGACAAATCGGAGGAAGGTGGGGATGACGTCAAATCATCATGCCCTTTATGTCTTGGGCTACACACGTGCTACAATGGTTGGTACAACGAGAAGCTAGACAGTGATGTTAAGCAAAACTCTAAAAACCAATCTCAG
>sq47;size=257;
CTCGTGTCGTGAGATGTTGGGTTAAGTCCCGCAACGAGCGCAACCCTTGTCGCTAGTTACTAACATTCAGTTGAGGACTCTAGCGAGACTGCCGAGGTCAACTCGGAGGAAGGTGGGGATGACGTCAAATCATCATGCCCCTTATGTTCTGGGCTACACACGTGCTACAATGGTCGGTACAATGAGATGCAATACTGCGAAGTGGAGCGAAACACCAAAACCGATCCCAGTTC
>sq48;size=238;
CTCGTGTCGTGAGATGTTGGGTTAAGTCCCGCAACGAGCGCAACCCTTGTCCTTAGTTGCTACGCAAGAGCACTCTAAGGAGACTGCCGGTGACAAACCGGAGGAAGGTGGGGATGACGTCAAGTCCTCATGGCCCTTATGGGTAGGGCTTCACACGTCATACAATGGTCGGAACAGAGGGTTGCCAACCCGCGAGGGGGAGCTAATCCCAGAAAACCGATCGTAGTCCGGAT
>sq49;size=219;
CTCGTGTCGTGAGATGTTGGGTTAAGTCCCGCAACGAGCGCAACCCTTTTCCTTACTTGCCAGCATTTCGGATGGGAACTTTAAGGATACTGCCAGTGACAAACTGGAGGAAGGCGGGGACGACGTCAAGTCATCATGGCCCTTACGGCCAGGGCTACACACGTGCTACAATGGTCGGTACAAAGGGTTGCTACACAGCGATGTGATGCTAATCTCAAAAAGCCGATCGTAGT
>sq50;size=360;
CTCGTGTCGTGAGATGTTGGGTTAAGTCCCATAACGAGCGCAACCCCTTTTTCTAGTTACCATCATTAAGTTGGGGACTCTAGCAAAACTGCCGGTGACAAACCGGAGGAAGGTGGGGATGACGTCAAATCATCATGCCCTTTATGACTTGGGCTACACACGTGCTACAATGGCAGGTACACAGGGCAGCGAAACTGCGAAGTCAAGCGAAACCCAAAAAGCCTGTCCCAGTT
>sq51;size=203;
CTCGTGTCGTGAGATGTTGGGTTAAGTCCCGCAACGAGCGCAACCCTCGTTCTATGTTGCCAGCACGTAATGGTGGGAACTCATGGAATACTGCCGGGGTCAACTCGGAGGAAGGTGAGGATGACGTCAAATCATCATGCCCCTTATGTCTTGGGCTTCACGCATGCTACAATGGCCGGTACAATGGGCTGCAATACCGCAAGGTGGAGCGAATCCCAAAAAGCCGGTCCCAG
>sq52;size=220;
CTCGTGCCGTGAGGTGTCGGCTTAAGTGCCATAACGAGCGCAACCCTTTTCTACGTTTGCCATCGGGTAATGCCGGGAACTCCGTGGATACTGCCGCCGCAAGGCGGAGGAAGGTGGGGATGACGTCAAATCAGCACGGCCCTTACGTCCGGGGCTACACACGTGTTACAATGGTCGGAGCAGCAGGAAGCTACCTGGCAACAGGATGCTGATCCCAAAACCCGGCCTCAGTT
>sq53;size=193;
CTCGTGTCGTGAGATGTTTGGTTAAGTCCATCAACGAGCGCAACCCTTGTGTCTAGTTGTATTTTTCTAGACAGACTGCTTCGGTAACGGAGAGGAAGGAGGGGATGATGTCAGGTCAGTATTTCCCTTACGTCCTGGGCTAGAAACACGATACAATGGCTAGTACAATGCGCAGCGAAGCCGCGAGGTGAAGCAAATCGCACCAAAGCTAGTCCCAGTTCGGATTGGAGGCT
>sq54;size=168;
CTCGTGCCGTGAGGTGTCGGCTTAAGTGCCATAACGAGCGCAACCCCTGTCTTTAGTTGCCATCAGGTGATGCTGGGCACTCTGGAGATACTGCCACCGTAAGGTGTGAGGAAGGTGGGGATGACGTCAAATCAGCACGGCCCTTACGTCCGGGGCTACACACGTGTTACAATGGCCGGTACAGAGGGACGGTGTAATGTAAATTGCATCCAATCTTGAAAGCCGGTCCCAGT
>sq55;size=198;
CTCGTGTTGTGAAATGTTGGGTTAAGTCCCGCAACGAGCGCAACCCTTATCCTTTGTTGCCAGCGATTTGGTCGGGAACTCAAAGGAGACTGCCGGTGATAAACCGGAGGAAGGTGGGGATGACGTCAAGTCATCATGGCCCTTACGAGTAGGGCTACACACGTGCTACAATGGCGTATACAGAGGGAAGCGATAGTGCGAGCTGGAGCGAATCTCACAAAGTACGTCTAAGT
>sq56;size=186;
CTCGTGCCGTGAGGTGTCGGCTTAAGTGCCATAACGAGCGCAACCCTTGCCGTCAGTTGCCATCAGGAAAAGCTGGGGACTCTGTCGGGACTGCCACCGCAAGGTGTGAGGAAGGGGGGGATGACGTCAAATCAGCACGGCCCTTACGTCCGGGGCTACACACGTGTTACAATGGCGACTACAGAGGGGAGCCACCCGGTGACGGGGCGCCGATCTCCAAAAGTCGTCTCAGT
>sq57;size=171;
CTCGTGTCGTGAGATGTTGGGTTAAGTCCCGCAACGAGCGCAACCCCTATCTTATGTTGCCAGCACGTAATGGTGGGAACTCATGAGAGACTGCCGCAGACAATGCGGAGGAAGGCGGGGATGACGTCAAATCATCATGCCCCTTATGACCTGGGCTACACACGTACTACAATGGGAGTTAATAGACGGAAGCGAGATCGCGAGATGGAGCAAACCCGAGAAACACTCTCTCA
>sq58;size=134;
CTCGTGTCGTGAGATGTTGGGTTAAGTCCCGCAACGAGCGCAACCCCTATCTTATGTTGCCAGCACTTCGGGTGGGAACTCATGAGAGACTGCCGCAGACAATGCGGAGGAAGGCGGGGATGACGTCAAATCATCATGCCCCTTATGACCTGGGCTACACACGTACTACAATGGGAGTTAATAGACGGAAGCAATACTGCGAGGTGGAGCAAACCCGAGAAACACTCTCTCAG
>sq59;size=136;
CTCGTGCCGTGAGGTGTCGGCTTAAGTGCCATAACGAGCGCAACCCCTCTCTTCAGTTGCCATCAGGTTAAGCTGGGCACTCTGGAGACACTGCCACCGTAAGGTGTGAGGAAGGTGGGGATGACGTCAAATCAGCACGGCCCTTACGTCCGGGGCTACACACGTGTTACAATGGCCGGTACAGAGGGATGGTGTAATGTAAATTGCATCAAATCTTGAAAGCCGGTCCCAGT
>sq60;size=162;
CTCGTGCCGTGAGGTGTCGGCTCAAGTGCCATAACGAGCGCAACCCCCCTCCCCAGTTGCCATCGGGTGATGCCGGGCACTCCGGGGACACTGCCGCCGCAAGGTGCGAGGAAGGTGGGGACGACGTCAAATCAGCACGGCCCTTACGTCCGGGGCTACACACGTGTTACAATGGCCGGTACAGAGCGTCGGCCGCGCGCAAGTGCGGTCCAATCCTCAAAGCCGGTCCCAGT
>sq61;size=139;
CTCGTGCCGTGAGGTGTCGGCTTAAGTGCCATAACGAGCGCAACCCCTTTCTTCAGTTGCCATCAGGTAATGCTGGGCACTCTGGAGATACTGCCACCGCAAGGTGTGAGGAAGGTGGGGATGACGTCAAATCAGCACGGCCCTTACGTCCGGGGCTACACACGTGTTACAATGGCCGGTACAGAGAGTTGGTTGTGTGCAAACACGATCTAATCCTTAAATCCGGTCCCAGT
>sq62;size=121;
CTCGTGTCGTGAGATGTTAGGTTAAGTCCTGCAACGAGCGCAACCCTCGTCGTATGTTGCCAGCGGTTAGGCCGGGCACCCATACGAGACCGCCGGCGTCAAGCCGGAGGAAGGTGGGGACGACGTCAAGTCATCATGCCCCTTATGTCCTGGGCTACACACGTGCTACAATGGCCGGCACAATGGGCTGCCAACCCGCGAGGGTGAGCGAATCCCTAAAGCCGGTCCCAGTT
>sq63;size=121;
CTCGTGCCGTGAGGTGTCGGCTTAAGTGCCATAACGAGCGCAACCCTTCTCCTCGGTTGCCATCGGGTAATGCCGGGCACTCCGTGGACACTGCCATCGTAAGATGTGAGGAAGGTGGGGATGACGTCAAATCAGCACGGCCCTTACGTCCGGGGCTACACACGTGTTACAATGGGGGGTACAGAAGGCCGCTACCCGGCGACGGGATGCTAATCTTTAAAACCTCTCTCAGT
>sq64;size=102;
CTCGTGTCGTGAGATGTTGGGTTAAGTCCCGCAACGAGCGCAACCCCTATAACTAGTTGCCAGCATTCAGATGGGGACTCTAGTTAGACTGCCGGTGACAAACCGGAGGAAGGTGGGGATGACGTCAAATCATCATGCCCCTTATGACCTGGGCTACACACGTGCTACAATGGATGGTACAACGAGCAGCGAACTCGCGAGGGTAAGCGAATCTCTAAAAGCCATTCTCAGTT
>sq65;size=101;
CTCGTGTCGTGAGATGTTGGGTTAAGTCCCGCAACGAGCGCAACCCTCGTCCTATGTTGCCAGCACGTCATGGTGGGAACTCATGGGAGACTGCCGGGGTCAACTCGGAGGAAGGTGGGGATGACGTCAAATCATCATGCCCCTTATGTCTTGGGCTTCACGCATGCTACAATGGCCGGTACAAAGGGCTGCGATACCGTAAGGTGGAGCGAATCCCAAAAAGCCGGTCTCAG
>sq66;size=116;
CTCGTGTCGTGAGATGTTGGGTTAAGTCCCGCAACGAGCGCAACCCTTTTCCTTATTTGCCAGCGGGTTAAGCCGGGAACTTTAAGGATACTGCCAGTGACAAACTGGAGGAAGGCGGGGACGACGTCAAGTCATCATGGCCCTTACGACCAGGGCTACACACGTGCTACAATGGTCGGTACAAAGGGTTGCTACCTAGCGATAGGATGCTAATCTCAAAAAGCCGATCGTAG
>sq67;size=96;
CTCGTGCCGTGAGGTGTCGGCTTAAGTGCCATAACGAGCGCAACCCCTGTCTTCAGTTGCCATCAGGTAATGCTGGGCACTCTGCAGATACTGCCACCGTAAGGTGTGAGGAAGGTGGGGATGACGTCAAATCAGCACGGCCCTTACGTCCGGGGCTACACACGTGTTACAATGGGGGGTACAGCGAGCGGGATGCCCGCAAGGTCATTCAAATCATGAAAGCCTCCCTCAGT
>sq68;size=105;
CTCGTGTCGTGAGATGTTGGGTTAAGTCCCGTAACGAGCGCAACCCCTATGGCTAGTTGCTAACATTAAGTTGAGGACTCTAGCAAGACTGCCGTTGTTAAAACGGAGGAAGGTGGGGACGACGTCAAATCATCATGCCCTTTATGTCCTGGGCTACACACGTACTACAATGGGTAAGACAGAGGGAAGCGAAAGTGCGAACTGGAGCAAAACCCTAAACTTATTCTCAGTTC
>sq69;size=90;
CTCGTGTCGTGAGATGTTGGGTTAAGTCCCGCAACGAGCGCAACCCTCGCCATTAGTTGCCATCATTTAGTTGGGAACTCTAATGGGACTGCCGGTGCTAAGCCGGAGGAAGGTGGGGATGACGTCAAGTCCTCATGGCCCTTACAGGGTGGGCTACACACGTGCTACAATGGCGACTACAGAGGGTTAATCCTTAAAAGTCGTCTCAGTTCGGATTGTCCTCTGCAACTCGA
>sq70;size=113;
CTCGTGTTGTGAAATGTTGGGTTAAGTCCCGCAACGAGCGCAACCCTTATCCTTTGTTGCCAGCGATTCGGTCGGGAACTCAAAGGAGACTGCCGGTGATAAACCGGAGGAAGGTGGGGATGACGTCAAGTCATCATGGCCCTTACGAGTAGGGCTACACACGTGCTACAATGGCGTATACAGAGGGAAGCGAGAGTGCGAGCTGGAGCGAATCTCACAAAGTACGTCTAAGT
>sq71;size=80;
CTCGTGCCGTGAGGTGTCGGGTTAAGTCCCATAACGAGCGCAACCCTTATCGTCAGTTACCATCAAGTAAAGTTGGGGACTCTGGCGAGACTGCCGGTGCAAACCGTGAGGAAGGTGGGGATGACGTCAAATCAGCACGGCCCTTACGTCCAGGGCGACACACGTGTTACAATGGGTAGTACAGAGAGTTGCCAGCCAGCGATGGTGAGCTAATCTATTAAATCTACCCTCAG
>sq72;size=160;
CTCGTGCCGTGAGGTGTCGGCTTAAGTGCCATAACGAGCGCAACCCCTCTCCGCAGTTGCCATCGGTTGATGCCGGGCACTCTGCGGACACTGCCTCCGCAAGGAGTGAGGAAGGTGGGGATGACGTCAAATCAGCACGGCCCTTACGTCCGGGGCTACACACGTGTTACAATGGCGCGTACAGAGTGTCGGTGCTGTGCAAACAGTATCTAATCAATAAAACGCGTCCCAGT
>sq73;size=73;
CTCGTGTCGTGAGATGTTGGGTTAAGTCCCGCAACGAGCGCAACCCTTATCATTAGTTGCTACGCAAGGGCACTCTAATGAGACTGCCGGTGACAAACCGGAGGAAGGTGGGGATGACGTCAAGTCCTCATGGCCCTTATGTGTAGGGCTTCACACGTCATACAATGGTCGGTACAGAGGGTTGCGAAGCCGCGAGGTGGAGCCAATCCCAAAAAACCGATCGTAGTCCGGAT
>sq74;size=71;
CTCGTGCCGTGAGGTGTTGGGTTAAGTCCCGCAACGAGCGCAACCCCTATCTTTAGTTGCCAGCGGTTCGGCCGGGGACTCTAAAGAGACTGCCTACGTAAGTAGTGAGGAAGGCGAGGACGACGTCAAGTCATCATGGCCCTTACGTCCAGGGCTACACACGTGCTACAATGGATGGTACAGAGAGTTGCGACACAGCGATGTGAAGCTAATCTCAAAAAGCCATTCTCAGT
>sq75;size=114;
CTCGTGCCGTGAGGTGTCGGCTTAAGTGCCATAACGAGCGCAACCCCTCTCTTCAGTTGCCATCAGGTTAAGCTGGGCACTCTGGAGACACTGCCACCGTAAGGTGTGAGGAAGGTGGGGATGACGTCAAATCAGCACGGCCCTTACGTCCGGGGCTACACACGTGTTACAATGGCCGGTACAGAGGGACGGTGTAATGCAAATTGCATCCAATCTTGAAAGCCGGTCCCAGT
>sq76;size=58;
CTCGTGCCGTGAGGTGTCGGCTTAAGTGCCATAACGAGCGCAACCCCTGTCTTCAGTTGCCATCAGGTAATGCTGGGCACTCTGTAGATACTGCCACCGTAAGGTGTGAGGAAGGTGGGGATGACGTCAAATCAGCACGGCCCTTACGTCCGGGGCTACACACGTGTTACAATGGGGGGTACAGCGAGTTGGATGCCCGCAAGGTCATTCTAATCAATAAAGCCTCCCTCAGT
>sq77;size=54;
CTCGTGTCGTGAGATGTTGGGTTAAGTCCCGCAACGAGCGCAACCCCTATGTCTAGTTGCCAGCAGTAAGATGGGGACTCTAGACAGACTGCCAGTGATAAACTGGAGGAAGGCGGGGATGACGTCAAATCATCATGCCCCTTATGACTTGGGCTACACACGTGCTACAATGGATAGGAACAAAGAGAAGCTAACTCGCGAGAGCAAGCAAACCTCATAAAACTATTCTCAGT
>sq78;size=50;
CTCGTGCCGTGAGGTGTCGGCTTAAGTGCCATAACGAGCGCAACCCTTCTCCACGTTTGCCATCAGGTTAAGCTGGGCACTCCGTGGATACTGCCATCGTAAGATGTGAGGAAGGTGGGGATGACGTCAAATCAGCACGGCCCTTACGTCCGGGGCTACACACGTGTTACAATGGCCGGTACAGAGGGAAGCCACCAGGCGACTGGGCGCTGATCCATGAAAACCGGTCTCAG
>sq79;size=38;
CTCGTGCCGTGAGGTGTCAGGTTAAGTCCTATAACGAGCGCAACCCCTATTGTTAGTTACCAGCACGTCATGGTGGGGACTCTAGCAAGACTGCCGGTGTAAACCGTGAGGAAGGTGGGGATGACGTCAAATCATCACGGCCCTTACATCTTGGGCTACACACGTGCTACAATGGTCGTTACAGAGAGCAGCCACTGCGTGAGCAGGAGCGAATCTATAAAGACGGTCACAGT
>sq80;size=54;
CTCGTGTCGTGAGATGTTGGGTTAAGTCCCGCAACGAGCGCAACCCCTATCTTCTGTTACCAGCACGTAAGGGTGGGGACTCAGGAGAGACTGCCGCAGACAATGCGGAGGAAGGCGGGGATGACGTCAAGTCATCATGCCCCTTATGGCTTGGGCTACACACGTACTACAATGGCTCTTAATAGAGGGAAGCGAAGGAGCGATCCGGAGCAAACCCCAAAAACAGAGTCTCA
>sq81;size=51;
CTCGTGCCGTGAGGTGTCGGCTTAAGTGCCATAACGAGCGCAACCCCTGTCTTTAGTTGCCATCAGGTTAAGCTGGGCACTCTGGAGATACTGCCACCGTAAGGTGTGAGGAAGGTGGGGATGACGTCAAATCAGCACGGCCCTTACGTCCGGGGCTACACACGTGTTACAATGGCCGGTACAGAGGGATGGTGTAATGTAAATTGCATCTAATCTTGAAAGCCGGTCCCAGT
>sq82;size=39;
CTCGTGTCGTGAGATGTTGGGTTAAGTCCCGCAACGAGCGCAACCCTTGTCCTTAGTTACCAGCGGTTTGGCCGGGAACTCTAAGGATACTGCCAGTGACAAACTGGAGGAAGGCGGGGACGACGTCAAGTCATCATGGCCCTTACGACCAGGGCTACACACGTGCTACAATGGTAGGTACAGAGGGCAGCTACACAGCGATGTGATGCGAATCTCAAAAAGCCTATCGTAGT
>sq83;size=37;
CTCGTGTCGTGAGATGTTGGGTTAAGTCCCGCAACGAGCGCAACCCTTGTCCTATGTTGCCAGCACGTAAAGGTGGGGACTCATGGGAGACTGCCGGGGTCAACTCGGAGGAAGGTGGGGATGACGTCAAATCATCATGCCCCTTATGTCTTGGGCTTCACGCATGCTACAATGGCCGGTACAGTGGGTTGCGATACTGTGAGGTGGAGCTAATCCCTAAAAGCCGGTCTCAG
>sq84;size=33;
CTCGTGCCGTGAGGTGTCGGCTTAAGTGCCATAACGAGCGCAACCCCTTTTCTTAGTTGCCATCAGGTAATGCTGGGCACTCTGGGAACACTGCCACCGCAAGGTGTGAGGAAGGTGGGGATGACGTCAAATCAGCACGGCCCTTACGTCCGGGGCTACACACGTGTTACAATGGCCGGTACAGAGGGAGGGTGTAATGTAAATTGCATCAAATCTTAAAAGCCGGTCCCAGT
>sq85;size=23;
CTCGTGTCGTGAGATGTTGGGTTAAGTCCCGCAACGAGCGCAACCCTCGTCCTATGTTGCCAGCGGGTTATGCCGGGAACTCATGGGAGACTGCCGGGGTCAACTCGGAGGAAGGTGGGGATGACGTCAAGTCATCATGCCCCTTATGTCCAGGGCTTCACGCATGCTACAATGGCTGGTACAAAGTGTTGCGATCCCGTGAGGGTGAGCGAATCACGTAAAGCCAGTCTCAG
>sq86;size=12;
CTCGTGCCGTGAGGTGTTGGGTTAAGTCCCGCAACGAGCGCAACCCCTACTGCCAGTTACTAACAGGTAAAGCTTGAGGACTCTGGCGGAACTGCCGATGACAAATCGGAGGAAGGTGGGGATGACGTCAAGTCATCATGGCCCTTATGTCCAGGGCTACACACGTGCTACAATGGTTGCTACAAAGCGAAGCGAGACCGTAAGGTGGAGCAAACCGCAAAAAAGCAATCGTA
>sq87;size=20;
CTCGTGCCGTGAGGTGTCGGCTCAAGTGCCATAACGAGCGCAACCCCTCTCCGTAGTTGCCATCGGGTCATGCCGGGCACTCTTCGGACACTGCCGCCGCAAGGTGTGAGGAAGGTGGGGATGACGTCAAATCAGCACGGCCCTTACGTCCGGGGCTACACACGTGTTACAATGGCCGGTACAGAGAGTCGTCCGGGCGCGAGCCCGGCCCAATCCCTAAATCCGGCCTCAGT
>sq88;size=6;
CTCGTGTTGTGAAATGTTGGGTTAAGTCCCGTAACGAGCGCAACCCTTGTCCTTATTTGCCAGCGAGTAATGTCGGGAACTCTAAGGAGACTGCCGGTGACAAACCGGAGGAAGGTGGGGACGACGTCAAGTCATCATGGCCCTTACGGGTAGGGCTACACACGTGCTACAATGGCCGGTACAAAGGGCTGCGAGCTCGCGAGAGTCAGCGAATCCCTTAAAGCCGGTCTCAG
>sq89;size=4;
AGCGAAATGCGATAAGTAGTGTGAATTGCAGAATTCAGTGAATCATCGAATCTTTGAACGCACATTGCGCCCCTTGGTATTCCATGGGGCATGCCTGTTCGAGCGTCATCTACACCCTCAAGCTCTGCTTGGTGTTGGGCGTCTGTCCCGCCTCTGCGCGCGGACTCGCCCCAAATTCATTGGCAGCGGTCTTTGCCTCCTCTCGCGCAGCACAATTGCGTCTGCGAGGGGGC
>sq90;size=102;
CTCGTGTCGTGAGATGTTGGGTTAAGTCCCGCAACGAGCGCAACCCCTATTGTTAGTTGCCATCATTTAGTTGGGCACTCTAGCGAGACTGCCGGTAATAAACCGGAGGAAGGTGGGGATGACGTCAAATCATCATGCCCCTTATGACCTGGGCTACACACGTGCTACAATGGCTGGTACAACGAGTCGCAAGTCGGTGACGACAAGCTAATCTCTTAAAGCCAGTCTCAGTT
>sq91;size=116;
CTCGTGTCGTGAGATGTTGGGTTAAGTCCCGCAACGAGCGCAACCCTTAAGCTTAGTTGCCATCATTAAGTTGGGCACTCTAAGTTGACTGCCGGTGACAAACCGGAGGAAGGTGGGGATGACGTCAAATCATCATGCCCCTTATGATTTGGGCTACACACGTGCTACAATGGACAATACAAAGGGTAGCGAAACCGCGAGGTCAAGCAAATCCCATAAAGTTGTTCTCAGTT
>sq92;size=249;
CTCGTGTCGTGAGATGTTGGGTTAAGTCCCGCAACGAGCGCAACCCCTATTGTTAGTTGCCATCATTTAGTTGGGCACTCTAGCGAGACTGCCGGTAATAAACCGGAGGAAGGTGGGGATGACGTCAAATCATCATGCCCCTTATGACCTGGGCTACACACGTGCTACAATGGCTGGTACAACGAGTCGCGAGTCGGTGACGGCAAGCTAATCTCTTAAAGCCAGTCTCAGTT
>sq93;size=12;
CTCGTGTCGTGAGATGTTGGGTTAAGTCCCGCAACGAGCGCAACCCCTGTCCCGTGTTGCCAGCGCGTGGTGGCGGGGACTCTCGGGAGACTGCCGGGGTCAACTCGGAGGAGGGTGGGGACGACGTCAAATCATCATGCCCCTGACGTCCTGGGCTTCACGCATGCTACAATGGCCGGTACAGAGGGTTGCGATGCCGTGAGGCGGGGCGAATCCCTTAAAGCCGGTCTCAG
>sq94;size=274;
CTCGTGTCGTGAGATGTTGGGTTAAGTCCCGCAACGAGCGCAACCCTTATTGTTAGTTGCCATCATTCAGTTGGGCACTCTAGCGAGACTGCCGGTAATAAACCGGAGGAAGGTGGGGATGACGTCAAATCATCATGCCCCTTATGACCTGGGCTACACACGTGCTACAATGGCTGGTACAACGAGTCGCAAGCCGGTGACGGCAAGCTAATCTCTTAAAGCCAGTCTCAGTT
>sq95;size=176;
CTCGTATCGTGAGATGTTGGGTTAAGTCCCGCAACGAGCGCAACCCCTATCTTATGTTGCCAGCACTTCGGGTGGGAACTCATGAGAGACTGCCGCAGACAATGCGGAGGAAGGCGGGGATGACGTCAAATCATCATGCCCCTTATGACCTGGGCTACACACGTACTACAATGGGAGTTAATAGACGGAAGCGAAACCGCGAGGTGGAGCAAACCCGAGAAACACTCTCTCAG
>sq96;size=4;
CTCGTGTCGTGAGATGTTGGGTTAAGTCCCGCAACGAGCGCAACCCCTGTTCTTTGTTGCCATCACGTAAAGGTGGGCACTCAAAGGAGACTGCCGCGGAGAACGCGGAGGAAGGCGGGGATGACGTCAAGTCATCATGCCCCTTATGGTCTGGGCTACACACGTACTACAATGGAACGGACAGAGAGCAGCGAACCCGCGAGGGCAAGCGAACCTCAAAAACCGTTTCCCAG
>sq97;size=49;
CTCGTGTCGTGAGATGTTGGGTTAAGTCCCGCAACGAGCGCAACCCTTGCCCTATGTTGCCAGCACGTTGTGGTGGGGACTCGTGGGGGACTGCCGGGGTTAACTCGGAGGAAGGTGGGGATGACGTCAAATCATCATGCCCCTTATGTCTTGGGCTTCACGCATGCTACAATGGTTGGTACAGAGGGTTGCGATATCGTGAGGTGGAGCGAATCCCTTAAAGCCAGTCTCAG
>sq98;size=16;
CTCGTGCCGTGAGGTGTCGGCTTAAGTGCCATAACGAGCGCAACCCCTTTTCTTAGTTGCCATCAGGTCATGCTGGGCACTCTGGGAATACTGCCACCGTAAGGTGTGAGGAAGGTGGGGATGACGTCAAATCAGCACGGCCCTTACGTCCGGGGCTACACACGTGTTACAATGGCCGGTACAGAGGGCAGGTTGCATGTAAATGCGATCGAATCTTAAAAGCCGGTCCCAGT
>sq99;size=4;
CTCGTGCCGTGAGGTGTTGGGTTAAGTCCCGCAACGAGCGCAACCCCTACTGCCAGTTACCAGCGCGTAAAGGCGGGGACTCTGGCGGAACTGCCTGCGACAAGCAGGAGGAAGGTGGGGATGACGTCAAGTCATCATGGCCCTTATGTCCAGGGCTACACACGTGCTACAATGGTTGGGACAGAGCGAAGCGAGTGCGAGAGTACAAGCAGAACGCAGAAATCCGATCGTAG
>sq100;size=39;
CTCGTGCCGTGAGGTGTCGGCTTAAGTGCCATAACGAGCGCAACCCCTTTCTTCAGTTGCCATCAGGTAATGCTGGGCACTCTGGAGATACTGCCACCGCAAGGTGTGAGGAAGGTGGGGATGACGTCAAATCAGCACGGCCCTTACGTCCGGGGCTACACACGTGTTACAATGGCCGGTACAGAGAGTTGATTTTGTGCAAACACGATCCAATCCTTAAATCCGGTCCCAGT
>sq101;size=110;
CTCGTGCCGTGAGGTGTCGGCTTAAGTGCCATAACGAGCGCAACCCCTCTCTTCAGTTGCCATCAGGTAATGCTGGGCACTCTGGAGACACTGCCACCGTAAGGTGTGAGGAAGGTGGGGATGACGTCAAATCAGCACGGCCCTTACGTCCGGGGCTACACACGTGTTACAATGGCCGGTACAGAGGGATGGTGTAATGCAAATTGCATCAAATCTTGAAAGCCGGTCCCAGT
>sq102;size=4;
CTCGTGTCGTGAGATGTTGGGTTAAGTCCCGCAACGAGCGCAACCCTTGTCTTATGTTGCCAGCACGTGATGGTGGGGACTCATGAGAGACTGCCGGGGTTAACTCGGAGGAAGGTGGGGATGACGTCAAATCATCATGCCCCTTATGTCCAGGGCTTCACACATGCTACAATGGTCGGTACAACGCGTGTGCGACACTGTGAGGTGAAGCTAATCGCTCTAAAGCCGGTCGT
>sq103;size=169;
CTCGTGTCGTGAGATGTTGGGTTAAGTCCCGCAACGAGCGCAACCCCTATAGTTAGTAGCCAGCAGTAAGATGGGCACTCTAACTAGACTGCCAGGGATAACCTGGAGGAAGGCGGGGATGACGTCAAATCATCATGCCCCTTATGACTTGGGCTACACACGTGCTACAATGGCGTAAACAAAGGGAAGCAAGAGGGCGACCTTAAGCAAATCTCAAAAATAACGTCTCAGTT
>sq104;size=102;
CTCGTGTCGTGAGATGTTGGGTTAAGTCCCGCAACGAGCGCAACCCCTATTGTTAGTTGCCATCATTCAGTTGGGCACTCTAGCGGGACTGCCGGTAATAAACCGGAGGAAGGTGGGGATGACGTCAAATCATCATGCCCCTTATGACCTGGGCTACACACGTGCTACAATGGTTGGTACAACGAGTTGCGAGTCGGTGACGGCAAGCTAATCTCTTAAAGCCAATCTCAGTT
>sq105;size=71;
CTCGTGTCGTGAGATGTTGGGTTAAGTCCCGCAACGAGCGCAACCCTTATCATTAGTTGCTACGCAAGGGCACTCTAATGAGACTGCCGGTGACAAACCGGAGGAAGGTGGGGATGACGTCAAGTCCTCATGGCCCTTATATGTAGGGCTTCACACGTCATACAATGGTCGGTACAGAGGGTTGCGAAGCCGCGAGGTGGAGCCAATCCCAAAAAACCGATCGTAGTCCGGAT
>sq106;size=34;
CTCGTGCCGTGAGGTGTCGGCTTAAGTGCCATAACGAGCGCAACCCCTGTCTTTAGTTGCCATCAGGTTAAGCTGGGCACTCTGGAGATACTGCCACCGTAAGGTGTGAGGAAGGTGGGGATGACGTCAAATCAGCACGGCCCTTACGTCCGGGGCTACACACGTGTTACAATGGCCGGTACAGAGGGACGGTGTAATGTAAATTGCATCCAATCTTGAAAGCCGGTCCCAGT
>sq107;size=25;
CTCGTGTCGTGAGATGTTGGGTTAAGTCCCGCAACGAGCGCAACCCTTGTTCACTGTTGCCAGCACGTTATGGTGGGGACTCAGTGGAGACCGCCGGGGTCAACTCGGAGGAAGGTGGGGATGACGTCAAGTCATCATGCCCCTTATGTCTTGGGCTTCACGCATGCTACAATGGTTGGTACAGAGGGTTGCGATACTGTGAGGTGGAGCGAATCCCTTAAAGCCAGTCTCAG
>sq108;size=61;
CTCGTGTCGTGAGATGTTGGGTTAAGTCCCGCAACGAGCGCAACCCCTATCTTATGTTGCCAGCACTTCGGGTGGGAACTCATGAGAGACTGCCGCAGACAATGCGGAGGAAGGCGGGGATGACGTCAAATCATCATGCCCCTTATGACCTGGGCTACACACGTACTACAATGGGAGTTAATAGACGGAAGCGAAACCACGAGGTGGAGCAAACCCGAGAAACACTCTCTCAG
>sq109;size=51;
CTCGTGTTGTGAAATGTTGGGTTAAGTCCCGCAACGAGCGCAACCCTTATCCTTTGTTGCCAGCGATTAGGTCGGGAACTCAAAGGAGACTGCCGGTGATAAACCGGAGGAAGGTGGGGATGACGTCAAGTCATCATGGCCCTTACGAGTAGGGCTACACACGTGCTACAATGGCGTATACAGAGGGAAGCGAGAGTGCGAGCTGGAGCGAATCTCACAAAGTACGTCTAAGT
>sq110;size=57;
CTCGTGTCGTGAGATGTTGGGTTAAGTCCCGCAACGAGCGCAACCCCTATCTTATGTTGCCAGCACTTCGGGTGGGAACTCATGAGAGACTGCCGCAGACAATGCGGAGGAAGGCGGGGATGACGTCAAATCATCATGCCCCTTATGACCTGGGCTACACACGTACTACAATGGGAGTTAATAGACGGAAGCAATACCGCGAGGTGGAGCAAACCCGAGAAACACTCTCTCAG
>sq111;size=123;
CTCGTGTCGTGAGATGTTGGGTTAAGTCCCGCAACGAGCGCAACCCCTATTGTTAGTTGCCATCATTCAGTTGGGCACTCTAGCGAGACTGCCGGTAATAAACCGGAGGAAGGTGGGGATGACGTCAAATCATCATGCCCCTTATGACCTGGGCTACACACGTGCTACAATGGCTGGTACAACGAGTCGCAAGTCGGTGACGGCAAGCTAATCTCTTAAAGCCAGTCTCAGTT
>sq112;size=5;
CTCGTGTCGTGAGATGTTGGGTTAAGTCCCGCAACGAGCGCAACCCTTATATCTAGTTGCCAGCAGTAAGATGGGGACTCTAGATAGACTGCCAGTGATAAACTGGAGGAAGGTGGGGATGACGTCAAATCATCATGCCCCTTATGACTTGGGCTACACACGTGCTACAATGGATAGGAACAAAGAGAAGCGAGCTCGCGAGAGTCAGCCAACCTCATAAAACTATTCTCAGT
>sq113;size=3999;
CTCGTGTCGTGAGATGTTGGGTTAAGTCCCGCAACGAGCGCAACCCTTGTTCACTGTTGCCAGCACGTTATGGTGGGGACTCAGTGGAGACCGCCGGGGTCAACTCGGAGGAAGGTGGGGATGACGTCAAGTCATCATGCCCCTTATGTCCAGGGCTTCACGCATGCTACAATGGCTGGTACAGAGAGTGGCGAGCCTGTGAGGGGGAGCGAATCTCGGAAAGCCGGGCTCAG
>sq114;size=36;
CTCGTGCCGTGAGGTGTCAGGTTAAGTCCTATAACGAGCGCAACCCCTATTGTTAGTTACCAGCACGTCATGGTGGGGACTCTAGCAGGACTGCCGGTGTAAACCGTGAGGAAGGTGGGGATGACGTCAAATCATCACGGCCCTTACATCTTGGGCTACACACGTGCTACAATGGTCGTTACAGAGAGCAGCCACTGCGTGAGCAGGAGCGAATCTATAAAGACGGTCACAGT
>sq115;size=235;
CTCGTGTCGTGAGATGTTGGGTTAAGTCCCGCAACGAGCGCAACCCTTGTTCACTGTTGCCAGCACGTTATGGTGGGGACTCAGTGGAGACCGCCGGGGTCAACTCGGAGGAAGGTGGGGATGACGTCAAGTCATCATGACCCTTATGTCCAGGGCTTCACGCATGCTACAATGGCTGGTACAGAGAGTGGCGAGCCTGTGAGGGTGAGCGAATCTCGGAAAGCCGGTCTCAG
>sq116;size=10;
CTCGTGCCGTGAGGTGTCGGCTTAAGTGCCATAACGAGCGCAACCCTTCTCCACGTTTGCCATCAGTTTAAGCTGGGCACTCCGTGGATACTGCCATCGTAAGATGTGAGGAAGGTGGGGATGACGTCAAATCAGCACGGCCCTTACGTCCGGGGCTACACACGTGTTACAATGGCCGGTACAGAGGGAAGCCACCAGGCGACTGGGCGCTGATCCATCAAAACCGGTCTCAG
