>sq1;size=8326;
TATTCACCGCGACATTGCTGATTCGCGATTACTAGCGATTCCAACTTCATGTACTCGAGTTGCAGAGTACAATCCGAACTAAGAATAGTTTTCTGAGATTAGCTCCACTTCACAGCTTTGCAACTCTCTGTTCTACCCATTGTAGCACGTGTGTAGCCCAGCGTATAAGGGGCATGATGACTTGACGTCATCCCCACCTTCCTC
>sq2;size=9278;
CATTCACCGCGACATTCTGATTCGCGATTACTAGCAACTCCGACTTCATGTAGGCGAGTTGCAGCCTACAATCCGAACTGAGATTGGTTTTTAGAGTTTCGCTTAACATCTCTATCTCGCTTCTCGTTGTACCAACCATTGTAGCACGTGTGTAGCCCAAGACATAAAGGGCATGATGATTTGACGTCATCCCCACCTTCCTCC
>sq3;size=7061;
TATTCACCGCAGCGTGCTGATCCGCGATTACTAGCGATTCCGACTTCATGTAGGCGAGTTGCAGCCTACAATCCGAACTGAGATTGGCTTTAAGAGATTAGCTTGCCGTCACCGACTCGCAACTCGTTGTACCAACCATTGTAGCACGTGTGTAGCCCAGGTCATAAGGGGCATGATGATTTGACGTCATCCCCACCTTCCTCC
>sq4;size=4810;
TATTCACCGCGACATTCTGATTCGCGATTACTAGCGATTCCAGCTTCATGTAGTCGAGTTGCAGACTACAATCCGAACTGAGAATAGTTTTGTGAGGTTTGCTTACTCTCGCGAGCTCGCTTCTCTTTGTTCCTATCCATTGTAGCACGTGTGTAGCCCAAGTCATAAGGGGCATGATGATTTGACGTCATCCCCACCTTCCTC
>sq5;size=8175;
TATTCACCGCAGCGTTGCTGATCTGCGATTACTAGCGACTCCGACTTCATGAGGTCGAGTTGCAGACCCCAATCCGAACTGAGACCGGCTTTCCGAGATTCGCTCACCCTCACAGGCTCGCCACTCTCTGTACCAGCCATTGTAGCATGCGTGAAGCCCTGGACATAAGGGGCATGATGACTTGACGTCATCCCCACCTTCCTC
>sq6;size=4957;
TATTCACCGCAGCGTTGCTGATCTGCGATTACTAGCGACTCCACCTTCATGGGGTCGAGTTGCAGACCCCAATCCGAACTGAGACTGGCTTTAAGGGATTCGCTCCACCTCACGATATCGCAACCCTCTGTACCAACCATTGTAGCATGCGTGAAGCCCAAGACATAAGGGGCATGATGATTTGACGTCATCCCCACCTTCCTC
>sq7;size=3861;
TATTCACCGCGACATTCTGATTCGCGATTACTAGCGATTCCAGCTTCATGTAGTCGAGTTGCAGACTACAATCCGAACTGAGAATAGTTTTATGAGGTTGGCTGACTCTCGCGAGCTCGCTTCTCTTTGTTCCTATCCATTGTAGCACGTGTGTAGCCCAAGTCATAAGGGGCATGATGATTTGACGTCATCCCCACCTTCCTC
>sq8;size=4053;
TATTCACCGCGGCGTGCTGATCCGCGATTACTAGCGATTCCGACTTCATGTAGGCGAGTTGCAGCCTACAATCCGAACTGAGACTGGCTTTAAGAGATTAGCTTGCCGTCACCGACTCGCGACTCGTTGTACCAGCCATTGTAGCACGTGTGTAGCCCAGGTCATAAGGGGCATGATGATTTGACGTCATCCCCACCTTCCTCC
>sq9;size=2959;
CATTCACCGCAGCATTCTGATCTGCGATTACTAGCAACTCCGACTTCATGTAGGCGAGTTTCAGCCTACAATCCGAACTGGGGCTGGTTTTTGAGCTTTGCTCCACCTTGCGGTCTTGCTTCTCTTTGTACCAGCCATTGTAGCACGTGTGTAGCCCAGAACATAAGGGGCATGATGATTTGACGTCATCCCCACCTTCCTCCG
>sq10;size=5297;
TATTCACCGCGGCGTGCTGATCCGCGATTACTAGCGATTCCGACTTCATGTAGGCGAGTTGCAGCCTACAATCCGAACTGAGACTGGCTTTCAGAGATTAGCTTGCCGTCACCGGCTTGCGACTCGTTGTACCAGCCATTGTAGCACGTGTGTAGCCCAGGTCATAAGGGGCATGATGATTTGACGTCATCCCCACCTTCCTCC
>sq11;size=4596;
TATTCACCGCGGCGTGCTGATCCGCGATTACTAGCGATTCCGACTTCATGTAGGCGAGTTGCAGCCTACAATCCGAACTGAGACTGGCTTTAAGAGATTAGCTTGCCGTCACCGGCTTGCGACTCGTTGTACCAGCCATTGTAGCACGTGTGTAGCCCAGGTCATAAGGGGCATGATGATTTGACGTCATCCCCACCTTCCTCC
>sq12;size=2010;
CATTCACCGCAGCATTCTGATCTGCGATTACTAGCAACTCCAACTTCATGTAGGCGAGTTGCAGCCTACAATCCGAACTGGGATCGGTTTTGGTGATTTGCTCCACTTCACAGTATTGCCTCTCATTGTACCGACCATTGTAGCACGTGTGTAGCCCAGAACATAAGGGGCATGATGATTTGACGTCATCCCCACCTTCCTCCG
>sq13;size=1823;
TATTCACCGCGACATTCTGATTCGCGATTACTAGCGATTCCAGCTTCATGTAGTCGAGTTGCAGACTACAATCCGAACTGAGAATAGTTTTATGAGGTTTGCTTGCTCTCGCGAGTTAGCTTCTCTTTGTTCCTATCCATTGTAGCACGTGTGTAGCCCAAGTCATAAGGGGCATGATGATTTGACGTCATCCCCGCCTTCCTC
>sq14;size=1807;
TATTCACCGCAGTATGCTGACCTGCGATTACTAGCGATTCCGACTTCACGTAGGCGAGTTGCAGCCTACGATCCGAACTGAGAGAGTGTTTCTCGGGTTTGCTCCACCTCGCGGTTTCGCTTCCGTCTATTAACTCCCATTGTAGTACGTGTGTAGCCCAGGTCATAAGGGGCATGATGATTTGACGTCATCCCCGCCTTCCTC
>sq15;size=2299;
TATTCACCGCAGCGTTGCTGATCTGCGATTACTAGCGACTCCACCTTCATGGGGTCGAGTTGCAGACCCCAATCCGAACTGAGACTGGCTTTAAGGGATTCGCTCCACCTCACAGTATCGCAACCCTCTGTACCAACCATTGTAGCATGCGTGAAGCCCAAGACATAAGGGGCATGATGATTTGACGTCATCCCCACCTTCCTC
>sq16;size=1860;
TATTCACCGCGGCGTGCTGATCCGCGATTACTAGCGATTCCGACTTCATGTAGGCGAGTTGCAGCCTACAATCCGAACTGAGATTGGCTTTAAGAGATTAGCTTGCCGTCACCGACTCGCAACTCGTTGTACCAACCATTGTAGCACGTGTGTAGCCCAGGTCATAAGGGGCATGATGATTTGACGTCATCCCCACCTTCCTCC
>sq17;size=2314;
TATTCACCGCAGCGTTGCTGATCTGCGATTACTAGCGACTCCGACTTCATGAGGTCGAGTTGCAGACCCCAATCCGAACTGAGACCGGCTTTCCGAGATTCGCTCACCCTCACAGGCTCGCAACTCTTTGTACCAGCCATTGTAGCATGCGTGAAGCCCTGGACATAAGGGGCATGATGACTTGACGTCATCCCCACCTTCCTC
>sq18;size=1442;
TATTCACCGCAGCATGCTGATCTGCGATTACTAGCGATTCCAGCTTCGTGTAGTCGGGTTGCAGACTACAGTCCGAACTGAGACGTTATTTTTGAGATTTGCTTAAGGTCACCCTCTTGCTTCCCTTTGTTTACGCCATTGTAGCACGTGTGTAGCCCAAGTCATAAGGGGCATGATGATTTGACGTCATCCCCGCCTTCCTCC
>sq19;size=1289;
TATTCACCGCAGCATTGCTGATCTGCGATTACTAGCGACTCCGACTTCATGGGGTCGAGTTGCAGACCCCAATCCGAACTAAGGCCGGCTTTCAGCGATTCGCTCCACCTCACAGTGTCGCTGCGCGTTGTACCGACCATTGTAGCATGTGTGAAGCCCTGGACATAAGGGGCATGATGATTTGACGTCATCCCCACCTTCCTC
>sq20;size=1487;
TATTCACCGCGGCGTGCTGATCCGCGATTACTAGCGATTCCGACTTCATGTAGGCGAGTTGCAGCCTACAATCCGAACTGAGACTGGCTTTAAGAGATTAGCTTGCCGTCACCGACTTGCAACTCGTTGTACCAGCCATTGTAGCACGTGTGTAGCCCAGGTCATAAGGGGCATGATGATTTGACGTCATCCCCACCTTCCTCC
>sq21;size=1331;
TATTCACCGCGGCGTGCTGATCCGCGATTACTAGCGATTCCGGCTTCATGTAGGCGAGTTGCAGCCTACAATCCGAACTGAGAATGGCTTTAAGAGATTCGCTTACCCTCGCGAGTTCGCTGCTCGTTGTACCATCCATTGTAGCACGTGTGTAGCCCAAGTCATAAGGGGCATGATGATTTGACGTCATCCCCACCTTCCTCC
>sq22;size=1932;
TATTCACCGCAGCGTTGCTGATCTGCGATTACTAGCGACTCCGACTTCATGAGGTCGAGTTGCAGACCCCAATCCGAACTGAGACCGGCTTTCCGAGATTCGCTCACCCTTACAGGCTCGCCACTCTCTGTACCAGCCATTGTAGCATGCGTGAAGCCCTGGACATAAGGGGCATGATGACTTGACGTCATCCCCACCTTCCTC
>sq23;size=950;
TATTCACCGCAACATGCTGATCTGCGATTACTAGCGATTCCGACTTCAAGAAGGCGAGTTTCAGCCTTCTATCCGAACTGGGACTGGCTTTGGTGCGATTTGCTTCACATCACTGCTTCGCTTCGCATTGTACCAGCCATTGTAGCGCGATTCTAGCCCAAGGCGTAAGGGAAATACTGACCTGACATCATCCCCTCCTTCCTC
>sq24;size=769;
TATTCACCGCGACATGCTGATTCGCGATTACTAGCAATTCCAGCTTCGTGCAGTCGAGTTGCAGACTGCAGTCCGAACTGAGACGTTATTTTTGAGCTTTGCTTAAACTCGCGTTCTCGCTTCTCTTTGTTAACGCCATTGTAGCACGTGTGTTGCCCAAATCATAAGGGGCATGATGATTTGACGTCATCCCCGCCTTCCTCC
>sq25;size=612;
TATTCACCGCGACATTGCTGATTCGCGATTACTAGCGATTCCAACTTCATGTACTCGAGTTGCAGAGTACAATCCGAACTAAGAATAGTTTTCTGAGATTAGCTTCACCTCACGGCTTTGCAACTCTCTGTTCTACCCATTGTAGCACGTGTGTAGCCCAGCGTATAAGGGGCATGATGACTTGACGTCATCCCCACCTTCCTC
>sq26;size=496;
TATTCACCGCAACATTCTGATTTGCGATTACTAGCGATTCCAGCTTCATGTAGTCGAGTTGCAGACTACAATCCGAACTGAGGCAGCCTTTCTGAGATTTGCTCCGATTCACATCTTCGCTTCCCTCTGTAACTGCCATTGTAGCACGTGTGTAGCCCCGGTCATAAGGGGCATGATGATTTGACGTCATCCCCGCCTTCCTCC
>sq27;size=508;
TATTCACCGCGGCATTCTGATCCGCGATTACTAGCGATTCCAGCTTCATGAAGTCGAGTTGCAGACTTCAATCCGAACTGAGACTGTCTTTTAGTGATTCGCTTCCTATCGCTAGGTCGCTGCACGTTGTAACAGCCATTGTAGTACGTGTGTAGCCCAGGCCATAAGGGGCATGATGATTTGACGTCATCCCCACCTTCCTCC
>sq28;size=561;
TATTCACCGCGGCGTGCTGATCCGCGATTACTAGCGATTCCGACTTCATGTAGGCGAGTTGCAGCCTACAATCCGAACTGAGACTGGCTTTAAGAGATTAGCTTGCCGTCACCGACTTGCGACTCGTTGTACCAGCCATTGTAGCACGTGTGTAGCCCAGGTCATAAGGGGCATGATGATTTGACGTCATCCCCACCTTCCTCC
>sq29;size=402;
TATTCACCGCGGCATGCTGATCCGCGATTACTAGCGATTCCAACTTCATGGAGTCGAGTTGCAGACTCCAATCCGAACTGAGACTATCTTTCAGTGATTCGCTTCTGTTCGCACAGTCGCTCCACGTTGTAATAGCCATTGTAGTACGTGTGTAGCCCAGGCCATAAGGGGCATGATGATTTGACGTCATCCCCACCTTCCTCC
>sq30;size=416;
TATTCACCGCGACATTCTGATTCGCGATTACTAGCGATTCCAGCTTCATGTAGTCGAGTTGCAGACTACAATCCGAACTGAGAATAGTTTTGTGAGGTTTGCTTACTCTCGCGAGCTCGCTTCTCTTTGTTCCTATCCATTGTAGCACGTGTATAGCCCAAGTCATAAGGGGCATGATGATTTGACGTCATCCCCACCTTCCTC
>sq31;size=386;
CATTCACCGCGACATTCTGATTCGCGATTACTAGCAACTCCGACTTCATGTAGGCGAGTTGCAGCCTACAATCCGAACTGAGATTGGTTTTTAGAGTTTTGCTTAACATCACTGTCTAGCTTCTCGTTGTACCAACCATTGTAGCACGTGTGTAGCCCAAGACATAAAGGGCATGATGATTTGACGTCATCCCCACCTTCCTCC
>sq32;size=330;
TATTCACCGCGGCATTCTGATCCGCGATTACTAGCGATTCCGACTTCATGGAGTCGAGTTGCAGACTCCAATCCGGACTACGATCGGCTTTTTGAGATTAGCATCCTATCGCTAGGTAGCAACCCTTTGTACCGACCATTGTAGCACGTGTGTAGCCCTGGTCGTAAGGGCCATGATGACTTGACGTCGTCCCCGCCTTCCTCC
>sq33;size=366;
CATTCACCGCAGCATTCTGATCTGCGATTACTAGCAACTCCGACTTCATGTTCTCGAGTTGCAGAGAACAATCCGAACTGAGACCGTCTTTTTGAGGTTTGCTTGACCTTGCGATTTCGCTTCTCTTTGTTACGGCCATTGTAGCACGTGTGTTGCCCAGGGCATATAGGGCATGATGATTTGACGTCATCCCCACCTTCCTCC
>sq34;size=241;
TATTCACCGCAACTTGCTGATTTGCGATTACTAGCGATTCCGACTTCATGCAGGCGAGTTTCAGCCTACAATCCGAACTGGGACTAGCTTTGATGCGATTTGCTTCACCTCGCGGCTTCGCTGCGCATTGTACTAGCCATTGTATTACGTTTCTAGCCCAGGACGTAAGGGAAATACTGACCTGACATCATCCCCTCCTTCCTC
>sq35;size=191;
CATTCACCGCAGCATTCTGATCTGCGATTACTAGCAACTCCGACTTCATGTAGGCGAGTTGCAGCCTACAATCCGAACTGGGATCGGTTTTGGTGTTTCGCTCCACTTCGCAGTATTGCATCTCATTGTACCGACCATTGTAGCACGTGTGTAGCCCAGAACATAAGGGGCATGATGATTTGACGTCATCCCCACCTTCCTCCG
>sq36;size=361;
TATTCACCGCGCCATGGCTGATGCGCGATTACTAGCGAATCCAGCTTCGTGGGGTCGGGTTGCAGACCCCAGTCCGAACTGGGACCGGCTTTCAAGATTTGATGCAATTTGCATTACACCATCCCTCTGTACCGGCCATTGTAACACGTGTGTAGCCCCGGACGTAAGGGCCGTGCTGATTTGACGTCATCCCCACCTTCCTCA
>sq37;size=171;
TATTCACCGCGCCATGGCTGATGCGCGATTACTAGCGAATCCGGCTTCGTGGAGTCGGGTTGCAGACTCCAGTCCGAACTGAGGCCGGGTTTCGGGATCAGCATCCTGTCGCCAGGTAGCTTCCTGCTGCTCCGACCATTGTAACACGTGTGTAGCCCCGGACGTAAGGGCCGTGCTGATTTGACGTCATCCCCACCTTCCTCC
>sq38;size=179;
TATTCACCGCGACATTCTGATCCGCGATTACTAGCGATTCCGACTTCACGCAGTCGAGTTGCAGACTGCGATCCGGACTACGATCGGGTTTCTGAGATTGGCTCCCCCTCGCGGGTTGGCGACCCTCTGTCCCGACCATTGTATGACGTGTGAAGCCCTACCCATAAGGGCCATGAGGACTTGACGTCATCCCCACCTTCCTCC
>sq39;size=227;
TATTCACCGCGCCATGGCTGATGCGCGATTACTAGCGAATCCAGCTTCGTGGGGTCGGGTTGCAGACCCCAGTCCGAACTGGGACCGGCTTTCAAGATTAGATGCAATTTACATTACACCGTCCCTCTGTACCGGCCATTGTAACACGTGTGTAGCCCCGGACGTAAGGGCCGTGCTGATTTGACGTCATCCCCACCTTCCTCA
>sq40;size=154;
TATTCACCGCGCCATGGCTGATGCGCGATTACTAGCGAATCCAGCTTCGTGGGGTCGGGTTGCAGACCCCAGTCCGAACTGAGGGAGGCTTTCATGATTTGAATGACCTTGCGGGCATCCTGCTCGCTGTACCCCCCATTGTAACACGTGTGTAGCCCCGGACGTAAGGGCCGTGCTGATTTGACGTCATCCCCACCTTCCTCA
>sq41;size=205;
TATTCACCGCGCCATGGCTGATGCGCGATTACTAGCGAATCCAGCTTCGTGGGGTCGGGTTGCAGACCCCAGTCCGAACTGGGACCGGATTTAAGGATTAGATCGTGTTTGCACACAACCAACTCTCTGTACCGGCCATTGTAACACGTGTGTAGCCCCGGACGTAAGGGCCGTGCTGATTTGACGTCATCCCCACCTTCCTCA
>sq42;size=102;
TATTCACCGCAGCGTTGCTGATCTGCGATTACTAGCGACTCCGACTTCATGGGGTCGAGTTGCAGACCCCAATCCGAACTGAGACCGGCTTTTAGGGATTAGCTCCACCTCACAGTATCGCAACCCTCTGTACCGGCCATTGTAGCATGCGTGAAGCCCAAGACATAAGGGGCATGATGATTTGACGTCATCCCCACCTTCCTC
>sq43;size=71;
TATTCACCGCGGCATGCTGATCCGCGATTACTAGCGATTCCAGCTTCATGCACTCGAGTTGCAGAGTGCAATCCGGACTACGATCGGTTTTCTGGGATTAGCTCCCCCTCGCGGGTTGGCAACCCTCTGTTCCGACCATTGTATGACGTGTGAAGCCCTACCCATAAGGGCCATGAGGACTTGACGTCATCCCCACCTTCCTCC
>sq44;size=48;
TATTCACCGCAACGTTCTGATTTGCGATTACTAGCGATTCCGACTTCATGGAGTCGAGTTGCAGACTCCAATCCGGACTACGAACGGTTTTACGGGATTAGCTCCACCTCGCGGTTTGGCAACCCTTTGTACCGCCCATTGTAGCACGTGTGTAGCCCAGGTCGTAAGGGCCATGATGACTTGACGTCATCCCCACCTTCCTCC
>sq45;size=71;
TATTCACCGCAGCGTTGCTGATCTGCGATTACTAGCGACTCCAACTTCACGGTGTCGAGTTGCAGACACCGATCCGAACTGAGACCGGCTTTAAGGGATTCGCTCCACCTCACGGTATCGCAGCCCTCTGTACCGGCCATTGTAGCATGCGTGAAGCCCAAGACATAAGGGGCATGATGATTTGACGTCATCCCCACCTTCCTC
>sq46;size=100;
TATTCACCGCGCCATGGCTGATGCGCGATTACTAGCGAATCCAGCTTCACGGAGTCGGGTTGCAGACTCCGATCCGAACTGAGAGAGGTTTTAAAGATTAGCATCCCGTCGCCGGGTAGCGGCCTTCTGTACCCCCCATTGTAACACGTGTGTAGCCCCGGACGTAAGGGCCGTGCTGATTTGACGTCATCCCCACCTTCCTCA
>sq47;size=59;
TATTCACCGCGGCAAGCTGATCCGCGATTACTAGCGATTCCGACTTCACGCAGTCGAGTTGCAGACTACGATCCGGACTACGACCGGGTTTCTGGGATTAGCTCCCCCTCGCGGGTTGGCAGCCCTCTGTCCCGGCCATTGTATGACGTGTGTAGCCCTACCCATAAGGGCCATGATGACCTGACGTCATCCCCACCTTCCTCC
>sq48;size=52;
TATTCATCGCGGTATGCTGACCCGCGATTACTAGCGATTCCTGCTTCACGCAGGCGAGTTGCAGCCTGCGATCTGAACTGGGGGCTTGTTTTTGAGTTTCGCTCCACCTCGCGGTTTCGCTGCTCTTTGTTAAAGCCCATTGTAGTACGTGTGTAGCCCAAGTCATAAGGGGCATGATGACTTGACGTCATCCCCACCTTCCTC
>sq49;size=59;
TATTCACCGCAGCGTTGCTGATCTGCGATTACTAGCGACTCCGACTTCATGGGGTCGAGTTGCAGACCCCAATCCGAACTGAGACCGGCTTTAAGAGATTCGCTCCGCCTCACGGCATCGCAGCCCTCTGTACCGGCCATTGTAGCATGTGTGAAGCCCTGGACATAAGGGGCATGATGATTTGACGTCATCCCCACCTTCCTC
>sq50;size=33;
CATTCACCGCGACATTCTGATCCGCGATTACTAGCAACTCCGGCTTCGTGCAGGCGAGTTGCAGCCTGCAGTCCGAACTGGGACCGCCTTTTTGGTTTCGCTTAAGATCGCTCTCTCGCTTCCCTCTGTGACGGCCATTGTAGCACGTGTGTAGCCCAGAACATAAGGGGCATGATGATTTGACGTCATCCCCGCCTTCCTCCG
>sq51;size=68;
TATTCACCGCAGCGTTGCTGATCTGCGATTACTAGCGACTCCGACTTCATGAGGTCGAGTTGCAGACCTCAATCCGAACTGGGACCGGCTTTTTGGGATTCGCTCCACCTTGCGGTATTGCAGCCCATTGTACCGGCCATTGTAGCATGCGTGAAGCCCAAGACATAAGGGGCATGATGATTTGACGTCATCCTCACCTTCCTC
>sq52;size=14;
TATTCACCGCAGTATGCTGACCTGCGATTACTAGCGATTCCGACTTCATGCAGGCGAGTTGCAGCCTGCAATCCGAACTGAGAAACGGTTTTTGAGATTCGCTTAAGATCACTCTCTCGCTGCCCTCTGTCCGTCCCATTGTAGTACGTGTGTAGCCCAGACCATAAGGGGCATGATGACTTGACGTCATCCCCGCCTTCCTCC
>sq53;size=9;
TATTCACCGCGGCATGCTGATCCGCGATTACTAGCGATTCCGACTTCATGCTCTCGAGTTGCAGAGAACAATCCGAACTGAGACGACTTTTAGGGATTGGCTCATCATCGCTGACTTGCAGCCCTCTGTAGTCGCCATTGTAGCACGTGTGTAGCCCACCTTGTAAGGGCCATGAGGACTTGACGTCATCCCCGCCTTCCTCCG
>sq54;size=13;
TATTCACCGCGCCATGGCTGATGCGCGATTACTAGCGATTCCAGCTTCATAGAGTCGAGTTGCAGACTCCAATCCGAACTGAGACCGGCTTTCGAGATTCGCATCTATTCACATAGTAGCTGCCCTCTGTACCGGCCATTGTATTACGTGTGTGGCCCAAGACGTAAGGGCCGTGATGATTTGACGTCATCCCCACCTTCCTCT
>sq55;size=5;
GATTCACCGCCGTATGGCTGACCGGCGATTACTAGCGATTCCGGCTTCATGCAGGCGAGTTGCAGCCTGCAATCCGAACTGAGGCCGGGTTTTTGAGGTTAGCTTGCCCTCGCGGGGTCGCGACCCTTTGTCCCGGTCATTGTAGCACGTGTGTCGCCCAGGGCGTAAGGGGCATGATGACTTGACGTCATCCTCACCTTCCTC
>sq56;size=98;
TATTCACCGCAGTATGCTGACCTGCGATTACTAGCGATTCCGACTTCACGTAGGCGAGTTGCAGCCTACGATCCGAACTGAGAGAGTGTTTCTCGGGTTTGCTCCACCTCGCGGTATTGCTTCCGTCTATTAACTCCCATTGTAGTACGTGTGTAGCCCAGGTCATAAGGGGCATGATGATTTGACGTCATCCCCGCCTTCCTC
>sq57;size=370;
TATTCACCGCGACATTGCTGATTCGCGATTACTAGCGATTCCAACTTCATGTACTCGAGTTGCAGAGTACAATCCGAACTAAGAATAGTTTTCTGAGATTAGCTCCACTTCACAGCTTTGCAACTCTCTGTTCTACCCATTGTAGCACGTGTGTAGCCCAGCGTATAAGGGGCATGATGACTTAACGTCATCCCCACCTTCCTC
>sq58;size=65;
TATTCACCGCGCCATGGCTGATGCGCGATTACTAGCGAATCCAGCTTCACGGAGTCGGGTTGCAGACTCCGATCCGAACTGAGAGAGGTTTTAAAGATTAGCATCCTGTCACCAGGTAGCGACCTTCTGTACCCCCCATTGTAACACGTGTGTAGCCCCGGACGTAAGGGCCGTGCTGATTTGACGTCATCCCCACCTTCCTCA
>sq59;size=16;
TATTCACCGCGACATTCTGATTCGCGATTACTAGCGATTCCGACTTCACGCAGTCGAGTTGCAGACTGCGATCCGGACTACGATCGGTTTTGTGAGATTAGCTCCACCTCGCGGCTTGGCAACCCTCTGTACCGACCATTGTAGCACGTGTGTAGCCCAGGCCGTAAGGGCCATGATGACTTGACGTCATCCCCACCTTCCTCC
>sq60;size=7;
TATTCACCGCAGTATGCTGACCTGCGATTACTAGCGATTCCTGCTTCATGTAGGCGAGTTGCAGCCTACAATCCGAACTGAGACTCTGTTTTTGGGGTTTGCTCCGGATCGCTCCTTCGCTTCCCTCTATTAAGAGCCATTGTAGTACGTGTGTAGCCCAAGCCATAAGGGGCATGATGACTTGACGTCATCCCCGCCTTCCTC
>sq61;size=82;
TATTCACCGCAGCGTTGCTGATCTGCGATTACTAGCGACTCCACCTTCATGGGGTCGAGTTGCAGACCCCAATCCGAACTGAGACCGGCTTTAAGGGATTCGCTCCACCTCACAGTATCGCAACCCTCTGTACCAGCCATTGTAGCATGCGTGAAGCCCAAGACATAAGGGGCATGATGATTTGACGTCATCCCCACCTTCCTC
>sq62;size=177;
TATTCACCGCGCCATGGCTGATGCGCGATTACTAGCGAATCCAGCTTCGTGGGGTCGGGTTGCAGACCCCAGTCCGAACTGGGACCGGATTTAAGGATTAGATCGTGTTTGCACACGACCGACTCTCTGTACCGGCCATTGTAACACGTGTGTAGCCCCGGACGTAAGGGCCGTGCTGATTTGACGTCATCCCCACCTTCCTCA
>sq63;size=86;
TATTCACCGCGCCATGGCTGATGCGCGATTACTAGCGAATCCGGCTTCGTGGAGTCGGGTTGCAGACTCCAGTCCGAACTGAGGCCGGGTTTTGGGATCAGCATCCTGTTGCCAGGTAGCTTCCTGCTGCTCCGACCATTGTAACACGTGTGTAGCCCCGGACGTAAGGGCCGTGCTGATTTGACGTCATCCCCACCTTCCTCC
>sq64;size=149;
TATTCACCGCAGCATGCTGATCTGCGATTACTAGCGATTCCAGCTTCGTGTAGTCGGGTTGCAGACTACAGTCCGAACTGAGACGTTATTTTTGAGATTTGCTTAAGGTCACCCTCTCGCTTCCCTTTGTTTACGCCATTGTAGCACGTGTGTAGCCCAAGTCATAAGGGGCATGATGATTTGACGTCATCCCCGCCTTCCTCC
>sq65;size=130;
TATTCACCGCGCCATGGCTGATGCGCGATTACTAGCGAATCCAGCTTCGTGGGGTCGGGTTGCAGACCCCAGTCCGAACTGGGACCGGATTTAAGGATTAGATCGTGTTTGCACAAAATCAACTCTCTGTACCGGCCATTGTAACACGTGTGTAGCCCCGGACGTAAGGGCCGTGCTGATTTGACGTCATCCCCACCTTCCTCA
>sq66;size=131;
TATTCACCGCGGCGTGCTGATCCGCGATTACTAGCGATTCCGACTTCATGTAGGCGAGTTGCAGCCTACAATCCGAACTGAGACTGGCTTTAAGAGATTAGCTTGTCGTCACCGACTTGCGACTCGTTGTACCAGCCATTGTAGCACGTGTGTAGCCCAGGTCATAAGGGGCATGATGATTTGACGTCATCCCCACCTTCCTCC
>sq67;size=16;
TATTCACCGCAGCGTTGCTGATCTGCGATTACTAGCGACTCCACCTTCATGGTGTCGAGTTGCAGACACCAATCCGAACTGAGACCAGCTTTAAGGGATTAGCTCCACCTCACAGTATCGCAACCCTCTGTACCGGCCATTGTAGCATGCGTGAAGCCCAAGACATAAGGGGCATGATGATTTGACGTCATCCCCACCTTCCTC
>sq68;size=8;
TATTCACCGGATCATGGCTGATATCCGATTACTAGCGATTCCAGCTTCACGGAGTCGAGTTGCAGACTCCGATCCGAACTGTGATCGTCTTTATAGATTCGCTCCTGCTCACGCAGTGGCTGCTCTCTGTAACGACCATTGTAGCACGTGTGTAGCCCAAGATGTAAGGGCCGTGATGATTTGACGTCATCCCCACCTTCCTCC
>sq69;size=14;
TATTCACCGCGCCATGGCTGATGCGCGATTACTAGCGAATCCAGCTTCGTGGGGTCGGGTTGCAGACCCCAGTCCGAACTGAGGCCGGATTTAGGGATTGGGCCGGGCTCGCGCCCGGACGACTCTCTGTACCGGCCATTGTAACACGTGTGTAGCCCCGGACGTAAGGGCCGTGCTGATTTGACGTCATCCCCACCTTCCTCA
>sq70;size=4;
TATTCACCGCAACATTCTGATTTGCGATTACTAGCGATTCCGACTTCATGGAGTCGAGTTGCAGACTCCAATCCGGACTTAGACGTACTTTGTGAGATTCGCTCCAGCTCGCACTCTCGCTTCCCTCTGTATACGCCATTGTAGCACGTGTGTAGCCCTACTCGTAAGGGCCATGATGACTTGACGTCATCCCCACCTTCCTCC
>sq71;size=146;
TATTCACCGCAGCGTTGCTGATTTGCGATTACTAGCGACTCCACCTTCATGGGGTCGAGTTGCAGACCCCAATCCGAACTGAGACTGGCTTTAAGGGATTCGCTCCACCTCACGATATCGCAACCCTCTGTACCAACCATTGTAGCATGCGTGAAGCCCAAGACATAAGGGGCATGATGATTTGACGTCATCCCCACCTTCCTC
>sq72;size=5;
TATTCACCGCGGCATTCTGATCCGCGATTACTAGCGATTCCGACTTCATGGAGTCGAGTTGCAGACTCCAATCCGGACTACGATAGGCTTTTTGAGATTAGCATCACATCGCTGTGTAGCAACCCTCTGTACCTACCATTGTAGCACGTGTGTAGCCCTGGTCGTAAGGGCCATGATGACTTGACGTCGTCCCCGCCTTCCTCC
>sq73;size=280;
TATTCACCGCGGCATGCTGATCCGCGATTACTAGCGATTCCGACTTCATGCAGGCGGGTTGCAGCCTGCAATCCGAACTGGGGACGGCTTTATGGGATTCGCTTGCCATCGCTGGCTCGCTGCTCTCTGTACCGCCCATTGTAGCACGTGTGTAGCCCAGGGGATAAAGGGCATGATGATTTGACGTCATCCCCACCTTCCTCC
>sq74;size=6;
TATTCACCGCGCCATGGCTGATGCGCGATTACTAGCGAATCCAGCTTCACGGAGTCGAGTTGCAGACTCCGATCCGAACTGTGATAAGGTTTAGAGATTCGCATCCTGTCGCCAGGTAGCTGCCCTTTGTCCTTACCATTGTAACACGTGTGTCGCCCCGGATGTAAGGGCCGTGCTGATTTGACGTCATCCCCACCTTCCTCC
>sq75;size=52;
TATTCACCGCGACATTGCTGATTCGCGATTACTAGCGATTCCAACTTCATGTACTCGAGTTGCAGAGTACAATCCGAACTAAGAATAGTTTTCTGAGACTAGCTCCACTTCACAGCTTTGCAACTCTCTGTTCTACCCATTGTAGCACGTGTGTAGCCCAGCGTATAAGGGGCATGATGACTTAACGTCATCCCCACCTTCCTC
>sq76;size=6;
TATTCACCGCGGCATTCTGATCCGCGATTACTAGCGATTCCGACTTCATGGAGTCGAGTTGCAGACTCCAATCCGGACTACGACCGGCTTTGAGAGATTAGCTCCGCCTCGCGACTTCGCAACCCTCTGTACCGACCATTGTAGCACGTGTGTAGCCCAGCCCGTAAGGGCCATGATGACTTGACGTCGTCCCCACCTTCCTCC
